Archive member included to satisfy reference by file (symbol)

C:\Users\omara\OneDrive\Desktop\2024 S1 Files\MATRX2700 Assembly Examples\STMF3disco-BSP\Debug\libSTMF3disco-BSP.a(stm32f3_discovery_gyroscope.o)
                              ./Core/Src/initialise.o (BSP_GYRO_Init)
C:\Users\omara\OneDrive\Desktop\2024 S1 Files\MATRX2700 Assembly Examples\STMF3disco-BSP\Debug\libSTMF3disco-BSP.a(i3g4250d.o)
                              C:\Users\omara\OneDrive\Desktop\2024 S1 Files\MATRX2700 Assembly Examples\STMF3disco-BSP\Debug\libSTMF3disco-BSP.a(stm32f3_discovery_gyroscope.o) (I3g4250Drv)
C:\Users\omara\OneDrive\Desktop\2024 S1 Files\MATRX2700 Assembly Examples\STMF3disco-BSP\Debug\libSTMF3disco-BSP.a(l3gd20.o)
                              C:\Users\omara\OneDrive\Desktop\2024 S1 Files\MATRX2700 Assembly Examples\STMF3disco-BSP\Debug\libSTMF3disco-BSP.a(stm32f3_discovery_gyroscope.o) (L3gd20Drv)
C:\Users\omara\OneDrive\Desktop\2024 S1 Files\MATRX2700 Assembly Examples\STMF3disco-BSP\Debug\libSTMF3disco-BSP.a(stm32f3_discovery.o)
                              C:\Users\omara\OneDrive\Desktop\2024 S1 Files\MATRX2700 Assembly Examples\STMF3disco-BSP\Debug\libSTMF3disco-BSP.a(i3g4250d.o) (GYRO_IO_Init)
C:/ST/STM32CubeIDE_1.14.1/STM32CubeIDE/plugins/com.st.stm32cube.ide.mcu.externaltools.gnu-tools-for-stm32.11.3.rel1.win32_1.1.100.202309141235/tools/bin/../lib/gcc/arm-none-eabi/11.3.1/../../../../arm-none-eabi/lib/thumb/v7e-m+fp/hard\libc_nano.a(libc_a-exit.o)
                              C:/ST/STM32CubeIDE_1.14.1/STM32CubeIDE/plugins/com.st.stm32cube.ide.mcu.externaltools.gnu-tools-for-stm32.11.3.rel1.win32_1.1.100.202309141235/tools/bin/../lib/gcc/arm-none-eabi/11.3.1/../../../../arm-none-eabi/lib/thumb/v7e-m+fp/hard/crt0.o (exit)
C:/ST/STM32CubeIDE_1.14.1/STM32CubeIDE/plugins/com.st.stm32cube.ide.mcu.externaltools.gnu-tools-for-stm32.11.3.rel1.win32_1.1.100.202309141235/tools/bin/../lib/gcc/arm-none-eabi/11.3.1/../../../../arm-none-eabi/lib/thumb/v7e-m+fp/hard\libc_nano.a(libc_a-rand.o)
                              ./Core/Src/headsUp.o (rand)
C:/ST/STM32CubeIDE_1.14.1/STM32CubeIDE/plugins/com.st.stm32cube.ide.mcu.externaltools.gnu-tools-for-stm32.11.3.rel1.win32_1.1.100.202309141235/tools/bin/../lib/gcc/arm-none-eabi/11.3.1/../../../../arm-none-eabi/lib/thumb/v7e-m+fp/hard\libc_nano.a(libc_a-findfp.o)
                              C:/ST/STM32CubeIDE_1.14.1/STM32CubeIDE/plugins/com.st.stm32cube.ide.mcu.externaltools.gnu-tools-for-stm32.11.3.rel1.win32_1.1.100.202309141235/tools/bin/../lib/gcc/arm-none-eabi/11.3.1/../../../../arm-none-eabi/lib/thumb/v7e-m+fp/hard\libc_nano.a(libc_a-exit.o) (__stdio_exit_handler)
C:/ST/STM32CubeIDE_1.14.1/STM32CubeIDE/plugins/com.st.stm32cube.ide.mcu.externaltools.gnu-tools-for-stm32.11.3.rel1.win32_1.1.100.202309141235/tools/bin/../lib/gcc/arm-none-eabi/11.3.1/../../../../arm-none-eabi/lib/thumb/v7e-m+fp/hard\libc_nano.a(libc_a-fwalk.o)
                              C:/ST/STM32CubeIDE_1.14.1/STM32CubeIDE/plugins/com.st.stm32cube.ide.mcu.externaltools.gnu-tools-for-stm32.11.3.rel1.win32_1.1.100.202309141235/tools/bin/../lib/gcc/arm-none-eabi/11.3.1/../../../../arm-none-eabi/lib/thumb/v7e-m+fp/hard\libc_nano.a(libc_a-findfp.o) (_fwalk_sglue)
C:/ST/STM32CubeIDE_1.14.1/STM32CubeIDE/plugins/com.st.stm32cube.ide.mcu.externaltools.gnu-tools-for-stm32.11.3.rel1.win32_1.1.100.202309141235/tools/bin/../lib/gcc/arm-none-eabi/11.3.1/../../../../arm-none-eabi/lib/thumb/v7e-m+fp/hard\libc_nano.a(libc_a-sprintf.o)
                              ./Core/Src/headsUp.o (sprintf)
C:/ST/STM32CubeIDE_1.14.1/STM32CubeIDE/plugins/com.st.stm32cube.ide.mcu.externaltools.gnu-tools-for-stm32.11.3.rel1.win32_1.1.100.202309141235/tools/bin/../lib/gcc/arm-none-eabi/11.3.1/../../../../arm-none-eabi/lib/thumb/v7e-m+fp/hard\libc_nano.a(libc_a-stdio.o)
                              C:/ST/STM32CubeIDE_1.14.1/STM32CubeIDE/plugins/com.st.stm32cube.ide.mcu.externaltools.gnu-tools-for-stm32.11.3.rel1.win32_1.1.100.202309141235/tools/bin/../lib/gcc/arm-none-eabi/11.3.1/../../../../arm-none-eabi/lib/thumb/v7e-m+fp/hard\libc_nano.a(libc_a-findfp.o) (__sread)
C:/ST/STM32CubeIDE_1.14.1/STM32CubeIDE/plugins/com.st.stm32cube.ide.mcu.externaltools.gnu-tools-for-stm32.11.3.rel1.win32_1.1.100.202309141235/tools/bin/../lib/gcc/arm-none-eabi/11.3.1/../../../../arm-none-eabi/lib/thumb/v7e-m+fp/hard\libc_nano.a(libc_a-memset.o)
                              C:/ST/STM32CubeIDE_1.14.1/STM32CubeIDE/plugins/com.st.stm32cube.ide.mcu.externaltools.gnu-tools-for-stm32.11.3.rel1.win32_1.1.100.202309141235/tools/bin/../lib/gcc/arm-none-eabi/11.3.1/../../../../arm-none-eabi/lib/thumb/v7e-m+fp/hard/crt0.o (memset)
C:/ST/STM32CubeIDE_1.14.1/STM32CubeIDE/plugins/com.st.stm32cube.ide.mcu.externaltools.gnu-tools-for-stm32.11.3.rel1.win32_1.1.100.202309141235/tools/bin/../lib/gcc/arm-none-eabi/11.3.1/../../../../arm-none-eabi/lib/thumb/v7e-m+fp/hard\libc_nano.a(libc_a-closer.o)
[...]
Memory Configuration

Name             Origin             Length             Attributes
CCMRAM           0x0000000010000000 0x0000000000002000 xrw
RAM              0x0000000020000000 0x000000000000a000 xrw
FLASH            0x0000000008000000 0x0000000000040000 xr
*default*        0x0000000000000000 0xffffffffffffffff

Linker script and memory map

LOAD C:/ST/STM32CubeIDE_1.14.1/STM32CubeIDE/plugins/com.st.stm32cube.ide.mcu.externaltools.gnu-tools-for-stm32.11.3.rel1.win32_1.1.100.202309141235/tools/bin/../lib/gcc/arm-none-eabi/11.3.1/thumb/v7e-m+fp/hard/crti.o
LOAD C:/ST/STM32CubeIDE_1.14.1/STM32CubeIDE/plugins/com.st.stm32cube.ide.mcu.externaltools.gnu-tools-for-stm32.11.3.rel1.win32_1.1.100.202309141235/tools/bin/../lib/gcc/arm-none-eabi/11.3.1/thumb/v7e-m+fp/hard/crtbegin.o
LOAD C:/ST/STM32CubeIDE_1.14.1/STM32CubeIDE/plugins/com.st.stm32cube.ide.mcu.externaltools.gnu-tools-for-stm32.11.3.rel1.win32_1.1.100.202309141235/tools/bin/../lib/gcc/arm-none-eabi/11.3.1/../../../../arm-none-eabi/lib/thumb/v7e-m+fp/hard/crt0.o
LOAD ./Core/Src/digital_io.o
LOAD ./Core/Src/gyroscope.o
LOAD ./Core/Src/headsUp.o
LOAD ./Core/Src/initialise.o
LOAD ./Core/Src/led_display.o
LOAD ./Core/Src/main.o
LOAD ./Core/Src/serial.o
LOAD ./Core/Src/serialise.o
LOAD ./Core/Src/stm32f3xx_hal_msp.o
LOAD ./Core/Src/stm32f3xx_it.o
LOAD ./Core/Src/syscalls.o
LOAD ./Core/Src/sysmem.o
LOAD ./Core/Src/system_stm32f3xx.o
LOAD ./Core/Src/timers.o
LOAD ./Core/Startup/startup_stm32f303vctx.o
LOAD ./Drivers/STM32F3xx_HAL_Driver/Src/stm32f3xx_hal.o
LOAD ./Drivers/STM32F3xx_HAL_Driver/Src/stm32f3xx_hal_cortex.o
LOAD ./Drivers/STM32F3xx_HAL_Driver/Src/stm32f3xx_hal_dma.o
LOAD ./Drivers/STM32F3xx_HAL_Driver/Src/stm32f3xx_hal_exti.o
LOAD ./Drivers/STM32F3xx_HAL_Driver/Src/stm32f3xx_hal_flash.o
LOAD ./Drivers/STM32F3xx_HAL_Driver/Src/stm32f3xx_hal_flash_ex.o
LOAD ./Drivers/STM32F3xx_HAL_Driver/Src/stm32f3xx_hal_gpio.o
LOAD ./Drivers/STM32F3xx_HAL_Driver/Src/stm32f3xx_hal_i2c.o
LOAD ./Drivers/STM32F3xx_HAL_Driver/Src/stm32f3xx_hal_i2c_ex.o
LOAD ./Drivers/STM32F3xx_HAL_Driver/Src/stm32f3xx_hal_pcd.o
LOAD ./Drivers/STM32F3xx_HAL_Driver/Src/stm32f3xx_hal_pcd_ex.o
LOAD ./Drivers/STM32F3xx_HAL_Driver/Src/stm32f3xx_hal_pwr.o
LOAD ./Drivers/STM32F3xx_HAL_Driver/Src/stm32f3xx_hal_pwr_ex.o
LOAD ./Drivers/STM32F3xx_HAL_Driver/Src/stm32f3xx_hal_rcc.o
LOAD ./Drivers/STM32F3xx_HAL_Driver/Src/stm32f3xx_hal_rcc_ex.o
LOAD ./Drivers/STM32F3xx_HAL_Driver/Src/stm32f3xx_hal_spi.o
LOAD ./Drivers/STM32F3xx_HAL_Driver/Src/stm32f3xx_hal_spi_ex.o
LOAD ./Drivers/STM32F3xx_HAL_Driver/Src/stm32f3xx_hal_tim.o
LOAD ./Drivers/STM32F3xx_HAL_Driver/Src/stm32f3xx_hal_tim_ex.o
LOAD ./Drivers/STM32F3xx_HAL_Driver/Src/stm32f3xx_ll_usb.o
LOAD C:\Users\omara\OneDrive\Desktop\2024 S1 Files\MATRX2700 Assembly Examples\STMF3disco-BSP\Debug\libSTMF3disco-BSP.a
START GROUP
LOAD C:/ST/STM32CubeIDE_1.14.1/STM32CubeIDE/plugins/com.st.stm32cube.ide.mcu.externaltools.gnu-tools-for-stm32.11.3.rel1.win32_1.1.100.202309141235/tools/bin/../lib/gcc/arm-none-eabi/11.3.1/../../../../arm-none-eabi/lib/thumb/v7e-m+fp/hard\libc_nano.a
LOAD C:/ST/STM32CubeIDE_1.14.1/STM32CubeIDE/plugins/com.st.stm32cube.ide.mcu.externaltools.gnu-tools-for-stm32.11.3.rel1.win32_1.1.100.202309141235/tools/bin/../lib/gcc/arm-none-eabi/11.3.1/../../../../arm-none-eabi/lib/thumb/v7e-m+fp/hard\libm.a
END GROUP
START GROUP
LOAD C:/ST/STM32CubeIDE_1.14.1/STM32CubeIDE/plugins/com.st.stm32cube.ide.mcu.externaltools.gnu-tools-for-stm32.11.3.rel1.win32_1.1.100.202309141235/tools/bin/../lib/gcc/arm-none-eabi/11.3.1/thumb/v7e-m+fp/hard\libgcc.a
LOAD C:/ST/STM32CubeIDE_1.14.1/STM32CubeIDE/plugins/com.st.stm32cube.ide.mcu.externaltools.gnu-tools-for-stm32.11.3.rel1.win32_1.1.100.202309141235/tools/bin/../lib/gcc/arm-none-eabi/11.3.1/../../../../arm-none-eabi/lib/thumb/v7e-m+fp/hard\libc_nano.a
END GROUP
START GROUP
LOAD C:/ST/STM32CubeIDE_1.14.1/STM32CubeIDE/plugins/com.st.stm32cube.ide.mcu.externaltools.gnu-tools-for-stm32.11.3.rel1.win32_1.1.100.202309141235/tools/bin/../lib/gcc/arm-none-eabi/11.3.1/thumb/v7e-m+fp/hard\libgcc.a
LOAD C:/ST/STM32CubeIDE_1.14.1/STM32CubeIDE/plugins/com.st.stm32cube.ide.mcu.externaltools.gnu-tools-for-stm32.11.3.rel1.win32_1.1.100.202309141235/tools/bin/../lib/gcc/arm-none-eabi/11.3.1/../../../../arm-none-eabi/lib/thumb/v7e-m+fp/hard\libc_nano.a
LOAD C:/ST/STM32CubeIDE_1.14.1/STM32CubeIDE/plugins/com.st.stm32cube.ide.mcu.externaltools.gnu-tools-for-stm32.11.3.rel1.win32_1.1.100.202309141235/tools/bin/../lib/gcc/arm-none-eabi/11.3.1/../../../../arm-none-eabi/lib/thumb/v7e-m+fp/hard\libnosys.a
END GROUP
START GROUP
LOAD C:/ST/STM32CubeIDE_1.14.1/STM32CubeIDE/plugins/com.st.stm32cube.ide.mcu.externaltools.gnu-tools-for-stm32.11.3.rel1.win32_1.1.100.202309141235/tools/bin/../lib/gcc/arm-none-eabi/11.3.1/thumb/v7e-m+fp/hard\libgcc.a
LOAD C:/ST/STM32CubeIDE_1.14.1/STM32CubeIDE/plugins/com.st.stm32cube.ide.mcu.externaltools.gnu-tools-for-stm32.11.3.rel1.win32_1.1.100.202309141235/tools/bin/../lib/gcc/arm-none-eabi/11.3.1/../../../../arm-none-eabi/lib/thumb/v7e-m+fp/hard\libc_nano.a
LOAD C:/ST/STM32CubeIDE_1.14.1/STM32CubeIDE/plugins/com.st.stm32cube.ide.mcu.externaltools.gnu-tools-for-stm32.11.3.rel1.win32_1.1.100.202309141235/tools/bin/../lib/gcc/arm-none-eabi/11.3.1/../../../../arm-none-eabi/lib/thumb/v7e-m+fp/hard\libnosys.a
END GROUP
LOAD C:/ST/STM32CubeIDE_1.14.1/STM32CubeIDE/plugins/com.st.stm32cube.ide.mcu.externaltools.gnu-tools-for-stm32.11.3.rel1.win32_1.1.100.202309141235/tools/bin/../lib/gcc/arm-none-eabi/11.3.1/thumb/v7e-m+fp/hard/crtend.o
LOAD C:/ST/STM32CubeIDE_1.14.1/STM32CubeIDE/plugins/com.st.stm32cube.ide.mcu.externaltools.gnu-tools-for-stm32.11.3.rel1.win32_1.1.100.202309141235/tools/bin/../lib/gcc/arm-none-eabi/11.3.1/thumb/v7e-m+fp/hard/crtn.o
                0x000000002000a000                _estack = (ORIGIN (RAM) + LENGTH (RAM))
                0x0000000000000200                _Min_Heap_Size = 0x200
                0x0000000000000400                _Min_Stack_Size = 0x400

.isr_vector     0x0000000008000000      0x188
                0x0000000008000000                . = ALIGN (0x4)
 *(.isr_vector)
 .isr_vector    0x0000000008000000      0x188 ./Core/Startup/startup_stm32f303vctx.o
                0x0000000008000000                g_pfnVectors
                0x0000000008000188                . = ALIGN (0x4)

.text           0x0000000008000190     0x5dac
                0x0000000008000190                . = ALIGN (0x4)
 *(.text)
 .text          0x0000000008000190       0x40 C:/ST/STM32CubeIDE_1.14.1/STM32CubeIDE/plugins/com.st.stm32cube.ide.mcu.externaltools.gnu-tools-for-stm32.11.3.rel1.win32_1.1.100.202309141235/tools/bin/../lib/gcc/arm-none-eabi/11.3.1/thumb/v7e-m+fp/hard/crtbegin.o
 .text          0x00000000080001d0       0xa0 C:/ST/STM32CubeIDE_1.14.1/STM32CubeIDE/plugins/com.st.stm32cube.ide.mcu.externaltools.gnu-tools-for-stm32.11.3.rel1.win32_1.1.100.202309141235/tools/bin/../lib/gcc/arm-none-eabi/11.3.1/../../../../arm-none-eabi/lib/thumb/v7e-m+fp/hard\libc_nano.a(libc_a-memchr.o)
                0x00000000080001d0                memchr
 *(.text*)
 .text.set_leds
                0x0000000008000270       0x24 ./Core/Src/digital_io.o
                0x0000000008000270                set_leds
 .text.correct_leds
                0x0000000008000294       0x1c ./Core/Src/digital_io.o
                0x0000000008000294                correct_leds
 .text.incorrect_leds
                0x00000000080002b0       0x1c ./Core/Src/digital_io.o
                0x00000000080002b0                incorrect_leds
 .text.end_leds
                0x00000000080002cc       0x1c ./Core/Src/digital_io.o
                0x00000000080002cc                end_leds
 .text.get_gyro_values
                0x00000000080002e8       0x2c ./Core/Src/gyroscope.o
                0x00000000080002e8                get_gyro_values
 .text.randomWord
                0x0000000008000314       0xbc ./Core/Src/headsUp.o
                0x0000000008000314                randomWord
 .text.set_timesUp
                0x00000000080003d0       0x28 ./Core/Src/headsUp.o
                0x00000000080003d0                set_timesUp
 .text.headsUp  0x00000000080003f8      0x220 ./Core/Src/headsUp.o
                0x00000000080003f8                headsUp
 .text.initialise_board
                0x0000000008000618       0x80 ./Core/Src/initialise.o
                0x0000000008000618                initialise_board
 .text.SystemClock_Config
                0x0000000008000698       0xc4 ./Core/Src/initialise.o
                0x0000000008000698                SystemClock_Config
 .text.MX_I2C1_Init
                0x000000000800075c       0x80 ./Core/Src/initialise.o
 .text.MX_SPI1_Init
                0x00000000080007dc       0x7c ./Core/Src/initialise.o
 .text.MX_USB_PCD_Init
                0x0000000008000858       0x44 ./Core/Src/initialise.o
 .text.MX_GPIO_Init
                0x000000000800089c       0xfc ./Core/Src/initialise.o
 .text.Error_Handler
                0x0000000008000998        0xa ./Core/Src/initialise.o
                0x0000000008000998                Error_Handler
 *fill*         0x00000000080009a2        0x2 
 .text.main     0x00000000080009a4      0x180 ./Core/Src/main.o
                0x00000000080009a4                main
 .text.SerialInitialise
                0x0000000008000b24      0x10c ./Core/Src/serial.o
                0x0000000008000b24                SerialInitialise
 .text.SerialOutputChar
                0x0000000008000c30       0x32 ./Core/Src/serial.o
                0x0000000008000c30                SerialOutputChar
 .text.SerialOutputString
                0x0000000008000c62       0x48 ./Core/Src/serial.o
                0x0000000008000c62                SerialOutputString
 *fill*         0x0000000008000caa        0x2 
 .text.HAL_MspInit
                0x0000000008000cac       0x48 ./Core/Src/stm32f3xx_hal_msp.o
                0x0000000008000cac                HAL_MspInit
 .text.HAL_I2C_MspInit
                0x0000000008000cf4       0x88 ./Core/Src/stm32f3xx_hal_msp.o
                0x0000000008000cf4                HAL_I2C_MspInit
 .text.HAL_SPI_MspInit
                0x0000000008000d7c       0x84 ./Core/Src/stm32f3xx_hal_msp.o
                0x0000000008000d7c                HAL_SPI_MspInit
 .text.HAL_SPI_MspDeInit
                0x0000000008000e00       0x38 ./Core/Src/stm32f3xx_hal_msp.o
                0x0000000008000e00                HAL_SPI_MspDeInit
 .text.HAL_PCD_MspInit
                0x0000000008000e38       0x88 ./Core/Src/stm32f3xx_hal_msp.o
                0x0000000008000e38                HAL_PCD_MspInit
 .text.NMI_Handler
                0x0000000008000ec0        0x6 ./Core/Src/stm32f3xx_it.o
                0x0000000008000ec0                NMI_Handler
 .text.HardFault_Handler
                0x0000000008000ec6        0x6 ./Core/Src/stm32f3xx_it.o
                0x0000000008000ec6                HardFault_Handler
 .text.MemManage_Handler
                0x0000000008000ecc        0x6 ./Core/Src/stm32f3xx_it.o
                0x0000000008000ecc                MemManage_Handler
 .text.BusFault_Handler
                0x0000000008000ed2        0x6 ./Core/Src/stm32f3xx_it.o
                0x0000000008000ed2                BusFault_Handler
 .text.UsageFault_Handler
                0x0000000008000ed8        0x6 ./Core/Src/stm32f3xx_it.o
                0x0000000008000ed8                UsageFault_Handler
 .text.SVC_Handler
                0x0000000008000ede        0xe ./Core/Src/stm32f3xx_it.o
                0x0000000008000ede                SVC_Handler
 .text.DebugMon_Handler
                0x0000000008000eec        0xe ./Core/Src/stm32f3xx_it.o
                0x0000000008000eec                DebugMon_Handler
 .text.PendSV_Handler
                0x0000000008000efa        0xe ./Core/Src/stm32f3xx_it.o
                0x0000000008000efa                PendSV_Handler
 .text.SysTick_Handler
                0x0000000008000f08        0xc ./Core/Src/stm32f3xx_it.o
                0x0000000008000f08                SysTick_Handler
 .text._getpid  0x0000000008000f14       0x10 ./Core/Src/syscalls.o
                0x0000000008000f14                _getpid
 .text._kill    0x0000000008000f24       0x20 ./Core/Src/syscalls.o
                0x0000000008000f24                _kill
 .text._exit    0x0000000008000f44       0x14 ./Core/Src/syscalls.o
                0x0000000008000f44                _exit
 .text._read    0x0000000008000f58       0x3a ./Core/Src/syscalls.o
                0x0000000008000f58                _read
 .text._write   0x0000000008000f92       0x38 ./Core/Src/syscalls.o
                0x0000000008000f92                _write
 .text._close   0x0000000008000fca       0x18 ./Core/Src/syscalls.o
                0x0000000008000fca                _close
 .text._fstat   0x0000000008000fe2       0x20 ./Core/Src/syscalls.o
                0x0000000008000fe2                _fstat
 .text._isatty  0x0000000008001002       0x16 ./Core/Src/syscalls.o
                0x0000000008001002                _isatty
 .text._lseek   0x0000000008001018       0x1a ./Core/Src/syscalls.o
                0x0000000008001018                _lseek
 *fill*         0x0000000008001032        0x2 
 .text._sbrk    0x0000000008001034       0x6c ./Core/Src/sysmem.o
                0x0000000008001034                _sbrk
 .text.SystemInit
                0x00000000080010a0       0x24 ./Core/Src/system_stm32f3xx.o
                0x00000000080010a0                SystemInit
 .text.__NVIC_EnableIRQ
                0x00000000080010c4       0x3c ./Core/Src/timers.o
 .text.__NVIC_SetPriority
                0x0000000008001100       0x54 ./Core/Src/timers.o
 .text.enable_interrupt
                0x0000000008001154       0x32 ./Core/Src/timers.o
                0x0000000008001154                enable_interrupt
 *fill*         0x0000000008001186        0x2 
 .text.TIM2_IRQHandler
                0x0000000008001188       0x38 ./Core/Src/timers.o
                0x0000000008001188                TIM2_IRQHandler
 .text.game_timer
                0x00000000080011c0       0xc4 ./Core/Src/timers.o
                0x00000000080011c0                game_timer
 .text.delay    0x0000000008001284       0x64 ./Core/Src/timers.o
                0x0000000008001284                delay
 .text.Reset_Handler
                0x00000000080012e8       0x50 ./Core/Startup/startup_stm32f303vctx.o
                0x00000000080012e8                Reset_Handler
 .text.Default_Handler
                0x0000000008001338        0x2 ./Core/Startup/startup_stm32f303vctx.o
                0x0000000008001338                RTC_Alarm_IRQHandler
                0x0000000008001338                TIM8_TRG_COM_IRQHandler
                0x0000000008001338                TIM8_CC_IRQHandler
                0x0000000008001338                TIM1_CC_IRQHandler
                0x0000000008001338                USB_HP_IRQHandler
                0x0000000008001338                PVD_IRQHandler
                0x0000000008001338                TAMP_STAMP_IRQHandler
                0x0000000008001338                EXTI3_IRQHandler
                0x0000000008001338                USB_HP_CAN_TX_IRQHandler
                0x0000000008001338                EXTI0_IRQHandler
                0x0000000008001338                I2C2_EV_IRQHandler
                0x0000000008001338                FPU_IRQHandler
                0x0000000008001338                TIM1_UP_TIM16_IRQHandler
                0x0000000008001338                ADC1_2_IRQHandler
                0x0000000008001338                SPI1_IRQHandler
                0x0000000008001338                CAN_SCE_IRQHandler
                0x0000000008001338                TIM6_DAC_IRQHandler
                0x0000000008001338                TIM8_UP_IRQHandler
                0x0000000008001338                DMA2_Channel2_IRQHandler
                0x0000000008001338                DMA1_Channel4_IRQHandler
                0x0000000008001338                USART3_IRQHandler
                0x0000000008001338                DMA1_Channel7_IRQHandler
                0x0000000008001338                UART5_IRQHandler
                0x0000000008001338                ADC3_IRQHandler
                0x0000000008001338                TIM4_IRQHandler
                0x0000000008001338                CAN_RX1_IRQHandler
                0x0000000008001338                DMA2_Channel1_IRQHandler
                0x0000000008001338                I2C1_EV_IRQHandler
                0x0000000008001338                DMA1_Channel6_IRQHandler
                0x0000000008001338                UART4_IRQHandler
                0x0000000008001338                DMA2_Channel4_IRQHandler
                0x0000000008001338                TIM3_IRQHandler
                0x0000000008001338                RCC_IRQHandler
                0x0000000008001338                DMA1_Channel1_IRQHandler
                0x0000000008001338                Default_Handler
                0x0000000008001338                USBWakeUp_RMP_IRQHandler
                0x0000000008001338                EXTI15_10_IRQHandler
                0x0000000008001338                TIM7_IRQHandler
                0x0000000008001338                EXTI9_5_IRQHandler
                0x0000000008001338                RTC_WKUP_IRQHandler
                0x0000000008001338                SPI2_IRQHandler
                0x0000000008001338                USB_LP_CAN_RX0_IRQHandler
                0x0000000008001338                DMA2_Channel5_IRQHandler
                0x0000000008001338                DMA1_Channel5_IRQHandler
                0x0000000008001338                USB_LP_IRQHandler
                0x0000000008001338                EXTI4_IRQHandler
                0x0000000008001338                TIM1_TRG_COM_TIM17_IRQHandler
                0x0000000008001338                DMA1_Channel3_IRQHandler
                0x0000000008001338                ADC4_IRQHandler
                0x0000000008001338                WWDG_IRQHandler
                0x0000000008001338                COMP7_IRQHandler
                0x0000000008001338                COMP1_2_3_IRQHandler
                0x0000000008001338                EXTI1_IRQHandler
                0x0000000008001338                USART2_IRQHandler
                0x0000000008001338                COMP4_5_6_IRQHandler
                0x0000000008001338                I2C2_ER_IRQHandler
                0x0000000008001338                DMA1_Channel2_IRQHandler
                0x0000000008001338                TIM8_BRK_IRQHandler
                0x0000000008001338                FLASH_IRQHandler
                0x0000000008001338                USART1_IRQHandler
                0x0000000008001338                SPI3_IRQHandler
                0x0000000008001338                I2C1_ER_IRQHandler
                0x0000000008001338                USBWakeUp_IRQHandler
                0x0000000008001338                DMA2_Channel3_IRQHandler
                0x0000000008001338                EXTI2_TSC_IRQHandler
                0x0000000008001338                TIM1_BRK_TIM15_IRQHandler
 *fill*         0x000000000800133a        0x2 
 .text.HAL_Init
                0x000000000800133c       0x2c ./Drivers/STM32F3xx_HAL_Driver/Src/stm32f3xx_hal.o
                0x000000000800133c                HAL_Init
 .text.HAL_InitTick
                0x0000000008001368       0x60 ./Drivers/STM32F3xx_HAL_Driver/Src/stm32f3xx_hal.o
                0x0000000008001368                HAL_InitTick
 .text.HAL_IncTick
                0x00000000080013c8       0x28 ./Drivers/STM32F3xx_HAL_Driver/Src/stm32f3xx_hal.o
                0x00000000080013c8                HAL_IncTick
 .text.HAL_GetTick
                0x00000000080013f0       0x18 ./Drivers/STM32F3xx_HAL_Driver/Src/stm32f3xx_hal.o
                0x00000000080013f0                HAL_GetTick
 .text.__NVIC_SetPriorityGrouping
                0x0000000008001408       0x48 ./Drivers/STM32F3xx_HAL_Driver/Src/stm32f3xx_hal_cortex.o
 .text.__NVIC_GetPriorityGrouping
                0x0000000008001450       0x1c ./Drivers/STM32F3xx_HAL_Driver/Src/stm32f3xx_hal_cortex.o
 .text.__NVIC_SetPriority
                0x000000000800146c       0x54 ./Drivers/STM32F3xx_HAL_Driver/Src/stm32f3xx_hal_cortex.o
 .text.NVIC_EncodePriority
                0x00000000080014c0       0x66 ./Drivers/STM32F3xx_HAL_Driver/Src/stm32f3xx_hal_cortex.o
 *fill*         0x0000000008001526        0x2 
 .text.SysTick_Config
                0x0000000008001528       0x44 ./Drivers/STM32F3xx_HAL_Driver/Src/stm32f3xx_hal_cortex.o
 .text.HAL_NVIC_SetPriorityGrouping
                0x000000000800156c       0x16 ./Drivers/STM32F3xx_HAL_Driver/Src/stm32f3xx_hal_cortex.o
                0x000000000800156c                HAL_NVIC_SetPriorityGrouping
 .text.HAL_NVIC_SetPriority
                0x0000000008001582       0x38 ./Drivers/STM32F3xx_HAL_Driver/Src/stm32f3xx_hal_cortex.o
                0x0000000008001582                HAL_NVIC_SetPriority
 .text.HAL_SYSTICK_Config
                0x00000000080015ba       0x18 ./Drivers/STM32F3xx_HAL_Driver/Src/stm32f3xx_hal_cortex.o
                0x00000000080015ba                HAL_SYSTICK_Config
 *fill*         0x00000000080015d2        0x2 
 .text.HAL_GPIO_Init
                0x00000000080015d4      0x2f4 ./Drivers/STM32F3xx_HAL_Driver/Src/stm32f3xx_hal_gpio.o
                0x00000000080015d4                HAL_GPIO_Init
 .text.HAL_GPIO_DeInit
                0x00000000080018c8      0x1b8 ./Drivers/STM32F3xx_HAL_Driver/Src/stm32f3xx_hal_gpio.o
                0x00000000080018c8                HAL_GPIO_DeInit
 .text.HAL_GPIO_WritePin
                0x0000000008001a80       0x30 ./Drivers/STM32F3xx_HAL_Driver/Src/stm32f3xx_hal_gpio.o
                0x0000000008001a80                HAL_GPIO_WritePin
 .text.HAL_I2C_Init
                0x0000000008001ab0      0x11e ./Drivers/STM32F3xx_HAL_Driver/Src/stm32f3xx_hal_i2c.o
                0x0000000008001ab0                HAL_I2C_Init
 .text.HAL_I2CEx_ConfigAnalogFilter
                0x0000000008001bce       0x96 ./Drivers/STM32F3xx_HAL_Driver/Src/stm32f3xx_hal_i2c_ex.o
                0x0000000008001bce                HAL_I2CEx_ConfigAnalogFilter
 .text.HAL_I2CEx_ConfigDigitalFilter
                0x0000000008001c64       0x98 ./Drivers/STM32F3xx_HAL_Driver/Src/stm32f3xx_hal_i2c_ex.o
                0x0000000008001c64                HAL_I2CEx_ConfigDigitalFilter
 .text.HAL_PCD_Init
                0x0000000008001cfc      0x1a4 ./Drivers/STM32F3xx_HAL_Driver/Src/stm32f3xx_hal_pcd.o
                0x0000000008001cfc                HAL_PCD_Init
 .text.HAL_RCC_OscConfig
                0x0000000008001ea0     0x107c ./Drivers/STM32F3xx_HAL_Driver/Src/stm32f3xx_hal_rcc.o
                0x0000000008001ea0                HAL_RCC_OscConfig
 .text.HAL_RCC_ClockConfig
                0x0000000008002f1c      0x2f8 ./Drivers/STM32F3xx_HAL_Driver/Src/stm32f3xx_hal_rcc.o
                0x0000000008002f1c                HAL_RCC_ClockConfig
 .text.HAL_RCC_GetSysClockFreq
                0x0000000008003214       0xd4 ./Drivers/STM32F3xx_HAL_Driver/Src/stm32f3xx_hal_rcc.o
                0x0000000008003214                HAL_RCC_GetSysClockFreq
 .text.HAL_RCCEx_PeriphCLKConfig
                0x00000000080032e8      0x360 ./Drivers/STM32F3xx_HAL_Driver/Src/stm32f3xx_hal_rcc_ex.o
                0x00000000080032e8                HAL_RCCEx_PeriphCLKConfig
 .text.HAL_SPI_Init
                0x0000000008003648      0x156 ./Drivers/STM32F3xx_HAL_Driver/Src/stm32f3xx_hal_spi.o
                0x0000000008003648                HAL_SPI_Init
 .text.HAL_SPI_DeInit
                0x000000000800379e       0x50 ./Drivers/STM32F3xx_HAL_Driver/Src/stm32f3xx_hal_spi.o
                0x000000000800379e                HAL_SPI_DeInit
 .text.HAL_SPI_TransmitReceive
                0x00000000080037ee      0x444 ./Drivers/STM32F3xx_HAL_Driver/Src/stm32f3xx_hal_spi.o
                0x00000000080037ee                HAL_SPI_TransmitReceive
 .text.HAL_SPI_GetState
                0x0000000008003c32       0x1c ./Drivers/STM32F3xx_HAL_Driver/Src/stm32f3xx_hal_spi.o
                0x0000000008003c32                HAL_SPI_GetState
 *fill*         0x0000000008003c4e        0x2 
 .text.SPI_WaitFlagStateUntilTimeout
                0x0000000008003c50      0x110 ./Drivers/STM32F3xx_HAL_Driver/Src/stm32f3xx_hal_spi.o
 .text.SPI_WaitFifoStateUntilTimeout
                0x0000000008003d60      0x12c ./Drivers/STM32F3xx_HAL_Driver/Src/stm32f3xx_hal_spi.o
 .text.SPI_EndRxTxTransaction
                0x0000000008003e8c       0x8c ./Drivers/STM32F3xx_HAL_Driver/Src/stm32f3xx_hal_spi.o
 .text.USB_DisableGlobalInt
                0x0000000008003f18       0x36 ./Drivers/STM32F3xx_HAL_Driver/Src/stm32f3xx_ll_usb.o
                0x0000000008003f18                USB_DisableGlobalInt
 .text.USB_DevInit
                0x0000000008003f4e       0x42 ./Drivers/STM32F3xx_HAL_Driver/Src/stm32f3xx_ll_usb.o
                0x0000000008003f4e                USB_DevInit
 .text.BSP_GYRO_Init
                0x0000000008003f90      0x16c C:\Users\omara\OneDrive\Desktop\2024 S1 Files\MATRX2700 Assembly Examples\STMF3disco-BSP\Debug\libSTMF3disco-BSP.a(stm32f3_discovery_gyroscope.o)
                0x0000000008003f90                BSP_GYRO_Init
 .text.BSP_GYRO_GetXYZ
                0x00000000080040fc       0x28 C:\Users\omara\OneDrive\Desktop\2024 S1 Files\MATRX2700 Assembly Examples\STMF3disco-BSP\Debug\libSTMF3disco-BSP.a(stm32f3_discovery_gyroscope.o)
                0x00000000080040fc                BSP_GYRO_GetXYZ
 .text.I3G4250D_Init
                0x0000000008004124       0x46 C:\Users\omara\OneDrive\Desktop\2024 S1 Files\MATRX2700 Assembly Examples\STMF3disco-BSP\Debug\libSTMF3disco-BSP.a(i3g4250d.o)
                0x0000000008004124                I3G4250D_Init
 .text.I3G4250D_DeInit
                0x000000000800416a        0xe C:\Users\omara\OneDrive\Desktop\2024 S1 Files\MATRX2700 Assembly Examples\STMF3disco-BSP\Debug\libSTMF3disco-BSP.a(i3g4250d.o)
                0x000000000800416a                I3G4250D_DeInit
 .text.I3G4250D_ReadID
                0x0000000008004178       0x20 C:\Users\omara\OneDrive\Desktop\2024 S1 Files\MATRX2700 Assembly Examples\STMF3disco-BSP\Debug\libSTMF3disco-BSP.a(i3g4250d.o)
                0x0000000008004178                I3G4250D_ReadID
 .text.I3G4250D_RebootCmd
                0x0000000008004198       0x30 C:\Users\omara\OneDrive\Desktop\2024 S1 Files\MATRX2700 Assembly Examples\STMF3disco-BSP\Debug\libSTMF3disco-BSP.a(i3g4250d.o)
                0x0000000008004198                I3G4250D_RebootCmd
 .text.I3G4250D_LowPower
                0x00000000080041c8       0x2a C:\Users\omara\OneDrive\Desktop\2024 S1 Files\MATRX2700 Assembly Examples\STMF3disco-BSP\Debug\libSTMF3disco-BSP.a(i3g4250d.o)
                0x00000000080041c8                I3G4250D_LowPower
 .text.I3G4250D_INT1InterruptConfig
                0x00000000080041f2       0x86 C:\Users\omara\OneDrive\Desktop\2024 S1 Files\MATRX2700 Assembly Examples\STMF3disco-BSP\Debug\libSTMF3disco-BSP.a(i3g4250d.o)
                0x00000000080041f2                I3G4250D_INT1InterruptConfig
 .text.I3G4250D_EnableIT
                0x0000000008004278       0x64 C:\Users\omara\OneDrive\Desktop\2024 S1 Files\MATRX2700 Assembly Examples\STMF3disco-BSP\Debug\libSTMF3disco-BSP.a(i3g4250d.o)
                0x0000000008004278                I3G4250D_EnableIT
 .text.I3G4250D_DisableIT
                0x00000000080042dc       0x58 C:\Users\omara\OneDrive\Desktop\2024 S1 Files\MATRX2700 Assembly Examples\STMF3disco-BSP\Debug\libSTMF3disco-BSP.a(i3g4250d.o)
                0x00000000080042dc                I3G4250D_DisableIT
 .text.I3G4250D_FilterConfig
                0x0000000008004334       0x42 C:\Users\omara\OneDrive\Desktop\2024 S1 Files\MATRX2700 Assembly Examples\STMF3disco-BSP\Debug\libSTMF3disco-BSP.a(i3g4250d.o)
                0x0000000008004334                I3G4250D_FilterConfig
 .text.I3G4250D_FilterCmd
                0x0000000008004376       0x42 C:\Users\omara\OneDrive\Desktop\2024 S1 Files\MATRX2700 Assembly Examples\STMF3disco-BSP\Debug\libSTMF3disco-BSP.a(i3g4250d.o)
                0x0000000008004376                I3G4250D_FilterCmd
 .text.I3G4250D_ReadXYZAngRate
                0x00000000080043b8      0x158 C:\Users\omara\OneDrive\Desktop\2024 S1 Files\MATRX2700 Assembly Examples\STMF3disco-BSP\Debug\libSTMF3disco-BSP.a(i3g4250d.o)
                0x00000000080043b8                I3G4250D_ReadXYZAngRate
 .text.L3GD20_Init
                0x0000000008004510       0x46 C:\Users\omara\OneDrive\Desktop\2024 S1 Files\MATRX2700 Assembly Examples\STMF3disco-BSP\Debug\libSTMF3disco-BSP.a(l3gd20.o)
                0x0000000008004510                L3GD20_Init
 .text.L3GD20_DeInit
                0x0000000008004556        0xe C:\Users\omara\OneDrive\Desktop\2024 S1 Files\MATRX2700 Assembly Examples\STMF3disco-BSP\Debug\libSTMF3disco-BSP.a(l3gd20.o)
                0x0000000008004556                L3GD20_DeInit
 .text.L3GD20_ReadID
                0x0000000008004564       0x20 C:\Users\omara\OneDrive\Desktop\2024 S1 Files\MATRX2700 Assembly Examples\STMF3disco-BSP\Debug\libSTMF3disco-BSP.a(l3gd20.o)
                0x0000000008004564                L3GD20_ReadID
 .text.L3GD20_RebootCmd
                0x0000000008004584       0x30 C:\Users\omara\OneDrive\Desktop\2024 S1 Files\MATRX2700 Assembly Examples\STMF3disco-BSP\Debug\libSTMF3disco-BSP.a(l3gd20.o)
                0x0000000008004584                L3GD20_RebootCmd
 .text.L3GD20_LowPower
                0x00000000080045b4       0x2a C:\Users\omara\OneDrive\Desktop\2024 S1 Files\MATRX2700 Assembly Examples\STMF3disco-BSP\Debug\libSTMF3disco-BSP.a(l3gd20.o)
                0x00000000080045b4                L3GD20_LowPower
 .text.L3GD20_INT1InterruptConfig
                0x00000000080045de       0x86 C:\Users\omara\OneDrive\Desktop\2024 S1 Files\MATRX2700 Assembly Examples\STMF3disco-BSP\Debug\libSTMF3disco-BSP.a(l3gd20.o)
                0x00000000080045de                L3GD20_INT1InterruptConfig
 .text.L3GD20_EnableIT
                0x0000000008004664       0x64 C:\Users\omara\OneDrive\Desktop\2024 S1 Files\MATRX2700 Assembly Examples\STMF3disco-BSP\Debug\libSTMF3disco-BSP.a(l3gd20.o)
                0x0000000008004664                L3GD20_EnableIT
 .text.L3GD20_DisableIT
                0x00000000080046c8       0x58 C:\Users\omara\OneDrive\Desktop\2024 S1 Files\MATRX2700 Assembly Examples\STMF3disco-BSP\Debug\libSTMF3disco-BSP.a(l3gd20.o)
                0x00000000080046c8                L3GD20_DisableIT
 .text.L3GD20_FilterConfig
                0x0000000008004720       0x42 C:\Users\omara\OneDrive\Desktop\2024 S1 Files\MATRX2700 Assembly Examples\STMF3disco-BSP\Debug\libSTMF3disco-BSP.a(l3gd20.o)
                0x0000000008004720                L3GD20_FilterConfig
 .text.L3GD20_FilterCmd
                0x0000000008004762       0x42 C:\Users\omara\OneDrive\Desktop\2024 S1 Files\MATRX2700 Assembly Examples\STMF3disco-BSP\Debug\libSTMF3disco-BSP.a(l3gd20.o)
                0x0000000008004762                L3GD20_FilterCmd
 .text.L3GD20_ReadXYZAngRate
                0x00000000080047a4      0x158 C:\Users\omara\OneDrive\Desktop\2024 S1 Files\MATRX2700 Assembly Examples\STMF3disco-BSP\Debug\libSTMF3disco-BSP.a(l3gd20.o)
                0x00000000080047a4                L3GD20_ReadXYZAngRate
 .text.SPIx_Init
                0x00000000080048fc       0x78 C:\Users\omara\OneDrive\Desktop\2024 S1 Files\MATRX2700 Assembly Examples\STMF3disco-BSP\Debug\libSTMF3disco-BSP.a(stm32f3_discovery.o)
 .text.SPIx_WriteRead
                0x0000000008004974       0x40 C:\Users\omara\OneDrive\Desktop\2024 S1 Files\MATRX2700 Assembly Examples\STMF3disco-BSP\Debug\libSTMF3disco-BSP.a(stm32f3_discovery.o)
 .text.SPIx_Error
                0x00000000080049b4       0x18 C:\Users\omara\OneDrive\Desktop\2024 S1 Files\MATRX2700 Assembly Examples\STMF3disco-BSP\Debug\libSTMF3disco-BSP.a(stm32f3_discovery.o)
 .text.SPIx_MspInit
                0x00000000080049cc       0x68 C:\Users\omara\OneDrive\Desktop\2024 S1 Files\MATRX2700 Assembly Examples\STMF3disco-BSP\Debug\libSTMF3disco-BSP.a(stm32f3_discovery.o)
 .text.GYRO_IO_Init
                0x0000000008004a34       0x8c C:\Users\omara\OneDrive\Desktop\2024 S1 Files\MATRX2700 Assembly Examples\STMF3disco-BSP\Debug\libSTMF3disco-BSP.a(stm32f3_discovery.o)
                0x0000000008004a34                GYRO_IO_Init
 .text.GYRO_IO_Write
                0x0000000008004ac0       0x64 C:\Users\omara\OneDrive\Desktop\2024 S1 Files\MATRX2700 Assembly Examples\STMF3disco-BSP\Debug\libSTMF3disco-BSP.a(stm32f3_discovery.o)
                0x0000000008004ac0                GYRO_IO_Write
 .text.GYRO_IO_Read
                0x0000000008004b24       0x74 C:\Users\omara\OneDrive\Desktop\2024 S1 Files\MATRX2700 Assembly Examples\STMF3disco-BSP\Debug\libSTMF3disco-BSP.a(stm32f3_discovery.o)
                0x0000000008004b24                GYRO_IO_Read
 .text.rand     0x0000000008004b98       0x7c C:/ST/STM32CubeIDE_1.14.1/STM32CubeIDE/plugins/com.st.stm32cube.ide.mcu.externaltools.gnu-tools-for-stm32.11.3.rel1.win32_1.1.100.202309141235/tools/bin/../lib/gcc/arm-none-eabi/11.3.1/../../../../arm-none-eabi/lib/thumb/v7e-m+fp/hard\libc_nano.a(libc_a-rand.o)
                0x0000000008004b98                rand
 .text.std      0x0000000008004c14       0x6c C:/ST/STM32CubeIDE_1.14.1/STM32CubeIDE/plugins/com.st.stm32cube.ide.mcu.externaltools.gnu-tools-for-stm32.11.3.rel1.win32_1.1.100.202309141235/tools/bin/../lib/gcc/arm-none-eabi/11.3.1/../../../../arm-none-eabi/lib/thumb/v7e-m+fp/hard\libc_nano.a(libc_a-findfp.o)
 .text.stdio_exit_handler
                0x0000000008004c80       0x18 C:/ST/STM32CubeIDE_1.14.1/STM32CubeIDE/plugins/com.st.stm32cube.ide.mcu.externaltools.gnu-tools-for-stm32.11.3.rel1.win32_1.1.100.202309141235/tools/bin/../lib/gcc/arm-none-eabi/11.3.1/../../../../arm-none-eabi/lib/thumb/v7e-m+fp/hard\libc_nano.a(libc_a-findfp.o)
 .text.cleanup_stdio
                0x0000000008004c98       0x40 C:/ST/STM32CubeIDE_1.14.1/STM32CubeIDE/plugins/com.st.stm32cube.ide.mcu.externaltools.gnu-tools-for-stm32.11.3.rel1.win32_1.1.100.202309141235/tools/bin/../lib/gcc/arm-none-eabi/11.3.1/../../../../arm-none-eabi/lib/thumb/v7e-m+fp/hard\libc_nano.a(libc_a-findfp.o)
 .text.global_stdio_init.part.0
                0x0000000008004cd8       0x3c C:/ST/STM32CubeIDE_1.14.1/STM32CubeIDE/plugins/com.st.stm32cube.ide.mcu.externaltools.gnu-tools-for-stm32.11.3.rel1.win32_1.1.100.202309141235/tools/bin/../lib/gcc/arm-none-eabi/11.3.1/../../../../arm-none-eabi/lib/thumb/v7e-m+fp/hard\libc_nano.a(libc_a-findfp.o)
 .text.__sfp_lock_acquire
                0x0000000008004d14        0xc C:/ST/STM32CubeIDE_1.14.1/STM32CubeIDE/plugins/com.st.stm32cube.ide.mcu.externaltools.gnu-tools-for-stm32.11.3.rel1.win32_1.1.100.202309141235/tools/bin/../lib/gcc/arm-none-eabi/11.3.1/../../../../arm-none-eabi/lib/thumb/v7e-m+fp/hard\libc_nano.a(libc_a-findfp.o)
                0x0000000008004d14                __sfp_lock_acquire
 .text.__sfp_lock_release
                0x0000000008004d20        0xc C:/ST/STM32CubeIDE_1.14.1/STM32CubeIDE/plugins/com.st.stm32cube.ide.mcu.externaltools.gnu-tools-for-stm32.11.3.rel1.win32_1.1.100.202309141235/tools/bin/../lib/gcc/arm-none-eabi/11.3.1/../../../../arm-none-eabi/lib/thumb/v7e-m+fp/hard\libc_nano.a(libc_a-findfp.o)
                0x0000000008004d20                __sfp_lock_release
 .text.__sinit  0x0000000008004d2c       0x30 C:/ST/STM32CubeIDE_1.14.1/STM32CubeIDE/plugins/com.st.stm32cube.ide.mcu.externaltools.gnu-tools-for-stm32.11.3.rel1.win32_1.1.100.202309141235/tools/bin/../lib/gcc/arm-none-eabi/11.3.1/../../../../arm-none-eabi/lib/thumb/v7e-m+fp/hard\libc_nano.a(libc_a-findfp.o)
                0x0000000008004d2c                __sinit
 .text._fwalk_sglue
                0x0000000008004d5c       0x3c C:/ST/STM32CubeIDE_1.14.1/STM32CubeIDE/plugins/com.st.stm32cube.ide.mcu.externaltools.gnu-tools-for-stm32.11.3.rel1.win32_1.1.100.202309141235/tools/bin/../lib/gcc/arm-none-eabi/11.3.1/../../../../arm-none-eabi/lib/thumb/v7e-m+fp/hard\libc_nano.a(libc_a-fwalk.o)
                0x0000000008004d5c                _fwalk_sglue
 .text.sprintf  0x0000000008004d98       0x40 C:/ST/STM32CubeIDE_1.14.1/STM32CubeIDE/plugins/com.st.stm32cube.ide.mcu.externaltools.gnu-tools-for-stm32.11.3.rel1.win32_1.1.100.202309141235/tools/bin/../lib/gcc/arm-none-eabi/11.3.1/../../../../arm-none-eabi/lib/thumb/v7e-m+fp/hard\libc_nano.a(libc_a-sprintf.o)
                0x0000000008004d98                siprintf
                0x0000000008004d98                sprintf
 .text.__sread  0x0000000008004dd8       0x22 C:/ST/STM32CubeIDE_1.14.1/STM32CubeIDE/plugins/com.st.stm32cube.ide.mcu.externaltools.gnu-tools-for-stm32.11.3.rel1.win32_1.1.100.202309141235/tools/bin/../lib/gcc/arm-none-eabi/11.3.1/../../../../arm-none-eabi/lib/thumb/v7e-m+fp/hard\libc_nano.a(libc_a-stdio.o)
                0x0000000008004dd8                __sread
 .text.__swrite
                0x0000000008004dfa       0x38 C:/ST/STM32CubeIDE_1.14.1/STM32CubeIDE/plugins/com.st.stm32cube.ide.mcu.externaltools.gnu-tools-for-stm32.11.3.rel1.win32_1.1.100.202309141235/tools/bin/../lib/gcc/arm-none-eabi/11.3.1/../../../../arm-none-eabi/lib/thumb/v7e-m+fp/hard\libc_nano.a(libc_a-stdio.o)
                0x0000000008004dfa                __swrite
 .text.__sseek  0x0000000008004e32       0x24 C:/ST/STM32CubeIDE_1.14.1/STM32CubeIDE/plugins/com.st.stm32cube.ide.mcu.externaltools.gnu-tools-for-stm32.11.3.rel1.win32_1.1.100.202309141235/tools/bin/../lib/gcc/arm-none-eabi/11.3.1/../../../../arm-none-eabi/lib/thumb/v7e-m+fp/hard\libc_nano.a(libc_a-stdio.o)
                0x0000000008004e32                __sseek
 .text.__sclose
                0x0000000008004e56        0x8 C:/ST/STM32CubeIDE_1.14.1/STM32CubeIDE/plugins/com.st.stm32cube.ide.mcu.externaltools.gnu-tools-for-stm32.11.3.rel1.win32_1.1.100.202309141235/tools/bin/../lib/gcc/arm-none-eabi/11.3.1/../../../../arm-none-eabi/lib/thumb/v7e-m+fp/hard\libc_nano.a(libc_a-stdio.o)
                0x0000000008004e56                __sclose
 .text.memset   0x0000000008004e5e       0x10 C:/ST/STM32CubeIDE_1.14.1/STM32CubeIDE/plugins/com.st.stm32cube.ide.mcu.externaltools.gnu-tools-for-stm32.11.3.rel1.win32_1.1.100.202309141235/tools/bin/../lib/gcc/arm-none-eabi/11.3.1/../../../../arm-none-eabi/lib/thumb/v7e-m+fp/hard\libc_nano.a(libc_a-memset.o)
                0x0000000008004e5e                memset
 *fill*         0x0000000008004e6e        0x2 
 .text._close_r
                0x0000000008004e70       0x20 C:/ST/STM32CubeIDE_1.14.1/STM32CubeIDE/plugins/com.st.stm32cube.ide.mcu.externaltools.gnu-tools-for-stm32.11.3.rel1.win32_1.1.100.202309141235/tools/bin/../lib/gcc/arm-none-eabi/11.3.1/../../../../arm-none-eabi/lib/thumb/v7e-m+fp/hard\libc_nano.a(libc_a-closer.o)
                0x0000000008004e70                _close_r
 .text._lseek_r
                0x0000000008004e90       0x24 C:/ST/STM32CubeIDE_1.14.1/STM32CubeIDE/plugins/com.st.stm32cube.ide.mcu.externaltools.gnu-tools-for-stm32.11.3.rel1.win32_1.1.100.202309141235/tools/bin/../lib/gcc/arm-none-eabi/11.3.1/../../../../arm-none-eabi/lib/thumb/v7e-m+fp/hard\libc_nano.a(libc_a-lseekr.o)
                0x0000000008004e90                _lseek_r
 .text._read_r  0x0000000008004eb4       0x24 C:/ST/STM32CubeIDE_1.14.1/STM32CubeIDE/plugins/com.st.stm32cube.ide.mcu.externaltools.gnu-tools-for-stm32.11.3.rel1.win32_1.1.100.202309141235/tools/bin/../lib/gcc/arm-none-eabi/11.3.1/../../../../arm-none-eabi/lib/thumb/v7e-m+fp/hard\libc_nano.a(libc_a-readr.o)
                0x0000000008004eb4                _read_r
 .text._write_r
                0x0000000008004ed8       0x24 C:/ST/STM32CubeIDE_1.14.1/STM32CubeIDE/plugins/com.st.stm32cube.ide.mcu.externaltools.gnu-tools-for-stm32.11.3.rel1.win32_1.1.100.202309141235/tools/bin/../lib/gcc/arm-none-eabi/11.3.1/../../../../arm-none-eabi/lib/thumb/v7e-m+fp/hard\libc_nano.a(libc_a-writer.o)
                0x0000000008004ed8                _write_r
 .text.__errno  0x0000000008004efc        0xc C:/ST/STM32CubeIDE_1.14.1/STM32CubeIDE/plugins/com.st.stm32cube.ide.mcu.externaltools.gnu-tools-for-stm32.11.3.rel1.win32_1.1.100.202309141235/tools/bin/../lib/gcc/arm-none-eabi/11.3.1/../../../../arm-none-eabi/lib/thumb/v7e-m+fp/hard\libc_nano.a(libc_a-errno.o)
                0x0000000008004efc                __errno
 .text.__libc_init_array
                0x0000000008004f08       0x48 C:/ST/STM32CubeIDE_1.14.1/STM32CubeIDE/plugins/com.st.stm32cube.ide.mcu.externaltools.gnu-tools-for-stm32.11.3.rel1.win32_1.1.100.202309141235/tools/bin/../lib/gcc/arm-none-eabi/11.3.1/../../../../arm-none-eabi/lib/thumb/v7e-m+fp/hard\libc_nano.a(libc_a-init.o)
                0x0000000008004f08                __libc_init_array
 .text.__retarget_lock_init_recursive
                0x0000000008004f50        0x2 C:/ST/STM32CubeIDE_1.14.1/STM32CubeIDE/plugins/com.st.stm32cube.ide.mcu.externaltools.gnu-tools-for-stm32.11.3.rel1.win32_1.1.100.202309141235/tools/bin/../lib/gcc/arm-none-eabi/11.3.1/../../../../arm-none-eabi/lib/thumb/v7e-m+fp/hard\libc_nano.a(libc_a-lock.o)
                0x0000000008004f50                __retarget_lock_init_recursive
 .text.__retarget_lock_acquire_recursive
                0x0000000008004f52        0x2 C:/ST/STM32CubeIDE_1.14.1/STM32CubeIDE/plugins/com.st.stm32cube.ide.mcu.externaltools.gnu-tools-for-stm32.11.3.rel1.win32_1.1.100.202309141235/tools/bin/../lib/gcc/arm-none-eabi/11.3.1/../../../../arm-none-eabi/lib/thumb/v7e-m+fp/hard\libc_nano.a(libc_a-lock.o)
                0x0000000008004f52                __retarget_lock_acquire_recursive
 .text.__retarget_lock_release_recursive
                0x0000000008004f54        0x2 C:/ST/STM32CubeIDE_1.14.1/STM32CubeIDE/plugins/com.st.stm32cube.ide.mcu.externaltools.gnu-tools-for-stm32.11.3.rel1.win32_1.1.100.202309141235/tools/bin/../lib/gcc/arm-none-eabi/11.3.1/../../../../arm-none-eabi/lib/thumb/v7e-m+fp/hard\libc_nano.a(libc_a-lock.o)
                0x0000000008004f54                __retarget_lock_release_recursive
 .text.strcpy   0x0000000008004f56       0x10 C:/ST/STM32CubeIDE_1.14.1/STM32CubeIDE/plugins/com.st.stm32cube.ide.mcu.externaltools.gnu-tools-for-stm32.11.3.rel1.win32_1.1.100.202309141235/tools/bin/../lib/gcc/arm-none-eabi/11.3.1/../../../../arm-none-eabi/lib/thumb/v7e-m+fp/hard\libc_nano.a(libc_a-strcpy.o)
                0x0000000008004f56                strcpy
 .text.memcpy   0x0000000008004f66       0x1c C:/ST/STM32CubeIDE_1.14.1/STM32CubeIDE/plugins/com.st.stm32cube.ide.mcu.externaltools.gnu-tools-for-stm32.11.3.rel1.win32_1.1.100.202309141235/tools/bin/../lib/gcc/arm-none-eabi/11.3.1/../../../../arm-none-eabi/lib/thumb/v7e-m+fp/hard\libc_nano.a(libc_a-memcpy-stub.o)
                0x0000000008004f66                memcpy
 *fill*         0x0000000008004f82        0x2 
 .text.__assert_func
                0x0000000008004f84       0x3c C:/ST/STM32CubeIDE_1.14.1/STM32CubeIDE/plugins/com.st.stm32cube.ide.mcu.externaltools.gnu-tools-for-stm32.11.3.rel1.win32_1.1.100.202309141235/tools/bin/../lib/gcc/arm-none-eabi/11.3.1/../../../../arm-none-eabi/lib/thumb/v7e-m+fp/hard\libc_nano.a(libc_a-assert.o)
                0x0000000008004f84                __assert_func
 .text._free_r  0x0000000008004fc0       0x98 C:/ST/STM32CubeIDE_1.14.1/STM32CubeIDE/plugins/com.st.stm32cube.ide.mcu.externaltools.gnu-tools-for-stm32.11.3.rel1.win32_1.1.100.202309141235/tools/bin/../lib/gcc/arm-none-eabi/11.3.1/../../../../arm-none-eabi/lib/thumb/v7e-m+fp/hard\libc_nano.a(libc_a-freer.o)
                0x0000000008004fc0                _free_r
 .text.malloc   0x0000000008005058       0x10 C:/ST/STM32CubeIDE_1.14.1/STM32CubeIDE/plugins/com.st.stm32cube.ide.mcu.externaltools.gnu-tools-for-stm32.11.3.rel1.win32_1.1.100.202309141235/tools/bin/../lib/gcc/arm-none-eabi/11.3.1/../../../../arm-none-eabi/lib/thumb/v7e-m+fp/hard\libc_nano.a(libc_a-malloc.o)
                0x0000000008005058                malloc
 .text.sbrk_aligned
                0x0000000008005068       0x40 C:/ST/STM32CubeIDE_1.14.1/STM32CubeIDE/plugins/com.st.stm32cube.ide.mcu.externaltools.gnu-tools-for-stm32.11.3.rel1.win32_1.1.100.202309141235/tools/bin/../lib/gcc/arm-none-eabi/11.3.1/../../../../arm-none-eabi/lib/thumb/v7e-m+fp/hard\libc_nano.a(libc_a-mallocr.o)
 .text._malloc_r
                0x00000000080050a8      0x100 C:/ST/STM32CubeIDE_1.14.1/STM32CubeIDE/plugins/com.st.stm32cube.ide.mcu.externaltools.gnu-tools-for-stm32.11.3.rel1.win32_1.1.100.202309141235/tools/bin/../lib/gcc/arm-none-eabi/11.3.1/../../../../arm-none-eabi/lib/thumb/v7e-m+fp/hard\libc_nano.a(libc_a-mallocr.o)
                0x00000000080050a8                _malloc_r
 .text.__malloc_lock
                0x00000000080051a8        0xc C:/ST/STM32CubeIDE_1.14.1/STM32CubeIDE/plugins/com.st.stm32cube.ide.mcu.externaltools.gnu-tools-for-stm32.11.3.rel1.win32_1.1.100.202309141235/tools/bin/../lib/gcc/arm-none-eabi/11.3.1/../../../../arm-none-eabi/lib/thumb/v7e-m+fp/hard\libc_nano.a(libc_a-mlock.o)
                0x00000000080051a8                __malloc_lock
 .text.__malloc_unlock
                0x00000000080051b4        0xc C:/ST/STM32CubeIDE_1.14.1/STM32CubeIDE/plugins/com.st.stm32cube.ide.mcu.externaltools.gnu-tools-for-stm32.11.3.rel1.win32_1.1.100.202309141235/tools/bin/../lib/gcc/arm-none-eabi/11.3.1/../../../../arm-none-eabi/lib/thumb/v7e-m+fp/hard\libc_nano.a(libc_a-mlock.o)
                0x00000000080051b4                __malloc_unlock
 .text.__ssputs_r
                0x00000000080051c0       0xb4 C:/ST/STM32CubeIDE_1.14.1/STM32CubeIDE/plugins/com.st.stm32cube.ide.mcu.externaltools.gnu-tools-for-stm32.11.3.rel1.win32_1.1.100.202309141235/tools/bin/../lib/gcc/arm-none-eabi/11.3.1/../../../../arm-none-eabi/lib/thumb/v7e-m+fp/hard\libc_nano.a(libc_a-nano-svfprintf.o)
                0x00000000080051c0                __ssputs_r
 .text._svfprintf_r
                0x0000000008005274      0x1fc C:/ST/STM32CubeIDE_1.14.1/STM32CubeIDE/plugins/com.st.stm32cube.ide.mcu.externaltools.gnu-tools-for-stm32.11.3.rel1.win32_1.1.100.202309141235/tools/bin/../lib/gcc/arm-none-eabi/11.3.1/../../../../arm-none-eabi/lib/thumb/v7e-m+fp/hard\libc_nano.a(libc_a-nano-svfprintf.o)
                0x0000000008005274                _svfiprintf_r
                0x0000000008005274                _svfprintf_r
 .text._printf_common
                0x0000000008005470       0xda C:/ST/STM32CubeIDE_1.14.1/STM32CubeIDE/plugins/com.st.stm32cube.ide.mcu.externaltools.gnu-tools-for-stm32.11.3.rel1.win32_1.1.100.202309141235/tools/bin/../lib/gcc/arm-none-eabi/11.3.1/../../../../arm-none-eabi/lib/thumb/v7e-m+fp/hard\libc_nano.a(libc_a-nano-vfprintf_i.o)
                0x0000000008005470                _printf_common
 *fill*         0x000000000800554a        0x2 
 .text._printf_i
                0x000000000800554c      0x244 C:/ST/STM32CubeIDE_1.14.1/STM32CubeIDE/plugins/com.st.stm32cube.ide.mcu.externaltools.gnu-tools-for-stm32.11.3.rel1.win32_1.1.100.202309141235/tools/bin/../lib/gcc/arm-none-eabi/11.3.1/../../../../arm-none-eabi/lib/thumb/v7e-m+fp/hard\libc_nano.a(libc_a-nano-vfprintf_i.o)
                0x000000000800554c                _printf_i
 .text.__sflush_r
                0x0000000008005790      0x10c C:/ST/STM32CubeIDE_1.14.1/STM32CubeIDE/plugins/com.st.stm32cube.ide.mcu.externaltools.gnu-tools-for-stm32.11.3.rel1.win32_1.1.100.202309141235/tools/bin/../lib/gcc/arm-none-eabi/11.3.1/../../../../arm-none-eabi/lib/thumb/v7e-m+fp/hard\libc_nano.a(libc_a-fflush.o)
                0x0000000008005790                __sflush_r
 .text._fflush_r
                0x000000000800589c       0x50 C:/ST/STM32CubeIDE_1.14.1/STM32CubeIDE/plugins/com.st.stm32cube.ide.mcu.externaltools.gnu-tools-for-stm32.11.3.rel1.win32_1.1.100.202309141235/tools/bin/../lib/gcc/arm-none-eabi/11.3.1/../../../../arm-none-eabi/lib/thumb/v7e-m+fp/hard\libc_nano.a(libc_a-fflush.o)
                0x000000000800589c                _fflush_r
 .text.fprintf  0x00000000080058ec       0x24 C:/ST/STM32CubeIDE_1.14.1/STM32CubeIDE/plugins/com.st.stm32cube.ide.mcu.externaltools.gnu-tools-for-stm32.11.3.rel1.win32_1.1.100.202309141235/tools/bin/../lib/gcc/arm-none-eabi/11.3.1/../../../../arm-none-eabi/lib/thumb/v7e-m+fp/hard\libc_nano.a(libc_a-fprintf.o)
                0x00000000080058ec                fiprintf
                0x00000000080058ec                fprintf
 .text.memmove  0x0000000008005910       0x34 C:/ST/STM32CubeIDE_1.14.1/STM32CubeIDE/plugins/com.st.stm32cube.ide.mcu.externaltools.gnu-tools-for-stm32.11.3.rel1.win32_1.1.100.202309141235/tools/bin/../lib/gcc/arm-none-eabi/11.3.1/../../../../arm-none-eabi/lib/thumb/v7e-m+fp/hard\libc_nano.a(libc_a-memmove.o)
                0x0000000008005910                memmove
 .text._sbrk_r  0x0000000008005944       0x20 C:/ST/STM32CubeIDE_1.14.1/STM32CubeIDE/plugins/com.st.stm32cube.ide.mcu.externaltools.gnu-tools-for-stm32.11.3.rel1.win32_1.1.100.202309141235/tools/bin/../lib/gcc/arm-none-eabi/11.3.1/../../../../arm-none-eabi/lib/thumb/v7e-m+fp/hard\libc_nano.a(libc_a-sbrkr.o)
                0x0000000008005944                _sbrk_r
 .text.abort    0x0000000008005964        0xe C:/ST/STM32CubeIDE_1.14.1/STM32CubeIDE/plugins/com.st.stm32cube.ide.mcu.externaltools.gnu-tools-for-stm32.11.3.rel1.win32_1.1.100.202309141235/tools/bin/../lib/gcc/arm-none-eabi/11.3.1/../../../../arm-none-eabi/lib/thumb/v7e-m+fp/hard\libc_nano.a(libc_a-abort.o)
                0x0000000008005964                abort
 .text._realloc_r
                0x0000000008005972       0x5e C:/ST/STM32CubeIDE_1.14.1/STM32CubeIDE/plugins/com.st.stm32cube.ide.mcu.externaltools.gnu-tools-for-stm32.11.3.rel1.win32_1.1.100.202309141235/tools/bin/../lib/gcc/arm-none-eabi/11.3.1/../../../../arm-none-eabi/lib/thumb/v7e-m+fp/hard\libc_nano.a(libc_a-reallocr.o)
                0x0000000008005972                _realloc_r
 .text.__sfputc_r
                0x00000000080059d0       0x2e C:/ST/STM32CubeIDE_1.14.1/STM32CubeIDE/plugins/com.st.stm32cube.ide.mcu.externaltools.gnu-tools-for-stm32.11.3.rel1.win32_1.1.100.202309141235/tools/bin/../lib/gcc/arm-none-eabi/11.3.1/../../../../arm-none-eabi/lib/thumb/v7e-m+fp/hard\libc_nano.a(libc_a-nano-vfprintf.o)
 .text.__sfputs_r
                0x00000000080059fe       0x24 C:/ST/STM32CubeIDE_1.14.1/STM32CubeIDE/plugins/com.st.stm32cube.ide.mcu.externaltools.gnu-tools-for-stm32.11.3.rel1.win32_1.1.100.202309141235/tools/bin/../lib/gcc/arm-none-eabi/11.3.1/../../../../arm-none-eabi/lib/thumb/v7e-m+fp/hard\libc_nano.a(libc_a-nano-vfprintf.o)
                0x00000000080059fe                __sfputs_r
 *fill*         0x0000000008005a22        0x2 
 .text._vfprintf_r
                0x0000000008005a24      0x234 C:/ST/STM32CubeIDE_1.14.1/STM32CubeIDE/plugins/com.st.stm32cube.ide.mcu.externaltools.gnu-tools-for-stm32.11.3.rel1.win32_1.1.100.202309141235/tools/bin/../lib/gcc/arm-none-eabi/11.3.1/../../../../arm-none-eabi/lib/thumb/v7e-m+fp/hard\libc_nano.a(libc_a-nano-vfprintf.o)
                0x0000000008005a24                _vfprintf_r
                0x0000000008005a24                _vfiprintf_r
 .text.__swbuf_r
                0x0000000008005c58       0x7a C:/ST/STM32CubeIDE_1.14.1/STM32CubeIDE/plugins/com.st.stm32cube.ide.mcu.externaltools.gnu-tools-for-stm32.11.3.rel1.win32_1.1.100.202309141235/tools/bin/../lib/gcc/arm-none-eabi/11.3.1/../../../../arm-none-eabi/lib/thumb/v7e-m+fp/hard\libc_nano.a(libc_a-wbuf.o)
                0x0000000008005c58                __swbuf_r
 *fill*         0x0000000008005cd2        0x2 
 .text.__swsetup_r
                0x0000000008005cd4       0xb0 C:/ST/STM32CubeIDE_1.14.1/STM32CubeIDE/plugins/com.st.stm32cube.ide.mcu.externaltools.gnu-tools-for-stm32.11.3.rel1.win32_1.1.100.202309141235/tools/bin/../lib/gcc/arm-none-eabi/11.3.1/../../../../arm-none-eabi/lib/thumb/v7e-m+fp/hard\libc_nano.a(libc_a-wsetup.o)
                0x0000000008005cd4                __swsetup_r
 .text._raise_r
                0x0000000008005d84       0x50 C:/ST/STM32CubeIDE_1.14.1/STM32CubeIDE/plugins/com.st.stm32cube.ide.mcu.externaltools.gnu-tools-for-stm32.11.3.rel1.win32_1.1.100.202309141235/tools/bin/../lib/gcc/arm-none-eabi/11.3.1/../../../../arm-none-eabi/lib/thumb/v7e-m+fp/hard\libc_nano.a(libc_a-signal.o)
                0x0000000008005d84                _raise_r
 .text.raise    0x0000000008005dd4       0x10 C:/ST/STM32CubeIDE_1.14.1/STM32CubeIDE/plugins/com.st.stm32cube.ide.mcu.externaltools.gnu-tools-for-stm32.11.3.rel1.win32_1.1.100.202309141235/tools/bin/../lib/gcc/arm-none-eabi/11.3.1/../../../../arm-none-eabi/lib/thumb/v7e-m+fp/hard\libc_nano.a(libc_a-signal.o)
                0x0000000008005dd4                raise
 .text._kill_r  0x0000000008005de4       0x24 C:/ST/STM32CubeIDE_1.14.1/STM32CubeIDE/plugins/com.st.stm32cube.ide.mcu.externaltools.gnu-tools-for-stm32.11.3.rel1.win32_1.1.100.202309141235/tools/bin/../lib/gcc/arm-none-eabi/11.3.1/../../../../arm-none-eabi/lib/thumb/v7e-m+fp/hard\libc_nano.a(libc_a-signalr.o)
                0x0000000008005de4                _kill_r
 .text._getpid_r
                0x0000000008005e08        0x4 C:/ST/STM32CubeIDE_1.14.1/STM32CubeIDE/plugins/com.st.stm32cube.ide.mcu.externaltools.gnu-tools-for-stm32.11.3.rel1.win32_1.1.100.202309141235/tools/bin/../lib/gcc/arm-none-eabi/11.3.1/../../../../arm-none-eabi/lib/thumb/v7e-m+fp/hard\libc_nano.a(libc_a-signalr.o)
                0x0000000008005e08                _getpid_r
 .text._malloc_usable_size_r
                0x0000000008005e0c       0x10 C:/ST/STM32CubeIDE_1.14.1/STM32CubeIDE/plugins/com.st.stm32cube.ide.mcu.externaltools.gnu-tools-for-stm32.11.3.rel1.win32_1.1.100.202309141235/tools/bin/../lib/gcc/arm-none-eabi/11.3.1/../../../../arm-none-eabi/lib/thumb/v7e-m+fp/hard\libc_nano.a(libc_a-msizer.o)
                0x0000000008005e0c                _malloc_usable_size_r
 .text.__swhatbuf_r
                0x0000000008005e1c       0x4c C:/ST/STM32CubeIDE_1.14.1/STM32CubeIDE/plugins/com.st.stm32cube.ide.mcu.externaltools.gnu-tools-for-stm32.11.3.rel1.win32_1.1.100.202309141235/tools/bin/../lib/gcc/arm-none-eabi/11.3.1/../../../../arm-none-eabi/lib/thumb/v7e-m+fp/hard\libc_nano.a(libc_a-makebuf.o)
                0x0000000008005e1c                __swhatbuf_r
 .text.__smakebuf_r
                0x0000000008005e68       0x78 C:/ST/STM32CubeIDE_1.14.1/STM32CubeIDE/plugins/com.st.stm32cube.ide.mcu.externaltools.gnu-tools-for-stm32.11.3.rel1.win32_1.1.100.202309141235/tools/bin/../lib/gcc/arm-none-eabi/11.3.1/../../../../arm-none-eabi/lib/thumb/v7e-m+fp/hard\libc_nano.a(libc_a-makebuf.o)
                0x0000000008005e68                __smakebuf_r
 .text._fstat_r
                0x0000000008005ee0       0x24 C:/ST/STM32CubeIDE_1.14.1/STM32CubeIDE/plugins/com.st.stm32cube.ide.mcu.externaltools.gnu-tools-for-stm32.11.3.rel1.win32_1.1.100.202309141235/tools/bin/../lib/gcc/arm-none-eabi/11.3.1/../../../../arm-none-eabi/lib/thumb/v7e-m+fp/hard\libc_nano.a(libc_a-fstatr.o)
                0x0000000008005ee0                _fstat_r
 .text._isatty_r
                0x0000000008005f04       0x20 C:/ST/STM32CubeIDE_1.14.1/STM32CubeIDE/plugins/com.st.stm32cube.ide.mcu.externaltools.gnu-tools-for-stm32.11.3.rel1.win32_1.1.100.202309141235/tools/bin/../lib/gcc/arm-none-eabi/11.3.1/../../../../arm-none-eabi/lib/thumb/v7e-m+fp/hard\libc_nano.a(libc_a-isattyr.o)
                0x0000000008005f04                _isatty_r
 *(.glue_7)
 .glue_7        0x0000000008005f24        0x0 linker stubs
 *(.glue_7t)
 .glue_7t       0x0000000008005f24        0x0 linker stubs
 *(.eh_frame)
 .eh_frame      0x0000000008005f24        0x0 C:/ST/STM32CubeIDE_1.14.1/STM32CubeIDE/plugins/com.st.stm32cube.ide.mcu.externaltools.gnu-tools-for-stm32.11.3.rel1.win32_1.1.100.202309141235/tools/bin/../lib/gcc/arm-none-eabi/11.3.1/thumb/v7e-m+fp/hard/crtbegin.o
 *(.init)
 .init          0x0000000008005f24        0x4 C:/ST/STM32CubeIDE_1.14.1/STM32CubeIDE/plugins/com.st.stm32cube.ide.mcu.externaltools.gnu-tools-for-stm32.11.3.rel1.win32_1.1.100.202309141235/tools/bin/../lib/gcc/arm-none-eabi/11.3.1/thumb/v7e-m+fp/hard/crti.o
                0x0000000008005f24                _init
 .init          0x0000000008005f28        0x8 C:/ST/STM32CubeIDE_1.14.1/STM32CubeIDE/plugins/com.st.stm32cube.ide.mcu.externaltools.gnu-tools-for-stm32.11.3.rel1.win32_1.1.100.202309141235/tools/bin/../lib/gcc/arm-none-eabi/11.3.1/thumb/v7e-m+fp/hard/crtn.o
 *(.fini)
 .fini          0x0000000008005f30        0x4 C:/ST/STM32CubeIDE_1.14.1/STM32CubeIDE/plugins/com.st.stm32cube.ide.mcu.externaltools.gnu-tools-for-stm32.11.3.rel1.win32_1.1.100.202309141235/tools/bin/../lib/gcc/arm-none-eabi/11.3.1/thumb/v7e-m+fp/hard/crti.o
                0x0000000008005f30                _fini
 .fini          0x0000000008005f34        0x8 C:/ST/STM32CubeIDE_1.14.1/STM32CubeIDE/plugins/com.st.stm32cube.ide.mcu.externaltools.gnu-tools-for-stm32.11.3.rel1.win32_1.1.100.202309141235/tools/bin/../lib/gcc/arm-none-eabi/11.3.1/thumb/v7e-m+fp/hard/crtn.o
                0x0000000008005f3c                . = ALIGN (0x4)
                0x0000000008005f3c                _etext = .

.vfp11_veneer   0x0000000008005f3c        0x0
 .vfp11_veneer  0x0000000008005f3c        0x0 linker stubs

.v4_bx          0x0000000008005f3c        0x0
 .v4_bx         0x0000000008005f3c        0x0 linker stubs

.iplt           0x0000000008005f3c        0x0
 .iplt          0x0000000008005f3c        0x0 C:/ST/STM32CubeIDE_1.14.1/STM32CubeIDE/plugins/com.st.stm32cube.ide.mcu.externaltools.gnu-tools-for-stm32.11.3.rel1.win32_1.1.100.202309141235/tools/bin/../lib/gcc/arm-none-eabi/11.3.1/thumb/v7e-m+fp/hard/crtbegin.o

.rodata         0x0000000008005f3c      0x800
                0x0000000008005f3c                . = ALIGN (0x4)
 *(.rodata)
 .rodata        0x0000000008005f3c      0x639 ./Core/Src/headsUp.o
 *fill*         0x0000000008006575        0x3 
 .rodata        0x0000000008006578       0xb4 ./Core/Src/main.o
 *(.rodata*)
 .rodata.AHBPrescTable
                0x000000000800662c       0x10 ./Core/Src/system_stm32f3xx.o
                0x000000000800662c                AHBPrescTable
 .rodata.aPLLMULFactorTable
                0x000000000800663c       0x10 ./Drivers/STM32F3xx_HAL_Driver/Src/stm32f3xx_hal_rcc.o
 .rodata.aPredivFactorTable
                0x000000000800664c       0x10 ./Drivers/STM32F3xx_HAL_Driver/Src/stm32f3xx_hal_rcc.o
 .rodata.srand.str1.1
                0x000000000800665c       0x6f C:/ST/STM32CubeIDE_1.14.1/STM32CubeIDE/plugins/com.st.stm32cube.ide.mcu.externaltools.gnu-tools-for-stm32.11.3.rel1.win32_1.1.100.202309141235/tools/bin/../lib/gcc/arm-none-eabi/11.3.1/../../../../arm-none-eabi/lib/thumb/v7e-m+fp/hard\libc_nano.a(libc_a-rand.o)
 .rodata.__assert_func.str1.1
                0x00000000080066cb       0x3c C:/ST/STM32CubeIDE_1.14.1/STM32CubeIDE/plugins/com.st.stm32cube.ide.mcu.externaltools.gnu-tools-for-stm32.11.3.rel1.win32_1.1.100.202309141235/tools/bin/../lib/gcc/arm-none-eabi/11.3.1/../../../../arm-none-eabi/lib/thumb/v7e-m+fp/hard\libc_nano.a(libc_a-assert.o)
                                         0x3d (size before relaxing)
 .rodata._svfprintf_r.str1.1
                0x0000000008006707       0x11 C:/ST/STM32CubeIDE_1.14.1/STM32CubeIDE/plugins/com.st.stm32cube.ide.mcu.externaltools.gnu-tools-for-stm32.11.3.rel1.win32_1.1.100.202309141235/tools/bin/../lib/gcc/arm-none-eabi/11.3.1/../../../../arm-none-eabi/lib/thumb/v7e-m+fp/hard\libc_nano.a(libc_a-nano-svfprintf.o)
 .rodata._printf_i.str1.1
                0x0000000008006718       0x22 C:/ST/STM32CubeIDE_1.14.1/STM32CubeIDE/plugins/com.st.stm32cube.ide.mcu.externaltools.gnu-tools-for-stm32.11.3.rel1.win32_1.1.100.202309141235/tools/bin/../lib/gcc/arm-none-eabi/11.3.1/../../../../arm-none-eabi/lib/thumb/v7e-m+fp/hard\libc_nano.a(libc_a-nano-vfprintf_i.o)
 .rodata._vfprintf_r.str1.1
                0x000000000800673a       0x11 C:/ST/STM32CubeIDE_1.14.1/STM32CubeIDE/plugins/com.st.stm32cube.ide.mcu.externaltools.gnu-tools-for-stm32.11.3.rel1.win32_1.1.100.202309141235/tools/bin/../lib/gcc/arm-none-eabi/11.3.1/../../../../arm-none-eabi/lib/thumb/v7e-m+fp/hard\libc_nano.a(libc_a-nano-vfprintf.o)
                0x000000000800674c                . = ALIGN (0x4)
 *fill*         0x000000000800673a        0x2 

.ARM.extab      0x000000000800673c        0x0
                0x000000000800673c                . = ALIGN (0x4)
 *(.ARM.extab* .gnu.linkonce.armextab.*)
                0x000000000800673c                . = ALIGN (0x4)

.ARM            0x000000000800673c        0x0
                0x000000000800673c                . = ALIGN (0x4)
                0x000000000800673c                __exidx_start = .
 *(.ARM.exidx*)
                0x000000000800673c                __exidx_end = .
                0x000000000800673c                . = ALIGN (0x4)

.preinit_array  0x000000000800673c        0x0
                0x000000000800673c                . = ALIGN (0x4)
                0x000000000800673c                PROVIDE (__preinit_array_start = .)
 *(.preinit_array*)
                0x000000000800673c                PROVIDE (__preinit_array_end = .)
                0x000000000800673c                . = ALIGN (0x4)

.init_array     0x000000000800673c        0x4
                0x000000000800673c                . = ALIGN (0x4)
                0x000000000800673c                PROVIDE (__init_array_start = .)
 *(SORT_BY_NAME(.init_array.*))
 *(.init_array*)
 .init_array    0x000000000800673c        0x4 C:/ST/STM32CubeIDE_1.14.1/STM32CubeIDE/plugins/com.st.stm32cube.ide.mcu.externaltools.gnu-tools-for-stm32.11.3.rel1.win32_1.1.100.202309141235/tools/bin/../lib/gcc/arm-none-eabi/11.3.1/thumb/v7e-m+fp/hard/crtbegin.o
                0x0000000008006740                PROVIDE (__init_array_end = .)
                0x0000000008006740                . = ALIGN (0x4)

.fini_array     0x0000000008006740        0x4
                0x0000000008006740                . = ALIGN (0x4)
                [!provide]                        PROVIDE (__fini_array_start = .)
 *(SORT_BY_NAME(.fini_array.*))
 *(.fini_array*)
 .fini_array    0x0000000008006740        0x4 C:/ST/STM32CubeIDE_1.14.1/STM32CubeIDE/plugins/com.st.stm32cube.ide.mcu.externaltools.gnu-tools-for-stm32.11.3.rel1.win32_1.1.100.202309141235/tools/bin/../lib/gcc/arm-none-eabi/11.3.1/thumb/v7e-m+fp/hard/crtbegin.o
                [!provide]                        PROVIDE (__fini_array_end = .)
                0x0000000008006744                . = ALIGN (0x4)
                0x0000000008006744                _sidata = LOADADDR (.data)

.rel.dyn        0x0000000008006744        0x0
 .rel.iplt      0x0000000008006744        0x0 C:/ST/STM32CubeIDE_1.14.1/STM32CubeIDE/plugins/com.st.stm32cube.ide.mcu.externaltools.gnu-tools-for-stm32.11.3.rel1.win32_1.1.100.202309141235/tools/bin/../lib/gcc/arm-none-eabi/11.3.1/thumb/v7e-m+fp/hard/crtbegin.o

.data           0x0000000020000000      0x154 load address 0x0000000008006744
                0x0000000020000000                . = ALIGN (0x4)
                0x0000000020000000                _sdata = .
 *(.data)
 *(.data*)
 .data.USART1_PORT
                0x0000000020000000       0x40 ./Core/Src/serial.o
                0x0000000020000000                USART1_PORT
 .data.UART4_PORT
                0x0000000020000040       0x40 ./Core/Src/serial.o
                0x0000000020000040                UART4_PORT
 .data.SystemCoreClock
                0x0000000020000080        0x4 ./Core/Src/system_stm32f3xx.o
                0x0000000020000080                SystemCoreClock
 .data.uwTickPrio
                0x0000000020000084        0x4 ./Drivers/STM32F3xx_HAL_Driver/Src/stm32f3xx_hal.o
                0x0000000020000084                uwTickPrio
 .data.uwTickFreq
                0x0000000020000088        0x1 ./Drivers/STM32F3xx_HAL_Driver/Src/stm32f3xx_hal.o
                0x0000000020000088                uwTickFreq
 *fill*         0x0000000020000089        0x3 
 .data.I3g4250Drv
                0x000000002000008c       0x34 C:\Users\omara\OneDrive\Desktop\2024 S1 Files\MATRX2700 Assembly Examples\STMF3disco-BSP\Debug\libSTMF3disco-BSP.a(i3g4250d.o)
                0x000000002000008c                I3g4250Drv
 .data.L3gd20Drv
                0x00000000200000c0       0x34 C:\Users\omara\OneDrive\Desktop\2024 S1 Files\MATRX2700 Assembly Examples\STMF3disco-BSP\Debug\libSTMF3disco-BSP.a(l3gd20.o)
                0x00000000200000c0                L3gd20Drv
 .data.SpixTimeout
                0x00000000200000f4        0x4 C:\Users\omara\OneDrive\Desktop\2024 S1 Files\MATRX2700 Assembly Examples\STMF3disco-BSP\Debug\libSTMF3disco-BSP.a(stm32f3_discovery.o)
                0x00000000200000f4                SpixTimeout
 .data.__sglue  0x00000000200000f8        0xc C:/ST/STM32CubeIDE_1.14.1/STM32CubeIDE/plugins/com.st.stm32cube.ide.mcu.externaltools.gnu-tools-for-stm32.11.3.rel1.win32_1.1.100.202309141235/tools/bin/../lib/gcc/arm-none-eabi/11.3.1/../../../../arm-none-eabi/lib/thumb/v7e-m+fp/hard\libc_nano.a(libc_a-findfp.o)
                0x00000000200000f8                __sglue
 .data._impure_data
                0x0000000020000104       0x4c C:/ST/STM32CubeIDE_1.14.1/STM32CubeIDE/plugins/com.st.stm32cube.ide.mcu.externaltools.gnu-tools-for-stm32.11.3.rel1.win32_1.1.100.202309141235/tools/bin/../lib/gcc/arm-none-eabi/11.3.1/../../../../arm-none-eabi/lib/thumb/v7e-m+fp/hard\libc_nano.a(libc_a-impure.o)
                0x0000000020000104                _impure_data
 .data._impure_ptr
                0x0000000020000150        0x4 C:/ST/STM32CubeIDE_1.14.1/STM32CubeIDE/plugins/com.st.stm32cube.ide.mcu.externaltools.gnu-tools-for-stm32.11.3.rel1.win32_1.1.100.202309141235/tools/bin/../lib/gcc/arm-none-eabi/11.3.1/../../../../arm-none-eabi/lib/thumb/v7e-m+fp/hard\libc_nano.a(libc_a-impure.o)
                0x0000000020000150                _impure_ptr
 *(.RamFunc)
 *(.RamFunc*)
                0x0000000020000154                . = ALIGN (0x4)
                0x0000000020000154                _edata = .
                0x0000000008006898                _siccmram = LOADADDR (.ccmram)

.igot.plt       0x0000000020000154        0x0 load address 0x0000000008006898
 .igot.plt      0x0000000020000154        0x0 C:/ST/STM32CubeIDE_1.14.1/STM32CubeIDE/plugins/com.st.stm32cube.ide.mcu.externaltools.gnu-tools-for-stm32.11.3.rel1.win32_1.1.100.202309141235/tools/bin/../lib/gcc/arm-none-eabi/11.3.1/thumb/v7e-m+fp/hard/crtbegin.o

.ccmram         0x0000000010000000        0x0 load address 0x0000000008006898
                0x0000000010000000                . = ALIGN (0x4)
                0x0000000010000000                _sccmram = .
 *(.ccmram)
 *(.ccmram*)
                0x0000000010000000                . = ALIGN (0x4)
                0x0000000010000000                _eccmram = .
                0x0000000010000000                . = ALIGN (0x4)

.bss            0x0000000020000154      0x8a8
                0x0000000020000154                _sbss = .
                0x0000000020000154                __bss_start__ = _sbss
 *(.bss)
 .bss           0x0000000020000154       0x1c C:/ST/STM32CubeIDE_1.14.1/STM32CubeIDE/plugins/com.st.stm32cube.ide.mcu.externaltools.gnu-tools-for-stm32.11.3.rel1.win32_1.1.100.202309141235/tools/bin/../lib/gcc/arm-none-eabi/11.3.1/thumb/v7e-m+fp/hard/crtbegin.o
 *(.bss*)
 .bss.timesUp   0x0000000020000170        0x1 ./Core/Src/headsUp.o
                0x0000000020000170                timesUp
 *fill*         0x0000000020000171        0x3 
 .bss.wordsCount.2
                0x0000000020000174        0x4 ./Core/Src/headsUp.o
 .bss.usedIndices.1
                0x0000000020000178      0x190 ./Core/Src/headsUp.o
 .bss.words.0   0x0000000020000308      0x190 ./Core/Src/headsUp.o
 .bss.hi2c1     0x0000000020000498       0x54 ./Core/Src/initialise.o
                0x0000000020000498                hi2c1
 .bss.hspi1     0x00000000200004ec       0x64 ./Core/Src/initialise.o
                0x00000000200004ec                hspi1
 .bss.hpcd_USB_FS
                0x0000000020000550      0x2ec ./Core/Src/initialise.o
                0x0000000020000550                hpcd_USB_FS
 .bss.__sbrk_heap_end
                0x000000002000083c        0x4 ./Core/Src/sysmem.o
 .bss.TIM2_callback_function
                0x0000000020000840        0x4 ./Core/Src/timers.o
                0x0000000020000840                TIM2_callback_function
 .bss.uwTick    0x0000000020000844        0x4 ./Drivers/STM32F3xx_HAL_Driver/Src/stm32f3xx_hal.o
                0x0000000020000844                uwTick
 .bss.GyroscopeDrv
                0x0000000020000848        0x4 C:\Users\omara\OneDrive\Desktop\2024 S1 Files\MATRX2700 Assembly Examples\STMF3disco-BSP\Debug\libSTMF3disco-BSP.a(stm32f3_discovery_gyroscope.o)
 .bss.SpiHandle
                0x000000002000084c       0x64 C:\Users\omara\OneDrive\Desktop\2024 S1 Files\MATRX2700 Assembly Examples\STMF3disco-BSP\Debug\libSTMF3disco-BSP.a(stm32f3_discovery.o)
 .bss.__sf      0x00000000200008b0      0x138 C:/ST/STM32CubeIDE_1.14.1/STM32CubeIDE/plugins/com.st.stm32cube.ide.mcu.externaltools.gnu-tools-for-stm32.11.3.rel1.win32_1.1.100.202309141235/tools/bin/../lib/gcc/arm-none-eabi/11.3.1/../../../../arm-none-eabi/lib/thumb/v7e-m+fp/hard\libc_nano.a(libc_a-findfp.o)
                0x00000000200008b0                __sf
 .bss.__stdio_exit_handler
                0x00000000200009e8        0x4 C:/ST/STM32CubeIDE_1.14.1/STM32CubeIDE/plugins/com.st.stm32cube.ide.mcu.externaltools.gnu-tools-for-stm32.11.3.rel1.win32_1.1.100.202309141235/tools/bin/../lib/gcc/arm-none-eabi/11.3.1/../../../../arm-none-eabi/lib/thumb/v7e-m+fp/hard\libc_nano.a(libc_a-findfp.o)
                0x00000000200009e8                __stdio_exit_handler
 .bss.errno     0x00000000200009ec        0x4 C:/ST/STM32CubeIDE_1.14.1/STM32CubeIDE/plugins/com.st.stm32cube.ide.mcu.externaltools.gnu-tools-for-stm32.11.3.rel1.win32_1.1.100.202309141235/tools/bin/../lib/gcc/arm-none-eabi/11.3.1/../../../../arm-none-eabi/lib/thumb/v7e-m+fp/hard\libc_nano.a(libc_a-reent.o)
                0x00000000200009ec                errno
 .bss.__lock___malloc_recursive_mutex
                0x00000000200009f0        0x1 C:/ST/STM32CubeIDE_1.14.1/STM32CubeIDE/plugins/com.st.stm32cube.ide.mcu.externaltools.gnu-tools-for-stm32.11.3.rel1.win32_1.1.100.202309141235/tools/bin/../lib/gcc/arm-none-eabi/11.3.1/../../../../arm-none-eabi/lib/thumb/v7e-m+fp/hard\libc_nano.a(libc_a-lock.o)
                0x00000000200009f0                __lock___malloc_recursive_mutex
 .bss.__lock___sfp_recursive_mutex
                0x00000000200009f1        0x1 C:/ST/STM32CubeIDE_1.14.1/STM32CubeIDE/plugins/com.st.stm32cube.ide.mcu.externaltools.gnu-tools-for-stm32.11.3.rel1.win32_1.1.100.202309141235/tools/bin/../lib/gcc/arm-none-eabi/11.3.1/../../../../arm-none-eabi/lib/thumb/v7e-m+fp/hard\libc_nano.a(libc_a-lock.o)
                0x00000000200009f1                __lock___sfp_recursive_mutex
 *fill*         0x00000000200009f2        0x2 
 .bss.__malloc_free_list
                0x00000000200009f4        0x4 C:/ST/STM32CubeIDE_1.14.1/STM32CubeIDE/plugins/com.st.stm32cube.ide.mcu.externaltools.gnu-tools-for-stm32.11.3.rel1.win32_1.1.100.202309141235/tools/bin/../lib/gcc/arm-none-eabi/11.3.1/../../../../arm-none-eabi/lib/thumb/v7e-m+fp/hard\libc_nano.a(libc_a-mallocr.o)
                0x00000000200009f4                __malloc_free_list
 .bss.__malloc_sbrk_start
                0x00000000200009f8        0x4 C:/ST/STM32CubeIDE_1.14.1/STM32CubeIDE/plugins/com.st.stm32cube.ide.mcu.externaltools.gnu-tools-for-stm32.11.3.rel1.win32_1.1.100.202309141235/tools/bin/../lib/gcc/arm-none-eabi/11.3.1/../../../../arm-none-eabi/lib/thumb/v7e-m+fp/hard\libc_nano.a(libc_a-mallocr.o)
                0x00000000200009f8                __malloc_sbrk_start
 *(COMMON)
                0x00000000200009fc                . = ALIGN (0x4)
                0x00000000200009fc                _ebss = .
                0x00000000200009fc                __bss_end__ = _ebss

._user_heap_stack
                0x00000000200009fc      0x604
                0x0000000020000a00                . = ALIGN (0x8)
 *fill*         0x00000000200009fc        0x4 
                [!provide]                        PROVIDE (end = .)
                0x0000000020000a00                PROVIDE (_end = .)
                0x0000000020000c00                . = (. + _Min_Heap_Size)
 *fill*         0x0000000020000a00      0x200 
                0x0000000020001000                . = (. + _Min_Stack_Size)
 *fill*         0x0000000020000c00      0x400 
                0x0000000020001000                . = ALIGN (0x8)

/DISCARD/
 libc.a(*)
 libm.a(*)
 libgcc.a(*)

.ARM.attributes
                0x0000000000000000       0x30
 *(.ARM.attributes)
 .ARM.attributes
                0x0000000000000000       0x1e C:/ST/STM32CubeIDE_1.14.1/STM32CubeIDE/plugins/com.st.stm32cube.ide.mcu.externaltools.gnu-tools-for-stm32.11.3.rel1.win32_1.1.100.202309141235/tools/bin/../lib/gcc/arm-none-eabi/11.3.1/thumb/v7e-m+fp/hard/crti.o
 .ARM.attributes
                0x000000000000001e       0x34 C:/ST/STM32CubeIDE_1.14.1/STM32CubeIDE/plugins/com.st.stm32cube.ide.mcu.externaltools.gnu-tools-for-stm32.11.3.rel1.win32_1.1.100.202309141235/tools/bin/../lib/gcc/arm-none-eabi/11.3.1/thumb/v7e-m+fp/hard/crtbegin.o
 .ARM.attributes
                0x0000000000000052       0x34 ./Core/Src/digital_io.o
 .ARM.attributes
                0x0000000000000086       0x34 ./Core/Src/gyroscope.o
 .ARM.attributes
                0x00000000000000ba       0x34 ./Core/Src/headsUp.o
 .ARM.attributes
                0x00000000000000ee       0x34 ./Core/Src/initialise.o
 .ARM.attributes
                0x0000000000000122       0x34 ./Core/Src/main.o
 .ARM.attributes
                0x0000000000000156       0x34 ./Core/Src/serial.o
 .ARM.attributes
                0x000000000000018a       0x34 ./Core/Src/stm32f3xx_hal_msp.o
 .ARM.attributes
                0x00000000000001be       0x34 ./Core/Src/stm32f3xx_it.o
 .ARM.attributes
                0x00000000000001f2       0x34 ./Core/Src/syscalls.o
 .ARM.attributes
                0x0000000000000226       0x34 ./Core/Src/sysmem.o
 .ARM.attributes
                0x000000000000025a       0x34 ./Core/Src/system_stm32f3xx.o
 .ARM.attributes
                0x000000000000028e       0x34 ./Core/Src/timers.o
 .ARM.attributes
                0x00000000000002c2       0x21 ./Core/Startup/startup_stm32f303vctx.o
 .ARM.attributes
                0x00000000000002e3       0x34 ./Drivers/STM32F3xx_HAL_Driver/Src/stm32f3xx_hal.o
 .ARM.attributes
                0x0000000000000317       0x34 ./Drivers/STM32F3xx_HAL_Driver/Src/stm32f3xx_hal_cortex.o
 .ARM.attributes
                0x000000000000034b       0x34 ./Drivers/STM32F3xx_HAL_Driver/Src/stm32f3xx_hal_gpio.o
 .ARM.attributes
                0x000000000000037f       0x34 ./Drivers/STM32F3xx_HAL_Driver/Src/stm32f3xx_hal_i2c.o
 .ARM.attributes
                0x00000000000003b3       0x34 ./Drivers/STM32F3xx_HAL_Driver/Src/stm32f3xx_hal_i2c_ex.o
 .ARM.attributes
                0x00000000000003e7       0x34 ./Drivers/STM32F3xx_HAL_Driver/Src/stm32f3xx_hal_pcd.o
 .ARM.attributes
                0x000000000000041b       0x34 ./Drivers/STM32F3xx_HAL_Driver/Src/stm32f3xx_hal_rcc.o
 .ARM.attributes
                0x000000000000044f       0x34 ./Drivers/STM32F3xx_HAL_Driver/Src/stm32f3xx_hal_rcc_ex.o
 .ARM.attributes
                0x0000000000000483       0x34 ./Drivers/STM32F3xx_HAL_Driver/Src/stm32f3xx_hal_spi.o
 .ARM.attributes
                0x00000000000004b7       0x34 ./Drivers/STM32F3xx_HAL_Driver/Src/stm32f3xx_ll_usb.o
 .ARM.attributes
                0x00000000000004eb       0x34 C:\Users\omara\OneDrive\Desktop\2024 S1 Files\MATRX2700 Assembly Examples\STMF3disco-BSP\Debug\libSTMF3disco-BSP.a(stm32f3_discovery_gyroscope.o)
 .ARM.attributes
                0x000000000000051f       0x34 C:\Users\omara\OneDrive\Desktop\2024 S1 Files\MATRX2700 Assembly Examples\STMF3disco-BSP\Debug\libSTMF3disco-BSP.a(i3g4250d.o)
 .ARM.attributes
                0x0000000000000553       0x34 C:\Users\omara\OneDrive\Desktop\2024 S1 Files\MATRX2700 Assembly Examples\STMF3disco-BSP\Debug\libSTMF3disco-BSP.a(l3gd20.o)
 .ARM.attributes
                0x0000000000000587       0x34 C:\Users\omara\OneDrive\Desktop\2024 S1 Files\MATRX2700 Assembly Examples\STMF3disco-BSP\Debug\libSTMF3disco-BSP.a(stm32f3_discovery.o)
 .ARM.attributes
                0x00000000000005bb       0x34 C:/ST/STM32CubeIDE_1.14.1/STM32CubeIDE/plugins/com.st.stm32cube.ide.mcu.externaltools.gnu-tools-for-stm32.11.3.rel1.win32_1.1.100.202309141235/tools/bin/../lib/gcc/arm-none-eabi/11.3.1/../../../../arm-none-eabi/lib/thumb/v7e-m+fp/hard\libc_nano.a(libc_a-rand.o)
 .ARM.attributes
                0x00000000000005ef       0x34 C:/ST/STM32CubeIDE_1.14.1/STM32CubeIDE/plugins/com.st.stm32cube.ide.mcu.externaltools.gnu-tools-for-stm32.11.3.rel1.win32_1.1.100.202309141235/tools/bin/../lib/gcc/arm-none-eabi/11.3.1/../../../../arm-none-eabi/lib/thumb/v7e-m+fp/hard\libc_nano.a(libc_a-findfp.o)
 .ARM.attributes
                0x0000000000000623       0x34 C:/ST/STM32CubeIDE_1.14.1/STM32CubeIDE/plugins/com.st.stm32cube.ide.mcu.externaltools.gnu-tools-for-stm32.11.3.rel1.win32_1.1.100.202309141235/tools/bin/../lib/gcc/arm-none-eabi/11.3.1/../../../../arm-none-eabi/lib/thumb/v7e-m+fp/hard\libc_nano.a(libc_a-fwalk.o)
 .ARM.attributes
                0x0000000000000657       0x34 C:/ST/STM32CubeIDE_1.14.1/STM32CubeIDE/plugins/com.st.stm32cube.ide.mcu.externaltools.gnu-tools-for-stm32.11.3.rel1.win32_1.1.100.202309141235/tools/bin/../lib/gcc/arm-none-eabi/11.3.1/../../../../arm-none-eabi/lib/thumb/v7e-m+fp/hard\libc_nano.a(libc_a-sprintf.o)
 .ARM.attributes
                0x000000000000068b       0x34 C:/ST/STM32CubeIDE_1.14.1/STM32CubeIDE/plugins/com.st.stm32cube.ide.mcu.externaltools.gnu-tools-for-stm32.11.3.rel1.win32_1.1.100.202309141235/tools/bin/../lib/gcc/arm-none-eabi/11.3.1/../../../../arm-none-eabi/lib/thumb/v7e-m+fp/hard\libc_nano.a(libc_a-stdio.o)
 .ARM.attributes
                0x00000000000006bf       0x34 C:/ST/STM32CubeIDE_1.14.1/STM32CubeIDE/plugins/com.st.stm32cube.ide.mcu.externaltools.gnu-tools-for-stm32.11.3.rel1.win32_1.1.100.202309141235/tools/bin/../lib/gcc/arm-none-eabi/11.3.1/../../../../arm-none-eabi/lib/thumb/v7e-m+fp/hard\libc_nano.a(libc_a-memset.o)
 .ARM.attributes
                0x00000000000006f3       0x34 C:/ST/STM32CubeIDE_1.14.1/STM32CubeIDE/plugins/com.st.stm32cube.ide.mcu.externaltools.gnu-tools-for-stm32.11.3.rel1.win32_1.1.100.202309141235/tools/bin/../lib/gcc/arm-none-eabi/11.3.1/../../../../arm-none-eabi/lib/thumb/v7e-m+fp/hard\libc_nano.a(libc_a-closer.o)
 .ARM.attributes
                0x0000000000000727       0x34 C:/ST/STM32CubeIDE_1.14.1/STM32CubeIDE/plugins/com.st.stm32cube.ide.mcu.externaltools.gnu-tools-for-stm32.11.3.rel1.win32_1.1.100.202309141235/tools/bin/../lib/gcc/arm-none-eabi/11.3.1/../../../../arm-none-eabi/lib/thumb/v7e-m+fp/hard\libc_nano.a(libc_a-reent.o)
 .ARM.attributes
                0x000000000000075b       0x34 C:/ST/STM32CubeIDE_1.14.1/STM32CubeIDE/plugins/com.st.stm32cube.ide.mcu.externaltools.gnu-tools-for-stm32.11.3.rel1.win32_1.1.100.202309141235/tools/bin/../lib/gcc/arm-none-eabi/11.3.1/../../../../arm-none-eabi/lib/thumb/v7e-m+fp/hard\libc_nano.a(libc_a-impure.o)
 .ARM.attributes
                0x000000000000078f       0x34 C:/ST/STM32CubeIDE_1.14.1/STM32CubeIDE/plugins/com.st.stm32cube.ide.mcu.externaltools.gnu-tools-for-stm32.11.3.rel1.win32_1.1.100.202309141235/tools/bin/../lib/gcc/arm-none-eabi/11.3.1/../../../../arm-none-eabi/lib/thumb/v7e-m+fp/hard\libc_nano.a(libc_a-lseekr.o)
 .ARM.attributes
                0x00000000000007c3       0x34 C:/ST/STM32CubeIDE_1.14.1/STM32CubeIDE/plugins/com.st.stm32cube.ide.mcu.externaltools.gnu-tools-for-stm32.11.3.rel1.win32_1.1.100.202309141235/tools/bin/../lib/gcc/arm-none-eabi/11.3.1/../../../../arm-none-eabi/lib/thumb/v7e-m+fp/hard\libc_nano.a(libc_a-readr.o)
 .ARM.attributes
                0x00000000000007f7       0x34 C:/ST/STM32CubeIDE_1.14.1/STM32CubeIDE/plugins/com.st.stm32cube.ide.mcu.externaltools.gnu-tools-for-stm32.11.3.rel1.win32_1.1.100.202309141235/tools/bin/../lib/gcc/arm-none-eabi/11.3.1/../../../../arm-none-eabi/lib/thumb/v7e-m+fp/hard\libc_nano.a(libc_a-writer.o)
 .ARM.attributes
                0x000000000000082b       0x34 C:/ST/STM32CubeIDE_1.14.1/STM32CubeIDE/plugins/com.st.stm32cube.ide.mcu.externaltools.gnu-tools-for-stm32.11.3.rel1.win32_1.1.100.202309141235/tools/bin/../lib/gcc/arm-none-eabi/11.3.1/../../../../arm-none-eabi/lib/thumb/v7e-m+fp/hard\libc_nano.a(libc_a-errno.o)
 .ARM.attributes
                0x000000000000085f       0x34 C:/ST/STM32CubeIDE_1.14.1/STM32CubeIDE/plugins/com.st.stm32cube.ide.mcu.externaltools.gnu-tools-for-stm32.11.3.rel1.win32_1.1.100.202309141235/tools/bin/../lib/gcc/arm-none-eabi/11.3.1/../../../../arm-none-eabi/lib/thumb/v7e-m+fp/hard\libc_nano.a(libc_a-init.o)
 .ARM.attributes
                0x0000000000000893       0x34 C:/ST/STM32CubeIDE_1.14.1/STM32CubeIDE/plugins/com.st.stm32cube.ide.mcu.externaltools.gnu-tools-for-stm32.11.3.rel1.win32_1.1.100.202309141235/tools/bin/../lib/gcc/arm-none-eabi/11.3.1/../../../../arm-none-eabi/lib/thumb/v7e-m+fp/hard\libc_nano.a(libc_a-lock.o)
 .ARM.attributes
                0x00000000000008c7       0x34 C:/ST/STM32CubeIDE_1.14.1/STM32CubeIDE/plugins/com.st.stm32cube.ide.mcu.externaltools.gnu-tools-for-stm32.11.3.rel1.win32_1.1.100.202309141235/tools/bin/../lib/gcc/arm-none-eabi/11.3.1/../../../../arm-none-eabi/lib/thumb/v7e-m+fp/hard\libc_nano.a(libc_a-strcpy.o)
 .ARM.attributes
                0x00000000000008fb       0x34 C:/ST/STM32CubeIDE_1.14.1/STM32CubeIDE/plugins/com.st.stm32cube.ide.mcu.externaltools.gnu-tools-for-stm32.11.3.rel1.win32_1.1.100.202309141235/tools/bin/../lib/gcc/arm-none-eabi/11.3.1/../../../../arm-none-eabi/lib/thumb/v7e-m+fp/hard\libc_nano.a(libc_a-memcpy-stub.o)
 .ARM.attributes
                0x000000000000092f       0x34 C:/ST/STM32CubeIDE_1.14.1/STM32CubeIDE/plugins/com.st.stm32cube.ide.mcu.externaltools.gnu-tools-for-stm32.11.3.rel1.win32_1.1.100.202309141235/tools/bin/../lib/gcc/arm-none-eabi/11.3.1/../../../../arm-none-eabi/lib/thumb/v7e-m+fp/hard\libc_nano.a(libc_a-assert.o)
 .ARM.attributes
                0x0000000000000963       0x34 C:/ST/STM32CubeIDE_1.14.1/STM32CubeIDE/plugins/com.st.stm32cube.ide.mcu.externaltools.gnu-tools-for-stm32.11.3.rel1.win32_1.1.100.202309141235/tools/bin/../lib/gcc/arm-none-eabi/11.3.1/../../../../arm-none-eabi/lib/thumb/v7e-m+fp/hard\libc_nano.a(libc_a-freer.o)
 .ARM.attributes
                0x0000000000000997       0x34 C:/ST/STM32CubeIDE_1.14.1/STM32CubeIDE/plugins/com.st.stm32cube.ide.mcu.externaltools.gnu-tools-for-stm32.11.3.rel1.win32_1.1.100.202309141235/tools/bin/../lib/gcc/arm-none-eabi/11.3.1/../../../../arm-none-eabi/lib/thumb/v7e-m+fp/hard\libc_nano.a(libc_a-malloc.o)
 .ARM.attributes
                0x00000000000009cb       0x34 C:/ST/STM32CubeIDE_1.14.1/STM32CubeIDE/plugins/com.st.stm32cube.ide.mcu.externaltools.gnu-tools-for-stm32.11.3.rel1.win32_1.1.100.202309141235/tools/bin/../lib/gcc/arm-none-eabi/11.3.1/../../../../arm-none-eabi/lib/thumb/v7e-m+fp/hard\libc_nano.a(libc_a-mallocr.o)
 .ARM.attributes
                0x00000000000009ff       0x34 C:/ST/STM32CubeIDE_1.14.1/STM32CubeIDE/plugins/com.st.stm32cube.ide.mcu.externaltools.gnu-tools-for-stm32.11.3.rel1.win32_1.1.100.202309141235/tools/bin/../lib/gcc/arm-none-eabi/11.3.1/../../../../arm-none-eabi/lib/thumb/v7e-m+fp/hard\libc_nano.a(libc_a-mlock.o)
 .ARM.attributes
                0x0000000000000a33       0x34 C:/ST/STM32CubeIDE_1.14.1/STM32CubeIDE/plugins/com.st.stm32cube.ide.mcu.externaltools.gnu-tools-for-stm32.11.3.rel1.win32_1.1.100.202309141235/tools/bin/../lib/gcc/arm-none-eabi/11.3.1/../../../../arm-none-eabi/lib/thumb/v7e-m+fp/hard\libc_nano.a(libc_a-nano-svfprintf.o)
 .ARM.attributes
                0x0000000000000a67       0x34 C:/ST/STM32CubeIDE_1.14.1/STM32CubeIDE/plugins/com.st.stm32cube.ide.mcu.externaltools.gnu-tools-for-stm32.11.3.rel1.win32_1.1.100.202309141235/tools/bin/../lib/gcc/arm-none-eabi/11.3.1/../../../../arm-none-eabi/lib/thumb/v7e-m+fp/hard\libc_nano.a(libc_a-nano-vfprintf_i.o)
 .ARM.attributes
                0x0000000000000a9b       0x34 C:/ST/STM32CubeIDE_1.14.1/STM32CubeIDE/plugins/com.st.stm32cube.ide.mcu.externaltools.gnu-tools-for-stm32.11.3.rel1.win32_1.1.100.202309141235/tools/bin/../lib/gcc/arm-none-eabi/11.3.1/../../../../arm-none-eabi/lib/thumb/v7e-m+fp/hard\libc_nano.a(libc_a-fflush.o)
 .ARM.attributes
                0x0000000000000acf       0x34 C:/ST/STM32CubeIDE_1.14.1/STM32CubeIDE/plugins/com.st.stm32cube.ide.mcu.externaltools.gnu-tools-for-stm32.11.3.rel1.win32_1.1.100.202309141235/tools/bin/../lib/gcc/arm-none-eabi/11.3.1/../../../../arm-none-eabi/lib/thumb/v7e-m+fp/hard\libc_nano.a(libc_a-fprintf.o)
 .ARM.attributes
                0x0000000000000b03       0x34 C:/ST/STM32CubeIDE_1.14.1/STM32CubeIDE/plugins/com.st.stm32cube.ide.mcu.externaltools.gnu-tools-for-stm32.11.3.rel1.win32_1.1.100.202309141235/tools/bin/../lib/gcc/arm-none-eabi/11.3.1/../../../../arm-none-eabi/lib/thumb/v7e-m+fp/hard\libc_nano.a(libc_a-memmove.o)
 .ARM.attributes
                0x0000000000000b37       0x34 C:/ST/STM32CubeIDE_1.14.1/STM32CubeIDE/plugins/com.st.stm32cube.ide.mcu.externaltools.gnu-tools-for-stm32.11.3.rel1.win32_1.1.100.202309141235/tools/bin/../lib/gcc/arm-none-eabi/11.3.1/../../../../arm-none-eabi/lib/thumb/v7e-m+fp/hard\libc_nano.a(libc_a-sbrkr.o)
 .ARM.attributes
                0x0000000000000b6b       0x1c C:/ST/STM32CubeIDE_1.14.1/STM32CubeIDE/plugins/com.st.stm32cube.ide.mcu.externaltools.gnu-tools-for-stm32.11.3.rel1.win32_1.1.100.202309141235/tools/bin/../lib/gcc/arm-none-eabi/11.3.1/../../../../arm-none-eabi/lib/thumb/v7e-m+fp/hard\libc_nano.a(libc_a-memchr.o)
 .ARM.attributes
                0x0000000000000b87       0x34 C:/ST/STM32CubeIDE_1.14.1/STM32CubeIDE/plugins/com.st.stm32cube.ide.mcu.externaltools.gnu-tools-for-stm32.11.3.rel1.win32_1.1.100.202309141235/tools/bin/../lib/gcc/arm-none-eabi/11.3.1/../../../../arm-none-eabi/lib/thumb/v7e-m+fp/hard\libc_nano.a(libc_a-abort.o)
 .ARM.attributes
                0x0000000000000bbb       0x34 C:/ST/STM32CubeIDE_1.14.1/STM32CubeIDE/plugins/com.st.stm32cube.ide.mcu.externaltools.gnu-tools-for-stm32.11.3.rel1.win32_1.1.100.202309141235/tools/bin/../lib/gcc/arm-none-eabi/11.3.1/../../../../arm-none-eabi/lib/thumb/v7e-m+fp/hard\libc_nano.a(libc_a-reallocr.o)
 .ARM.attributes
                0x0000000000000bef       0x34 C:/ST/STM32CubeIDE_1.14.1/STM32CubeIDE/plugins/com.st.stm32cube.ide.mcu.externaltools.gnu-tools-for-stm32.11.3.rel1.win32_1.1.100.202309141235/tools/bin/../lib/gcc/arm-none-eabi/11.3.1/../../../../arm-none-eabi/lib/thumb/v7e-m+fp/hard\libc_nano.a(libc_a-nano-vfprintf.o)
 .ARM.attributes
                0x0000000000000c23       0x34 C:/ST/STM32CubeIDE_1.14.1/STM32CubeIDE/plugins/com.st.stm32cube.ide.mcu.externaltools.gnu-tools-for-stm32.11.3.rel1.win32_1.1.100.202309141235/tools/bin/../lib/gcc/arm-none-eabi/11.3.1/../../../../arm-none-eabi/lib/thumb/v7e-m+fp/hard\libc_nano.a(libc_a-wbuf.o)
 .ARM.attributes
                0x0000000000000c57       0x34 C:/ST/STM32CubeIDE_1.14.1/STM32CubeIDE/plugins/com.st.stm32cube.ide.mcu.externaltools.gnu-tools-for-stm32.11.3.rel1.win32_1.1.100.202309141235/tools/bin/../lib/gcc/arm-none-eabi/11.3.1/../../../../arm-none-eabi/lib/thumb/v7e-m+fp/hard\libc_nano.a(libc_a-wsetup.o)
 .ARM.attributes
                0x0000000000000c8b       0x34 C:/ST/STM32CubeIDE_1.14.1/STM32CubeIDE/plugins/com.st.stm32cube.ide.mcu.externaltools.gnu-tools-for-stm32.11.3.rel1.win32_1.1.100.202309141235/tools/bin/../lib/gcc/arm-none-eabi/11.3.1/../../../../arm-none-eabi/lib/thumb/v7e-m+fp/hard\libc_nano.a(libc_a-signal.o)
 .ARM.attributes
                0x0000000000000cbf       0x34 C:/ST/STM32CubeIDE_1.14.1/STM32CubeIDE/plugins/com.st.stm32cube.ide.mcu.externaltools.gnu-tools-for-stm32.11.3.rel1.win32_1.1.100.202309141235/tools/bin/../lib/gcc/arm-none-eabi/11.3.1/../../../../arm-none-eabi/lib/thumb/v7e-m+fp/hard\libc_nano.a(libc_a-signalr.o)
 .ARM.attributes
                0x0000000000000cf3       0x34 C:/ST/STM32CubeIDE_1.14.1/STM32CubeIDE/plugins/com.st.stm32cube.ide.mcu.externaltools.gnu-tools-for-stm32.11.3.rel1.win32_1.1.100.202309141235/tools/bin/../lib/gcc/arm-none-eabi/11.3.1/../../../../arm-none-eabi/lib/thumb/v7e-m+fp/hard\libc_nano.a(libc_a-msizer.o)
 .ARM.attributes
                0x0000000000000d27       0x34 C:/ST/STM32CubeIDE_1.14.1/STM32CubeIDE/plugins/com.st.stm32cube.ide.mcu.externaltools.gnu-tools-for-stm32.11.3.rel1.win32_1.1.100.202309141235/tools/bin/../lib/gcc/arm-none-eabi/11.3.1/../../../../arm-none-eabi/lib/thumb/v7e-m+fp/hard\libc_nano.a(libc_a-makebuf.o)
 .ARM.attributes
                0x0000000000000d5b       0x34 C:/ST/STM32CubeIDE_1.14.1/STM32CubeIDE/plugins/com.st.stm32cube.ide.mcu.externaltools.gnu-tools-for-stm32.11.3.rel1.win32_1.1.100.202309141235/tools/bin/../lib/gcc/arm-none-eabi/11.3.1/../../../../arm-none-eabi/lib/thumb/v7e-m+fp/hard\libc_nano.a(libc_a-fstatr.o)
 .ARM.attributes
                0x0000000000000d8f       0x34 C:/ST/STM32CubeIDE_1.14.1/STM32CubeIDE/plugins/com.st.stm32cube.ide.mcu.externaltools.gnu-tools-for-stm32.11.3.rel1.win32_1.1.100.202309141235/tools/bin/../lib/gcc/arm-none-eabi/11.3.1/../../../../arm-none-eabi/lib/thumb/v7e-m+fp/hard\libc_nano.a(libc_a-isattyr.o)
 .ARM.attributes
                0x0000000000000dc3       0x1e C:/ST/STM32CubeIDE_1.14.1/STM32CubeIDE/plugins/com.st.stm32cube.ide.mcu.externaltools.gnu-tools-for-stm32.11.3.rel1.win32_1.1.100.202309141235/tools/bin/../lib/gcc/arm-none-eabi/11.3.1/thumb/v7e-m+fp/hard/crtn.o
OUTPUT(Major Project.elf elf32-littlearm)
LOAD linker stubs
LOAD C:/ST/STM32CubeIDE_1.14.1/STM32CubeIDE/plugins/com.st.stm32cube.ide.mcu.externaltools.gnu-tools-for-stm32.11.3.rel1.win32_1.1.100.202309141235/tools/bin/../lib/gcc/arm-none-eabi/11.3.1/../../../../arm-none-eabi/lib/thumb/v7e-m+fp/hard\libc.a
LOAD C:/ST/STM32CubeIDE_1.14.1/STM32CubeIDE/plugins/com.st.stm32cube.ide.mcu.externaltools.gnu-tools-for-stm32.11.3.rel1.win32_1.1.100.202309141235/tools/bin/../lib/gcc/arm-none-eabi/11.3.1/../../../../arm-none-eabi/lib/thumb/v7e-m+fp/hard\libm.a
LOAD C:/ST/STM32CubeIDE_1.14.1/STM32CubeIDE/plugins/com.st.stm32cube.ide.mcu.externaltools.gnu-tools-for-stm32.11.3.rel1.win32_1.1.100.202309141235/tools/bin/../lib/gcc/arm-none-eabi/11.3.1/thumb/v7e-m+fp/hard\libgcc.a

.comment        0x0000000000000000       0x43
 .comment       0x0000000000000000       0x43 C:/ST/STM32CubeIDE_1.14.1/STM32CubeIDE/plugins/com.st.stm32cube.ide.mcu.externaltools.gnu-tools-for-stm32.11.3.rel1.win32_1.1.100.202309141235/tools/bin/../lib/gcc/arm-none-eabi/11.3.1/thumb/v7e-m+fp/hard/crtbegin.o
                                         0x44 (size before relaxing)
 .comment       0x0000000000000043       0x44 ./Core/Src/digital_io.o
 .comment       0x0000000000000043       0x44 ./Core/Src/gyroscope.o
 .comment       0x0000000000000043       0x44 ./Core/Src/headsUp.o
 .comment       0x0000000000000043       0x44 ./Core/Src/initialise.o
 .comment       0x0000000000000043       0x44 ./Core/Src/main.o
 .comment       0x0000000000000043       0x44 ./Core/Src/serial.o
 .comment       0x0000000000000043       0x44 ./Core/Src/stm32f3xx_hal_msp.o
 .comment       0x0000000000000043       0x44 ./Core/Src/stm32f3xx_it.o
 .comment       0x0000000000000043       0x44 ./Core/Src/syscalls.o
 .comment       0x0000000000000043       0x44 ./Core/Src/sysmem.o
 .comment       0x0000000000000043       0x44 ./Core/Src/system_stm32f3xx.o
 .comment       0x0000000000000043       0x44 ./Core/Src/timers.o
 .comment       0x0000000000000043       0x44 ./Drivers/STM32F3xx_HAL_Driver/Src/stm32f3xx_hal.o
 .comment       0x0000000000000043       0x44 ./Drivers/STM32F3xx_HAL_Driver/Src/stm32f3xx_hal_cortex.o
 .comment       0x0000000000000043       0x44 ./Drivers/STM32F3xx_HAL_Driver/Src/stm32f3xx_hal_gpio.o
 .comment       0x0000000000000043       0x44 ./Drivers/STM32F3xx_HAL_Driver/Src/stm32f3xx_hal_i2c.o
 .comment       0x0000000000000043       0x44 ./Drivers/STM32F3xx_HAL_Driver/Src/stm32f3xx_hal_i2c_ex.o
 .comment       0x0000000000000043       0x44 ./Drivers/STM32F3xx_HAL_Driver/Src/stm32f3xx_hal_pcd.o
 .comment       0x0000000000000043       0x44 ./Drivers/STM32F3xx_HAL_Driver/Src/stm32f3xx_hal_rcc.o
 .comment       0x0000000000000043       0x44 ./Drivers/STM32F3xx_HAL_Driver/Src/stm32f3xx_hal_rcc_ex.o
 .comment       0x0000000000000043       0x44 ./Drivers/STM32F3xx_HAL_Driver/Src/stm32f3xx_hal_spi.o
 .comment       0x0000000000000043       0x44 ./Drivers/STM32F3xx_HAL_Driver/Src/stm32f3xx_ll_usb.o
 .comment       0x0000000000000043       0x44 C:\Users\omara\OneDrive\Desktop\2024 S1 Files\MATRX2700 Assembly Examples\STMF3disco-BSP\Debug\libSTMF3disco-BSP.a(stm32f3_discovery_gyroscope.o)
 .comment       0x0000000000000043       0x44 C:\Users\omara\OneDrive\Desktop\2024 S1 Files\MATRX2700 Assembly Examples\STMF3disco-BSP\Debug\libSTMF3disco-BSP.a(i3g4250d.o)
 .comment       0x0000000000000043       0x44 C:\Users\omara\OneDrive\Desktop\2024 S1 Files\MATRX2700 Assembly Examples\STMF3disco-BSP\Debug\libSTMF3disco-BSP.a(l3gd20.o)
 .comment       0x0000000000000043       0x44 C:\Users\omara\OneDrive\Desktop\2024 S1 Files\MATRX2700 Assembly Examples\STMF3disco-BSP\Debug\libSTMF3disco-BSP.a(stm32f3_discovery.o)

.debug_info     0x0000000000000000    0x10dd9
 .debug_info    0x0000000000000000      0x1ee ./Core/Src/digital_io.o
 .debug_info    0x00000000000001ee       0xd4 ./Core/Src/gyroscope.o
 .debug_info    0x00000000000002c2      0x415 ./Core/Src/headsUp.o
 .debug_info    0x00000000000006d7     0x1481 ./Core/Src/initialise.o
 .debug_info    0x0000000000001b58      0x1f1 ./Core/Src/main.o
 .debug_info    0x0000000000001d49      0x779 ./Core/Src/serial.o
 .debug_info    0x00000000000024c2     0x1070 ./Core/Src/stm32f3xx_hal_msp.o
 .debug_info    0x0000000000003532      0x113 ./Core/Src/stm32f3xx_it.o
 .debug_info    0x0000000000003645      0x6a3 ./Core/Src/syscalls.o
 .debug_info    0x0000000000003ce8      0x168 ./Core/Src/sysmem.o
 .debug_info    0x0000000000003e50      0x407 ./Core/Src/system_stm32f3xx.o
 .debug_info    0x0000000000004257      0x83b ./Core/Src/timers.o
 .debug_info    0x0000000000004a92       0x23 ./Core/Startup/startup_stm32f303vctx.o
 .debug_info    0x0000000000004ab5      0x7d4 ./Drivers/STM32F3xx_HAL_Driver/Src/stm32f3xx_hal.o