Archive member included to satisfy reference by file (symbol)

C:\Users\quang\OneDrive - The University of Sydney (Students)\Year 2\Semester 1\MTRX2700\MTRX2700-2024\STMF3disco-BSP\Debug\libSTMF3disco-BSP.a(stm32f3_discovery_gyroscope.o)
                              ./Core/Src/initialise.o (BSP_GYRO_Init)
C:\Users\quang\OneDrive - The University of Sydney (Students)\Year 2\Semester 1\MTRX2700\MTRX2700-2024\STMF3disco-BSP\Debug\libSTMF3disco-BSP.a(i3g4250d.o)
                              C:\Users\quang\OneDrive - The University of Sydney (Students)\Year 2\Semester 1\MTRX2700\MTRX2700-2024\STMF3disco-BSP\Debug\libSTMF3disco-BSP.a(stm32f3_discovery_gyroscope.o) (I3g4250Drv)
C:\Users\quang\OneDrive - The University of Sydney (Students)\Year 2\Semester 1\MTRX2700\MTRX2700-2024\STMF3disco-BSP\Debug\libSTMF3disco-BSP.a(l3gd20.o)
                              C:\Users\quang\OneDrive - The University of Sydney (Students)\Year 2\Semester 1\MTRX2700\MTRX2700-2024\STMF3disco-BSP\Debug\libSTMF3disco-BSP.a(stm32f3_discovery_gyroscope.o) (L3gd20Drv)
C:\Users\quang\OneDrive - The University of Sydney (Students)\Year 2\Semester 1\MTRX2700\MTRX2700-2024\STMF3disco-BSP\Debug\libSTMF3disco-BSP.a(stm32f3_discovery.o)
                              C:\Users\quang\OneDrive - The University of Sydney (Students)\Year 2\Semester 1\MTRX2700\MTRX2700-2024\STMF3disco-BSP\Debug\libSTMF3disco-BSP.a(i3g4250d.o) (GYRO_IO_Init)
D:/ST/STM32CubeIDE_1.15.1/STM32CubeIDE/plugins/com.st.stm32cube.ide.mcu.externaltools.gnu-tools-for-stm32.12.3.rel1.win32_1.0.100.202403111256/tools/bin/../lib/gcc/arm-none-eabi/12.3.1/../../../../arm-none-eabi/lib/thumb/v7e-m+fp/hard\libc_nano.a(libc_a-atoi.o)
                              ./Core/Src/main.o (atoi)
D:/ST/STM32CubeIDE_1.15.1/STM32CubeIDE/plugins/com.st.stm32cube.ide.mcu.externaltools.gnu-tools-for-stm32.12.3.rel1.win32_1.0.100.202403111256/tools/bin/../lib/gcc/arm-none-eabi/12.3.1/../../../../arm-none-eabi/lib/thumb/v7e-m+fp/hard\libc_nano.a(libc_a-exit.o)
                              D:/ST/STM32CubeIDE_1.15.1/STM32CubeIDE/plugins/com.st.stm32cube.ide.mcu.externaltools.gnu-tools-for-stm32.12.3.rel1.win32_1.0.100.202403111256/tools/bin/../lib/gcc/arm-none-eabi/12.3.1/../../../../arm-none-eabi/lib/thumb/v7e-m+fp/hard/crt0.o (exit)
D:/ST/STM32CubeIDE_1.15.1/STM32CubeIDE/plugins/com.st.stm32cube.ide.mcu.externaltools.gnu-tools-for-stm32.12.3.rel1.win32_1.0.100.202403111256/tools/bin/../lib/gcc/arm-none-eabi/12.3.1/../../../../arm-none-eabi/lib/thumb/v7e-m+fp/hard\libc_nano.a(libc_a-rand.o)
                              ./Core/Src/headsUp.o (rand)
D:/ST/STM32CubeIDE_1.15.1/STM32CubeIDE/plugins/com.st.stm32cube.ide.mcu.externaltools.gnu-tools-for-stm32.12.3.rel1.win32_1.0.100.202403111256/tools/bin/../lib/gcc/arm-none-eabi/12.3.1/../../../../arm-none-eabi/lib/thumb/v7e-m+fp/hard\libc_nano.a(libc_a-strtol.o)
                              D:/ST/STM32CubeIDE_1.15.1/STM32CubeIDE/plugins/com.st.stm32cube.ide.mcu.externaltools.gnu-tools-for-stm32.12.3.rel1.win32_1.0.100.202403111256/tools/bin/../lib/gcc/arm-none-eabi/12.3.1/../../../../arm-none-eabi/lib/thumb/v7e-m+fp/hard\libc_nano.a(libc_a-atoi.o) (_strtol_r)
D:/ST/STM32CubeIDE_1.15.1/STM32CubeIDE/plugins/com.st.stm32cube.ide.mcu.externaltools.gnu-tools-for-stm32.12.3.rel1.win32_1.0.100.202403111256/tools/bin/../lib/gcc/arm-none-eabi/12.3.1/../../../../arm-none-eabi/lib/thumb/v7e-m+fp/hard\libc_nano.a(libc_a-ctype_.o)
                              D:/ST/STM32CubeIDE_1.15.1/STM32CubeIDE/plugins/com.st.stm32cube.ide.mcu.externaltools.gnu-tools-for-stm32.12.3.rel1.win32_1.0.100.202403111256/tools/bin/../lib/gcc/arm-none-eabi/12.3.1/../../../../arm-none-eabi/lib/thumb/v7e-m+fp/hard\libc_nano.a(libc_a-strtol.o) (_ctype_)
D:/ST/STM32CubeIDE_1.15.1/STM32CubeIDE/plugins/com.st.stm32cube.ide.mcu.externaltools.gnu-tools-for-stm32.12.3.rel1.win32_1.0.100.202403111256/tools/bin/../lib/gcc/arm-none-eabi/12.3.1/../../../../arm-none-eabi/lib/thumb/v7e-m+fp/hard\libc_nano.a(libc_a-findfp.o)
                              D:/ST/STM32CubeIDE_1.15.1/STM32CubeIDE/plugins/com.st.stm32cube.ide.mcu.externaltools.gnu-tools-for-stm32.12.3.rel1.win32_1.0.100.202403111256/tools/bin/../lib/gcc/arm-none-eabi/12.3.1/../../../../arm-none-eabi/lib/thumb/v7e-m+fp/hard\libc_nano.a(libc_a-exit.o) (__stdio_exit_handler)
D:/ST/STM32CubeIDE_1.15.1/STM32CubeIDE/plugins/com.st.stm32cube.ide.mcu.externaltools.gnu-tools-for-stm32.12.3.rel1.win32_1.0.100.202403111256/tools/bin/../lib/gcc/arm-none-eabi/12.3.1/../../../../arm-none-eabi/lib/thumb/v7e-m+fp/hard\libc_nano.a(libc_a-fwalk.o)
                              D:/ST/STM32CubeIDE_1.15.1/STM32CubeIDE/plugins/com.st.stm32cube.ide.mcu.externaltools.gnu-tools-for-stm32.12.3.rel1.win32_1.0.100.202403111256/tools/bin/../lib/gcc/arm-none-eabi/12.3.1/../../../../arm-none-eabi/lib/thumb/v7e-m+fp/hard\libc_nano.a(libc_a-findfp.o) (_fwalk_sglue)
[...]
Memory Configuration

Name             Origin             Length             Attributes
CCMRAM           0x10000000         0x00002000         xrw
RAM              0x20000000         0x0000a000         xrw
FLASH            0x08000000         0x00040000         xr
*default*        0x00000000         0xffffffff

Linker script and memory map

LOAD D:/ST/STM32CubeIDE_1.15.1/STM32CubeIDE/plugins/com.st.stm32cube.ide.mcu.externaltools.gnu-tools-for-stm32.12.3.rel1.win32_1.0.100.202403111256/tools/bin/../lib/gcc/arm-none-eabi/12.3.1/thumb/v7e-m+fp/hard/crti.o
LOAD D:/ST/STM32CubeIDE_1.15.1/STM32CubeIDE/plugins/com.st.stm32cube.ide.mcu.externaltools.gnu-tools-for-stm32.12.3.rel1.win32_1.0.100.202403111256/tools/bin/../lib/gcc/arm-none-eabi/12.3.1/thumb/v7e-m+fp/hard/crtbegin.o
LOAD D:/ST/STM32CubeIDE_1.15.1/STM32CubeIDE/plugins/com.st.stm32cube.ide.mcu.externaltools.gnu-tools-for-stm32.12.3.rel1.win32_1.0.100.202403111256/tools/bin/../lib/gcc/arm-none-eabi/12.3.1/../../../../arm-none-eabi/lib/thumb/v7e-m+fp/hard/crt0.o
LOAD ./Core/Src/digital_io.o
LOAD ./Core/Src/gyroscope.o
LOAD ./Core/Src/headsUp.o
LOAD ./Core/Src/initialise.o
LOAD ./Core/Src/main.o
LOAD ./Core/Src/serial.o
LOAD ./Core/Src/serialise.o
LOAD ./Core/Src/stm32f3xx_hal_msp.o
LOAD ./Core/Src/stm32f3xx_it.o
LOAD ./Core/Src/syscalls.o
LOAD ./Core/Src/sysmem.o
LOAD ./Core/Src/system_stm32f3xx.o
LOAD ./Core/Src/timers.o
LOAD ./Core/Startup/startup_stm32f303vctx.o
LOAD ./Drivers/STM32F3xx_HAL_Driver/Src/stm32f3xx_hal.o
LOAD ./Drivers/STM32F3xx_HAL_Driver/Src/stm32f3xx_hal_cortex.o
LOAD ./Drivers/STM32F3xx_HAL_Driver/Src/stm32f3xx_hal_dma.o
LOAD ./Drivers/STM32F3xx_HAL_Driver/Src/stm32f3xx_hal_exti.o
LOAD ./Drivers/STM32F3xx_HAL_Driver/Src/stm32f3xx_hal_flash.o
LOAD ./Drivers/STM32F3xx_HAL_Driver/Src/stm32f3xx_hal_flash_ex.o
LOAD ./Drivers/STM32F3xx_HAL_Driver/Src/stm32f3xx_hal_gpio.o
LOAD ./Drivers/STM32F3xx_HAL_Driver/Src/stm32f3xx_hal_i2c.o
LOAD ./Drivers/STM32F3xx_HAL_Driver/Src/stm32f3xx_hal_i2c_ex.o
LOAD ./Drivers/STM32F3xx_HAL_Driver/Src/stm32f3xx_hal_pcd.o
LOAD ./Drivers/STM32F3xx_HAL_Driver/Src/stm32f3xx_hal_pcd_ex.o
LOAD ./Drivers/STM32F3xx_HAL_Driver/Src/stm32f3xx_hal_pwr.o
LOAD ./Drivers/STM32F3xx_HAL_Driver/Src/stm32f3xx_hal_pwr_ex.o
LOAD ./Drivers/STM32F3xx_HAL_Driver/Src/stm32f3xx_hal_rcc.o
LOAD ./Drivers/STM32F3xx_HAL_Driver/Src/stm32f3xx_hal_rcc_ex.o
LOAD ./Drivers/STM32F3xx_HAL_Driver/Src/stm32f3xx_hal_spi.o
LOAD ./Drivers/STM32F3xx_HAL_Driver/Src/stm32f3xx_hal_spi_ex.o
LOAD ./Drivers/STM32F3xx_HAL_Driver/Src/stm32f3xx_hal_tim.o
LOAD ./Drivers/STM32F3xx_HAL_Driver/Src/stm32f3xx_hal_tim_ex.o
LOAD ./Drivers/STM32F3xx_HAL_Driver/Src/stm32f3xx_ll_usb.o
LOAD C:\Users\quang\OneDrive - The University of Sydney (Students)\Year 2\Semester 1\MTRX2700\MTRX2700-2024\STMF3disco-BSP\Debug\libSTMF3disco-BSP.a
START GROUP
LOAD D:/ST/STM32CubeIDE_1.15.1/STM32CubeIDE/plugins/com.st.stm32cube.ide.mcu.externaltools.gnu-tools-for-stm32.12.3.rel1.win32_1.0.100.202403111256/tools/bin/../lib/gcc/arm-none-eabi/12.3.1/../../../../arm-none-eabi/lib/thumb/v7e-m+fp/hard\libc_nano.a
LOAD D:/ST/STM32CubeIDE_1.15.1/STM32CubeIDE/plugins/com.st.stm32cube.ide.mcu.externaltools.gnu-tools-for-stm32.12.3.rel1.win32_1.0.100.202403111256/tools/bin/../lib/gcc/arm-none-eabi/12.3.1/../../../../arm-none-eabi/lib/thumb/v7e-m+fp/hard\libm.a
END GROUP
START GROUP
LOAD D:/ST/STM32CubeIDE_1.15.1/STM32CubeIDE/plugins/com.st.stm32cube.ide.mcu.externaltools.gnu-tools-for-stm32.12.3.rel1.win32_1.0.100.202403111256/tools/bin/../lib/gcc/arm-none-eabi/12.3.1/thumb/v7e-m+fp/hard\libgcc.a
LOAD D:/ST/STM32CubeIDE_1.15.1/STM32CubeIDE/plugins/com.st.stm32cube.ide.mcu.externaltools.gnu-tools-for-stm32.12.3.rel1.win32_1.0.100.202403111256/tools/bin/../lib/gcc/arm-none-eabi/12.3.1/../../../../arm-none-eabi/lib/thumb/v7e-m+fp/hard\libc_nano.a
END GROUP
START GROUP
LOAD D:/ST/STM32CubeIDE_1.15.1/STM32CubeIDE/plugins/com.st.stm32cube.ide.mcu.externaltools.gnu-tools-for-stm32.12.3.rel1.win32_1.0.100.202403111256/tools/bin/../lib/gcc/arm-none-eabi/12.3.1/thumb/v7e-m+fp/hard\libgcc.a
LOAD D:/ST/STM32CubeIDE_1.15.1/STM32CubeIDE/plugins/com.st.stm32cube.ide.mcu.externaltools.gnu-tools-for-stm32.12.3.rel1.win32_1.0.100.202403111256/tools/bin/../lib/gcc/arm-none-eabi/12.3.1/../../../../arm-none-eabi/lib/thumb/v7e-m+fp/hard\libc_nano.a
LOAD D:/ST/STM32CubeIDE_1.15.1/STM32CubeIDE/plugins/com.st.stm32cube.ide.mcu.externaltools.gnu-tools-for-stm32.12.3.rel1.win32_1.0.100.202403111256/tools/bin/../lib/gcc/arm-none-eabi/12.3.1/../../../../arm-none-eabi/lib/thumb/v7e-m+fp/hard\libnosys.a
END GROUP
START GROUP
LOAD D:/ST/STM32CubeIDE_1.15.1/STM32CubeIDE/plugins/com.st.stm32cube.ide.mcu.externaltools.gnu-tools-for-stm32.12.3.rel1.win32_1.0.100.202403111256/tools/bin/../lib/gcc/arm-none-eabi/12.3.1/thumb/v7e-m+fp/hard\libgcc.a
LOAD D:/ST/STM32CubeIDE_1.15.1/STM32CubeIDE/plugins/com.st.stm32cube.ide.mcu.externaltools.gnu-tools-for-stm32.12.3.rel1.win32_1.0.100.202403111256/tools/bin/../lib/gcc/arm-none-eabi/12.3.1/../../../../arm-none-eabi/lib/thumb/v7e-m+fp/hard\libc_nano.a
LOAD D:/ST/STM32CubeIDE_1.15.1/STM32CubeIDE/plugins/com.st.stm32cube.ide.mcu.externaltools.gnu-tools-for-stm32.12.3.rel1.win32_1.0.100.202403111256/tools/bin/../lib/gcc/arm-none-eabi/12.3.1/../../../../arm-none-eabi/lib/thumb/v7e-m+fp/hard\libnosys.a
END GROUP
LOAD D:/ST/STM32CubeIDE_1.15.1/STM32CubeIDE/plugins/com.st.stm32cube.ide.mcu.externaltools.gnu-tools-for-stm32.12.3.rel1.win32_1.0.100.202403111256/tools/bin/../lib/gcc/arm-none-eabi/12.3.1/thumb/v7e-m+fp/hard/crtend.o
LOAD D:/ST/STM32CubeIDE_1.15.1/STM32CubeIDE/plugins/com.st.stm32cube.ide.mcu.externaltools.gnu-tools-for-stm32.12.3.rel1.win32_1.0.100.202403111256/tools/bin/../lib/gcc/arm-none-eabi/12.3.1/thumb/v7e-m+fp/hard/crtn.o
                0x2000a000                        _estack = (ORIGIN (RAM) + LENGTH (RAM))
                0x00000200                        _Min_Heap_Size = 0x200
                0x00000400                        _Min_Stack_Size = 0x400

.isr_vector     0x08000000      0x188
                0x08000000                        . = ALIGN (0x4)
 *(.isr_vector)
 .isr_vector    0x08000000      0x188 ./Core/Startup/startup_stm32f303vctx.o
                0x08000000                g_pfnVectors
                0x08000188                        . = ALIGN (0x4)

.text           0x08000190     0x4d48
                0x08000190                        . = ALIGN (0x4)
 *(.text)
 .text          0x08000190       0x40 D:/ST/STM32CubeIDE_1.15.1/STM32CubeIDE/plugins/com.st.stm32cube.ide.mcu.externaltools.gnu-tools-for-stm32.12.3.rel1.win32_1.0.100.202403111256/tools/bin/../lib/gcc/arm-none-eabi/12.3.1/thumb/v7e-m+fp/hard/crtbegin.o
 .text          0x080001d0       0xa0 D:/ST/STM32CubeIDE_1.15.1/STM32CubeIDE/plugins/com.st.stm32cube.ide.mcu.externaltools.gnu-tools-for-stm32.12.3.rel1.win32_1.0.100.202403111256/tools/bin/../lib/gcc/arm-none-eabi/12.3.1/../../../../arm-none-eabi/lib/thumb/v7e-m+fp/hard\libc_nano.a(libc_a-memchr.o)
                0x080001d0                memchr
 *(.text*)
 .text.initialise_board
                0x08000270       0x80 ./Core/Src/initialise.o
                0x08000270                initialise_board
 .text.SystemClock_Config
                0x080002f0       0xc4 ./Core/Src/initialise.o
                0x080002f0                SystemClock_Config
 .text.MX_I2C1_Init
                0x080003b4       0x80 ./Core/Src/initialise.o
 .text.MX_SPI1_Init
                0x08000434       0x7c ./Core/Src/initialise.o
 .text.MX_USB_PCD_Init
                0x080004b0       0x44 ./Core/Src/initialise.o
 .text.MX_GPIO_Init
                0x080004f4       0xfc ./Core/Src/initialise.o
 .text.Error_Handler
                0x080005f0        0xc ./Core/Src/initialise.o
                0x080005f0                Error_Handler
 .text.main     0x080005fc       0x78 ./Core/Src/main.o
                0x080005fc                main
 .text.SerialInitialise
                0x08000674      0x10c ./Core/Src/serial.o
                0x08000674                SerialInitialise
 .text.SerialOutputChar
                0x08000780       0x32 ./Core/Src/serial.o
                0x08000780                SerialOutputChar
 .text.SerialOutputString
                0x080007b2       0x48 ./Core/Src/serial.o
                0x080007b2                SerialOutputString
 .text.SerialInputChar
                0x080007fa       0x5e ./Core/Src/serial.o
                0x080007fa                SerialInputChar
 .text.SerialInputString
                0x08000858       0x66 ./Core/Src/serial.o
                0x08000858                SerialInputString
 *fill*         0x080008be        0x2 
 .text.HAL_MspInit
                0x080008c0       0x48 ./Core/Src/stm32f3xx_hal_msp.o
                0x080008c0                HAL_MspInit
 .text.HAL_I2C_MspInit
                0x08000908       0x88 ./Core/Src/stm32f3xx_hal_msp.o
                0x08000908                HAL_I2C_MspInit
 .text.HAL_SPI_MspInit
                0x08000990       0x84 ./Core/Src/stm32f3xx_hal_msp.o
                0x08000990                HAL_SPI_MspInit
 .text.HAL_SPI_MspDeInit
                0x08000a14       0x38 ./Core/Src/stm32f3xx_hal_msp.o
                0x08000a14                HAL_SPI_MspDeInit
 .text.HAL_PCD_MspInit
                0x08000a4c       0x88 ./Core/Src/stm32f3xx_hal_msp.o
                0x08000a4c                HAL_PCD_MspInit
 .text.NMI_Handler
                0x08000ad4        0x8 ./Core/Src/stm32f3xx_it.o
                0x08000ad4                NMI_Handler
 .text.HardFault_Handler
                0x08000adc        0x8 ./Core/Src/stm32f3xx_it.o
                0x08000adc                HardFault_Handler
 .text.MemManage_Handler
                0x08000ae4        0x8 ./Core/Src/stm32f3xx_it.o
                0x08000ae4                MemManage_Handler
 .text.BusFault_Handler
                0x08000aec        0x8 ./Core/Src/stm32f3xx_it.o
                0x08000aec                BusFault_Handler
 .text.UsageFault_Handler
                0x08000af4        0x8 ./Core/Src/stm32f3xx_it.o
                0x08000af4                UsageFault_Handler
 .text.SVC_Handler
                0x08000afc        0xe ./Core/Src/stm32f3xx_it.o
                0x08000afc                SVC_Handler
 .text.DebugMon_Handler
                0x08000b0a        0xe ./Core/Src/stm32f3xx_it.o
                0x08000b0a                DebugMon_Handler
 .text.PendSV_Handler
                0x08000b18        0xe ./Core/Src/stm32f3xx_it.o
                0x08000b18                PendSV_Handler
 .text.SysTick_Handler
                0x08000b26        0xc ./Core/Src/stm32f3xx_it.o
                0x08000b26                SysTick_Handler
 *fill*         0x08000b32        0x2 
 .text._sbrk    0x08000b34       0x6c ./Core/Src/sysmem.o
                0x08000b34                _sbrk
 .text.SystemInit
                0x08000ba0       0x24 ./Core/Src/system_stm32f3xx.o
                0x08000ba0                SystemInit
 .text.TIM2_IRQHandler
                0x08000bc4       0x38 ./Core/Src/timers.o
                0x08000bc4                TIM2_IRQHandler
 .text.Reset_Handler
                0x08000bfc       0x50 ./Core/Startup/startup_stm32f303vctx.o
                0x08000bfc                Reset_Handler
 .text.Default_Handler
                0x08000c4c        0x2 ./Core/Startup/startup_stm32f303vctx.o
                0x08000c4c                RTC_Alarm_IRQHandler
                0x08000c4c                TIM8_TRG_COM_IRQHandler
                0x08000c4c                TIM8_CC_IRQHandler
                0x08000c4c                TIM1_CC_IRQHandler
                0x08000c4c                USB_HP_IRQHandler
                0x08000c4c                PVD_IRQHandler
                0x08000c4c                TAMP_STAMP_IRQHandler
                0x08000c4c                EXTI3_IRQHandler
                0x08000c4c                USB_HP_CAN_TX_IRQHandler
                0x08000c4c                EXTI0_IRQHandler
                0x08000c4c                I2C2_EV_IRQHandler
                0x08000c4c                FPU_IRQHandler
                0x08000c4c                TIM1_UP_TIM16_IRQHandler
                0x08000c4c                ADC1_2_IRQHandler
                0x08000c4c                SPI1_IRQHandler
                0x08000c4c                CAN_SCE_IRQHandler
                0x08000c4c                TIM6_DAC_IRQHandler
                0x08000c4c                TIM8_UP_IRQHandler
                0x08000c4c                DMA2_Channel2_IRQHandler
                0x08000c4c                DMA1_Channel4_IRQHandler
                0x08000c4c                USART3_IRQHandler
                0x08000c4c                DMA1_Channel7_IRQHandler
                0x08000c4c                UART5_IRQHandler
                0x08000c4c                ADC3_IRQHandler
                0x08000c4c                TIM4_IRQHandler
                0x08000c4c                CAN_RX1_IRQHandler
                0x08000c4c                DMA2_Channel1_IRQHandler
                0x08000c4c                I2C1_EV_IRQHandler
                0x08000c4c                DMA1_Channel6_IRQHandler
                0x08000c4c                UART4_IRQHandler
                0x08000c4c                DMA2_Channel4_IRQHandler
                0x08000c4c                TIM3_IRQHandler
                0x08000c4c                RCC_IRQHandler
                0x08000c4c                DMA1_Channel1_IRQHandler
                0x08000c4c                Default_Handler
                0x08000c4c                USBWakeUp_RMP_IRQHandler
                0x08000c4c                EXTI15_10_IRQHandler
                0x08000c4c                TIM7_IRQHandler
                0x08000c4c                EXTI9_5_IRQHandler
                0x08000c4c                RTC_WKUP_IRQHandler
                0x08000c4c                SPI2_IRQHandler
                0x08000c4c                USB_LP_CAN_RX0_IRQHandler
                0x08000c4c                DMA2_Channel5_IRQHandler
                0x08000c4c                DMA1_Channel5_IRQHandler
                0x08000c4c                USB_LP_IRQHandler
                0x08000c4c                EXTI4_IRQHandler
                0x08000c4c                TIM1_TRG_COM_TIM17_IRQHandler
                0x08000c4c                DMA1_Channel3_IRQHandler
                0x08000c4c                ADC4_IRQHandler
                0x08000c4c                WWDG_IRQHandler
                0x08000c4c                COMP7_IRQHandler
                0x08000c4c                COMP1_2_3_IRQHandler
                0x08000c4c                EXTI1_IRQHandler
                0x08000c4c                USART2_IRQHandler
                0x08000c4c                COMP4_5_6_IRQHandler
                0x08000c4c                I2C2_ER_IRQHandler
                0x08000c4c                DMA1_Channel2_IRQHandler
                0x08000c4c                TIM8_BRK_IRQHandler
                0x08000c4c                FLASH_IRQHandler
                0x08000c4c                USART1_IRQHandler
                0x08000c4c                SPI3_IRQHandler
                0x08000c4c                I2C1_ER_IRQHandler
                0x08000c4c                USBWakeUp_IRQHandler
                0x08000c4c                DMA2_Channel3_IRQHandler
                0x08000c4c                EXTI2_TSC_IRQHandler
                0x08000c4c                TIM1_BRK_TIM15_IRQHandler
 *fill*         0x08000c4e        0x2 
 .text.HAL_Init
                0x08000c50       0x2c ./Drivers/STM32F3xx_HAL_Driver/Src/stm32f3xx_hal.o
                0x08000c50                HAL_Init
 .text.HAL_InitTick
                0x08000c7c       0x60 ./Drivers/STM32F3xx_HAL_Driver/Src/stm32f3xx_hal.o
                0x08000c7c                HAL_InitTick
 .text.HAL_IncTick
                0x08000cdc       0x28 ./Drivers/STM32F3xx_HAL_Driver/Src/stm32f3xx_hal.o
                0x08000cdc                HAL_IncTick
 .text.HAL_GetTick
                0x08000d04       0x18 ./Drivers/STM32F3xx_HAL_Driver/Src/stm32f3xx_hal.o
                0x08000d04                HAL_GetTick
 .text.__NVIC_SetPriorityGrouping
                0x08000d1c       0x48 ./Drivers/STM32F3xx_HAL_Driver/Src/stm32f3xx_hal_cortex.o
 .text.__NVIC_GetPriorityGrouping
                0x08000d64       0x1c ./Drivers/STM32F3xx_HAL_Driver/Src/stm32f3xx_hal_cortex.o
 .text.__NVIC_SetPriority
                0x08000d80       0x54 ./Drivers/STM32F3xx_HAL_Driver/Src/stm32f3xx_hal_cortex.o
 .text.NVIC_EncodePriority
                0x08000dd4       0x66 ./Drivers/STM32F3xx_HAL_Driver/Src/stm32f3xx_hal_cortex.o
 *fill*         0x08000e3a        0x2 
 .text.SysTick_Config
                0x08000e3c       0x44 ./Drivers/STM32F3xx_HAL_Driver/Src/stm32f3xx_hal_cortex.o
 .text.HAL_NVIC_SetPriorityGrouping
                0x08000e80       0x16 ./Drivers/STM32F3xx_HAL_Driver/Src/stm32f3xx_hal_cortex.o
                0x08000e80                HAL_NVIC_SetPriorityGrouping
 .text.HAL_NVIC_SetPriority
                0x08000e96       0x38 ./Drivers/STM32F3xx_HAL_Driver/Src/stm32f3xx_hal_cortex.o
                0x08000e96                HAL_NVIC_SetPriority
 .text.HAL_SYSTICK_Config
                0x08000ece       0x18 ./Drivers/STM32F3xx_HAL_Driver/Src/stm32f3xx_hal_cortex.o
                0x08000ece                HAL_SYSTICK_Config
 *fill*         0x08000ee6        0x2 
 .text.HAL_GPIO_Init
                0x08000ee8      0x2f4 ./Drivers/STM32F3xx_HAL_Driver/Src/stm32f3xx_hal_gpio.o
                0x08000ee8                HAL_GPIO_Init
 .text.HAL_GPIO_DeInit
                0x080011dc      0x1b8 ./Drivers/STM32F3xx_HAL_Driver/Src/stm32f3xx_hal_gpio.o
                0x080011dc                HAL_GPIO_DeInit
 .text.HAL_GPIO_WritePin
                0x08001394       0x30 ./Drivers/STM32F3xx_HAL_Driver/Src/stm32f3xx_hal_gpio.o
                0x08001394                HAL_GPIO_WritePin
 .text.HAL_I2C_Init
                0x080013c4      0x11e ./Drivers/STM32F3xx_HAL_Driver/Src/stm32f3xx_hal_i2c.o
                0x080013c4                HAL_I2C_Init
 .text.HAL_I2CEx_ConfigAnalogFilter
                0x080014e2       0x96 ./Drivers/STM32F3xx_HAL_Driver/Src/stm32f3xx_hal_i2c_ex.o
                0x080014e2                HAL_I2CEx_ConfigAnalogFilter
 .text.HAL_I2CEx_ConfigDigitalFilter
                0x08001578       0x98 ./Drivers/STM32F3xx_HAL_Driver/Src/stm32f3xx_hal_i2c_ex.o
                0x08001578                HAL_I2CEx_ConfigDigitalFilter
 .text.HAL_PCD_Init
                0x08001610      0x1a4 ./Drivers/STM32F3xx_HAL_Driver/Src/stm32f3xx_hal_pcd.o
                0x08001610                HAL_PCD_Init
 .text.HAL_RCC_OscConfig
                0x080017b4     0x107c ./Drivers/STM32F3xx_HAL_Driver/Src/stm32f3xx_hal_rcc.o
                0x080017b4                HAL_RCC_OscConfig
 .text.HAL_RCC_ClockConfig
                0x08002830      0x2f8 ./Drivers/STM32F3xx_HAL_Driver/Src/stm32f3xx_hal_rcc.o
                0x08002830                HAL_RCC_ClockConfig
 .text.HAL_RCC_GetSysClockFreq
                0x08002b28       0xd4 ./Drivers/STM32F3xx_HAL_Driver/Src/stm32f3xx_hal_rcc.o
                0x08002b28                HAL_RCC_GetSysClockFreq
 .text.HAL_RCCEx_PeriphCLKConfig
                0x08002bfc      0x360 ./Drivers/STM32F3xx_HAL_Driver/Src/stm32f3xx_hal_rcc_ex.o
                0x08002bfc                HAL_RCCEx_PeriphCLKConfig
 .text.HAL_SPI_Init
                0x08002f5c      0x156 ./Drivers/STM32F3xx_HAL_Driver/Src/stm32f3xx_hal_spi.o
                0x08002f5c                HAL_SPI_Init
 .text.HAL_SPI_DeInit
                0x080030b2       0x50 ./Drivers/STM32F3xx_HAL_Driver/Src/stm32f3xx_hal_spi.o
                0x080030b2                HAL_SPI_DeInit
 .text.HAL_SPI_TransmitReceive
                0x08003102      0x444 ./Drivers/STM32F3xx_HAL_Driver/Src/stm32f3xx_hal_spi.o
                0x08003102                HAL_SPI_TransmitReceive
 .text.HAL_SPI_GetState
                0x08003546       0x1c ./Drivers/STM32F3xx_HAL_Driver/Src/stm32f3xx_hal_spi.o
                0x08003546                HAL_SPI_GetState
 *fill*         0x08003562        0x2 
 .text.SPI_WaitFlagStateUntilTimeout
                0x08003564      0x110 ./Drivers/STM32F3xx_HAL_Driver/Src/stm32f3xx_hal_spi.o
 .text.SPI_WaitFifoStateUntilTimeout
                0x08003674      0x12c ./Drivers/STM32F3xx_HAL_Driver/Src/stm32f3xx_hal_spi.o
 .text.SPI_EndRxTxTransaction
                0x080037a0       0x8c ./Drivers/STM32F3xx_HAL_Driver/Src/stm32f3xx_hal_spi.o
 .text.USB_DisableGlobalInt
                0x0800382c       0x36 ./Drivers/STM32F3xx_HAL_Driver/Src/stm32f3xx_ll_usb.o
                0x0800382c                USB_DisableGlobalInt
 .text.USB_DevInit
                0x08003862       0x42 ./Drivers/STM32F3xx_HAL_Driver/Src/stm32f3xx_ll_usb.o
                0x08003862                USB_DevInit
 .text.BSP_GYRO_Init
                0x080038a4      0x168 C:\Users\quang\OneDrive - The University of Sydney (Students)\Year 2\Semester 1\MTRX2700\MTRX2700-2024\STMF3disco-BSP\Debug\libSTMF3disco-BSP.a(stm32f3_discovery_gyroscope.o)
                0x080038a4                BSP_GYRO_Init
 .text.I3G4250D_Init
                0x08003a0c       0x46 C:\Users\quang\OneDrive - The University of Sydney (Students)\Year 2\Semester 1\MTRX2700\MTRX2700-2024\STMF3disco-BSP\Debug\libSTMF3disco-BSP.a(i3g4250d.o)
                0x08003a0c                I3G4250D_Init
 .text.I3G4250D_DeInit
                0x08003a52        0xe C:\Users\quang\OneDrive - The University of Sydney (Students)\Year 2\Semester 1\MTRX2700\MTRX2700-2024\STMF3disco-BSP\Debug\libSTMF3disco-BSP.a(i3g4250d.o)
                0x08003a52                I3G4250D_DeInit
 .text.I3G4250D_ReadID
                0x08003a60       0x20 C:\Users\quang\OneDrive - The University of Sydney (Students)\Year 2\Semester 1\MTRX2700\MTRX2700-2024\STMF3disco-BSP\Debug\libSTMF3disco-BSP.a(i3g4250d.o)
                0x08003a60                I3G4250D_ReadID
 .text.I3G4250D_RebootCmd
                0x08003a80       0x30 C:\Users\quang\OneDrive - The University of Sydney (Students)\Year 2\Semester 1\MTRX2700\MTRX2700-2024\STMF3disco-BSP\Debug\libSTMF3disco-BSP.a(i3g4250d.o)
                0x08003a80                I3G4250D_RebootCmd
 .text.I3G4250D_LowPower
                0x08003ab0       0x2a C:\Users\quang\OneDrive - The University of Sydney (Students)\Year 2\Semester 1\MTRX2700\MTRX2700-2024\STMF3disco-BSP\Debug\libSTMF3disco-BSP.a(i3g4250d.o)
                0x08003ab0                I3G4250D_LowPower
 .text.I3G4250D_INT1InterruptConfig
                0x08003ada       0x86 C:\Users\quang\OneDrive - The University of Sydney (Students)\Year 2\Semester 1\MTRX2700\MTRX2700-2024\STMF3disco-BSP\Debug\libSTMF3disco-BSP.a(i3g4250d.o)
                0x08003ada                I3G4250D_INT1InterruptConfig
 .text.I3G4250D_EnableIT
                0x08003b60       0x64 C:\Users\quang\OneDrive - The University of Sydney (Students)\Year 2\Semester 1\MTRX2700\MTRX2700-2024\STMF3disco-BSP\Debug\libSTMF3disco-BSP.a(i3g4250d.o)
                0x08003b60                I3G4250D_EnableIT
 .text.I3G4250D_DisableIT
                0x08003bc4       0x58 C:\Users\quang\OneDrive - The University of Sydney (Students)\Year 2\Semester 1\MTRX2700\MTRX2700-2024\STMF3disco-BSP\Debug\libSTMF3disco-BSP.a(i3g4250d.o)
                0x08003bc4                I3G4250D_DisableIT
 .text.I3G4250D_FilterConfig
                0x08003c1c       0x42 C:\Users\quang\OneDrive - The University of Sydney (Students)\Year 2\Semester 1\MTRX2700\MTRX2700-2024\STMF3disco-BSP\Debug\libSTMF3disco-BSP.a(i3g4250d.o)
                0x08003c1c                I3G4250D_FilterConfig
 .text.I3G4250D_FilterCmd
                0x08003c5e       0x42 C:\Users\quang\OneDrive - The University of Sydney (Students)\Year 2\Semester 1\MTRX2700\MTRX2700-2024\STMF3disco-BSP\Debug\libSTMF3disco-BSP.a(i3g4250d.o)
                0x08003c5e                I3G4250D_FilterCmd
 .text.I3G4250D_ReadXYZAngRate
                0x08003ca0      0x150 C:\Users\quang\OneDrive - The University of Sydney (Students)\Year 2\Semester 1\MTRX2700\MTRX2700-2024\STMF3disco-BSP\Debug\libSTMF3disco-BSP.a(i3g4250d.o)
                0x08003ca0                I3G4250D_ReadXYZAngRate
 .text.L3GD20_Init
                0x08003df0       0x46 C:\Users\quang\OneDrive - The University of Sydney (Students)\Year 2\Semester 1\MTRX2700\MTRX2700-2024\STMF3disco-BSP\Debug\libSTMF3disco-BSP.a(l3gd20.o)
                0x08003df0                L3GD20_Init
 .text.L3GD20_DeInit
                0x08003e36        0xe C:\Users\quang\OneDrive - The University of Sydney (Students)\Year 2\Semester 1\MTRX2700\MTRX2700-2024\STMF3disco-BSP\Debug\libSTMF3disco-BSP.a(l3gd20.o)
                0x08003e36                L3GD20_DeInit
 .text.L3GD20_ReadID
                0x08003e44       0x20 C:\Users\quang\OneDrive - The University of Sydney (Students)\Year 2\Semester 1\MTRX2700\MTRX2700-2024\STMF3disco-BSP\Debug\libSTMF3disco-BSP.a(l3gd20.o)
                0x08003e44                L3GD20_ReadID
 .text.L3GD20_RebootCmd
                0x08003e64       0x30 C:\Users\quang\OneDrive - The University of Sydney (Students)\Year 2\Semester 1\MTRX2700\MTRX2700-2024\STMF3disco-BSP\Debug\libSTMF3disco-BSP.a(l3gd20.o)
                0x08003e64                L3GD20_RebootCmd
 .text.L3GD20_LowPower
                0x08003e94       0x2a C:\Users\quang\OneDrive - The University of Sydney (Students)\Year 2\Semester 1\MTRX2700\MTRX2700-2024\STMF3disco-BSP\Debug\libSTMF3disco-BSP.a(l3gd20.o)
                0x08003e94                L3GD20_LowPower
 .text.L3GD20_INT1InterruptConfig
                0x08003ebe       0x86 C:\Users\quang\OneDrive - The University of Sydney (Students)\Year 2\Semester 1\MTRX2700\MTRX2700-2024\STMF3disco-BSP\Debug\libSTMF3disco-BSP.a(l3gd20.o)
                0x08003ebe                L3GD20_INT1InterruptConfig
 .text.L3GD20_EnableIT
                0x08003f44       0x64 C:\Users\quang\OneDrive - The University of Sydney (Students)\Year 2\Semester 1\MTRX2700\MTRX2700-2024\STMF3disco-BSP\Debug\libSTMF3disco-BSP.a(l3gd20.o)
                0x08003f44                L3GD20_EnableIT
 .text.L3GD20_DisableIT
                0x08003fa8       0x58 C:\Users\quang\OneDrive - The University of Sydney (Students)\Year 2\Semester 1\MTRX2700\MTRX2700-2024\STMF3disco-BSP\Debug\libSTMF3disco-BSP.a(l3gd20.o)
                0x08003fa8                L3GD20_DisableIT
 .text.L3GD20_FilterConfig
                0x08004000       0x42 C:\Users\quang\OneDrive - The University of Sydney (Students)\Year 2\Semester 1\MTRX2700\MTRX2700-2024\STMF3disco-BSP\Debug\libSTMF3disco-BSP.a(l3gd20.o)
                0x08004000                L3GD20_FilterConfig
 .text.L3GD20_FilterCmd
                0x08004042       0x42 C:\Users\quang\OneDrive - The University of Sydney (Students)\Year 2\Semester 1\MTRX2700\MTRX2700-2024\STMF3disco-BSP\Debug\libSTMF3disco-BSP.a(l3gd20.o)
                0x08004042                L3GD20_FilterCmd
 .text.L3GD20_ReadXYZAngRate
                0x08004084      0x150 C:\Users\quang\OneDrive - The University of Sydney (Students)\Year 2\Semester 1\MTRX2700\MTRX2700-2024\STMF3disco-BSP\Debug\libSTMF3disco-BSP.a(l3gd20.o)
                0x08004084                L3GD20_ReadXYZAngRate
 .text.SPIx_Init
                0x080041d4       0x78 C:\Users\quang\OneDrive - The University of Sydney (Students)\Year 2\Semester 1\MTRX2700\MTRX2700-2024\STMF3disco-BSP\Debug\libSTMF3disco-BSP.a(stm32f3_discovery.o)
 .text.SPIx_WriteRead
                0x0800424c       0x40 C:\Users\quang\OneDrive - The University of Sydney (Students)\Year 2\Semester 1\MTRX2700\MTRX2700-2024\STMF3disco-BSP\Debug\libSTMF3disco-BSP.a(stm32f3_discovery.o)
 .text.SPIx_Error
                0x0800428c       0x18 C:\Users\quang\OneDrive - The University of Sydney (Students)\Year 2\Semester 1\MTRX2700\MTRX2700-2024\STMF3disco-BSP\Debug\libSTMF3disco-BSP.a(stm32f3_discovery.o)
 .text.SPIx_MspInit
                0x080042a4       0x68 C:\Users\quang\OneDrive - The University of Sydney (Students)\Year 2\Semester 1\MTRX2700\MTRX2700-2024\STMF3disco-BSP\Debug\libSTMF3disco-BSP.a(stm32f3_discovery.o)
 .text.GYRO_IO_Init
                0x0800430c       0x8c C:\Users\quang\OneDrive - The University of Sydney (Students)\Year 2\Semester 1\MTRX2700\MTRX2700-2024\STMF3disco-BSP\Debug\libSTMF3disco-BSP.a(stm32f3_discovery.o)
                0x0800430c                GYRO_IO_Init
 .text.GYRO_IO_Write
                0x08004398       0x64 C:\Users\quang\OneDrive - The University of Sydney (Students)\Year 2\Semester 1\MTRX2700\MTRX2700-2024\STMF3disco-BSP\Debug\libSTMF3disco-BSP.a(stm32f3_discovery.o)
                0x08004398                GYRO_IO_Write
 .text.GYRO_IO_Read
                0x080043fc       0x74 C:\Users\quang\OneDrive - The University of Sydney (Students)\Year 2\Semester 1\MTRX2700\MTRX2700-2024\STMF3disco-BSP\Debug\libSTMF3disco-BSP.a(stm32f3_discovery.o)
                0x080043fc                GYRO_IO_Read
 .text.atoi     0x08004470        0x8 D:/ST/STM32CubeIDE_1.15.1/STM32CubeIDE/plugins/com.st.stm32cube.ide.mcu.externaltools.gnu-tools-for-stm32.12.3.rel1.win32_1.0.100.202403111256/tools/bin/../lib/gcc/arm-none-eabi/12.3.1/../../../../arm-none-eabi/lib/thumb/v7e-m+fp/hard\libc_nano.a(libc_a-atoi.o)
                0x08004470                atoi
 .text._strtol_l.constprop.0
                0x08004478       0xf4 D:/ST/STM32CubeIDE_1.15.1/STM32CubeIDE/plugins/com.st.stm32cube.ide.mcu.externaltools.gnu-tools-for-stm32.12.3.rel1.win32_1.0.100.202403111256/tools/bin/../lib/gcc/arm-none-eabi/12.3.1/../../../../arm-none-eabi/lib/thumb/v7e-m+fp/hard\libc_nano.a(libc_a-strtol.o)
 .text.strtol   0x0800456c       0x14 D:/ST/STM32CubeIDE_1.15.1/STM32CubeIDE/plugins/com.st.stm32cube.ide.mcu.externaltools.gnu-tools-for-stm32.12.3.rel1.win32_1.0.100.202403111256/tools/bin/../lib/gcc/arm-none-eabi/12.3.1/../../../../arm-none-eabi/lib/thumb/v7e-m+fp/hard\libc_nano.a(libc_a-strtol.o)
                0x0800456c                strtol
 .text.sprintf  0x08004580       0x40 D:/ST/STM32CubeIDE_1.15.1/STM32CubeIDE/plugins/com.st.stm32cube.ide.mcu.externaltools.gnu-tools-for-stm32.12.3.rel1.win32_1.0.100.202403111256/tools/bin/../lib/gcc/arm-none-eabi/12.3.1/../../../../arm-none-eabi/lib/thumb/v7e-m+fp/hard\libc_nano.a(libc_a-sprintf.o)
                0x08004580                siprintf
                0x08004580                sprintf
 .text.memset   0x080045c0       0x10 D:/ST/STM32CubeIDE_1.15.1/STM32CubeIDE/plugins/com.st.stm32cube.ide.mcu.externaltools.gnu-tools-for-stm32.12.3.rel1.win32_1.0.100.202403111256/tools/bin/../lib/gcc/arm-none-eabi/12.3.1/../../../../arm-none-eabi/lib/thumb/v7e-m+fp/hard\libc_nano.a(libc_a-memset.o)
                0x080045c0                memset
 .text.__errno  0x080045d0        0xc D:/ST/STM32CubeIDE_1.15.1/STM32CubeIDE/plugins/com.st.stm32cube.ide.mcu.externaltools.gnu-tools-for-stm32.12.3.rel1.win32_1.0.100.202403111256/tools/bin/../lib/gcc/arm-none-eabi/12.3.1/../../../../arm-none-eabi/lib/thumb/v7e-m+fp/hard\libc_nano.a(libc_a-errno.o)
                0x080045d0                __errno
 .text.__libc_init_array
                0x080045dc       0x48 D:/ST/STM32CubeIDE_1.15.1/STM32CubeIDE/plugins/com.st.stm32cube.ide.mcu.externaltools.gnu-tools-for-stm32.12.3.rel1.win32_1.0.100.202403111256/tools/bin/../lib/gcc/arm-none-eabi/12.3.1/../../../../arm-none-eabi/lib/thumb/v7e-m+fp/hard\libc_nano.a(libc_a-init.o)
                0x080045dc                __libc_init_array
 .text.__retarget_lock_acquire_recursive
                0x08004624        0x2 D:/ST/STM32CubeIDE_1.15.1/STM32CubeIDE/plugins/com.st.stm32cube.ide.mcu.externaltools.gnu-tools-for-stm32.12.3.rel1.win32_1.0.100.202403111256/tools/bin/../lib/gcc/arm-none-eabi/12.3.1/../../../../arm-none-eabi/lib/thumb/v7e-m+fp/hard\libc_nano.a(libc_a-lock.o)
                0x08004624                __retarget_lock_acquire_recursive
 .text.__retarget_lock_release_recursive
                0x08004626        0x2 D:/ST/STM32CubeIDE_1.15.1/STM32CubeIDE/plugins/com.st.stm32cube.ide.mcu.externaltools.gnu-tools-for-stm32.12.3.rel1.win32_1.0.100.202403111256/tools/bin/../lib/gcc/arm-none-eabi/12.3.1/../../../../arm-none-eabi/lib/thumb/v7e-m+fp/hard\libc_nano.a(libc_a-lock.o)
                0x08004626                __retarget_lock_release_recursive
 .text.memcpy   0x08004628       0x1c D:/ST/STM32CubeIDE_1.15.1/STM32CubeIDE/plugins/com.st.stm32cube.ide.mcu.externaltools.gnu-tools-for-stm32.12.3.rel1.win32_1.0.100.202403111256/tools/bin/../lib/gcc/arm-none-eabi/12.3.1/../../../../arm-none-eabi/lib/thumb/v7e-m+fp/hard\libc_nano.a(libc_a-memcpy-stub.o)
                0x08004628                memcpy
 .text._free_r  0x08004644       0x94 D:/ST/STM32CubeIDE_1.15.1/STM32CubeIDE/plugins/com.st.stm32cube.ide.mcu.externaltools.gnu-tools-for-stm32.12.3.rel1.win32_1.0.100.202403111256/tools/bin/../lib/gcc/arm-none-eabi/12.3.1/../../../../arm-none-eabi/lib/thumb/v7e-m+fp/hard\libc_nano.a(libc_a-freer.o)
                0x08004644                _free_r
 .text.sbrk_aligned
                0x080046d8       0x44 D:/ST/STM32CubeIDE_1.15.1/STM32CubeIDE/plugins/com.st.stm32cube.ide.mcu.externaltools.gnu-tools-for-stm32.12.3.rel1.win32_1.0.100.202403111256/tools/bin/../lib/gcc/arm-none-eabi/12.3.1/../../../../arm-none-eabi/lib/thumb/v7e-m+fp/hard\libc_nano.a(libc_a-mallocr.o)
 .text._malloc_r
                0x0800471c      0x100 D:/ST/STM32CubeIDE_1.15.1/STM32CubeIDE/plugins/com.st.stm32cube.ide.mcu.externaltools.gnu-tools-for-stm32.12.3.rel1.win32_1.0.100.202403111256/tools/bin/../lib/gcc/arm-none-eabi/12.3.1/../../../../arm-none-eabi/lib/thumb/v7e-m+fp/hard\libc_nano.a(libc_a-mallocr.o)
                0x0800471c                _malloc_r
 .text.__malloc_lock
                0x0800481c        0xc D:/ST/STM32CubeIDE_1.15.1/STM32CubeIDE/plugins/com.st.stm32cube.ide.mcu.externaltools.gnu-tools-for-stm32.12.3.rel1.win32_1.0.100.202403111256/tools/bin/../lib/gcc/arm-none-eabi/12.3.1/../../../../arm-none-eabi/lib/thumb/v7e-m+fp/hard\libc_nano.a(libc_a-mlock.o)
                0x0800481c                __malloc_lock
 .text.__malloc_unlock
                0x08004828        0xc D:/ST/STM32CubeIDE_1.15.1/STM32CubeIDE/plugins/com.st.stm32cube.ide.mcu.externaltools.gnu-tools-for-stm32.12.3.rel1.win32_1.0.100.202403111256/tools/bin/../lib/gcc/arm-none-eabi/12.3.1/../../../../arm-none-eabi/lib/thumb/v7e-m+fp/hard\libc_nano.a(libc_a-mlock.o)
                0x08004828                __malloc_unlock
 .text.__ssputs_r
                0x08004834       0xb6 D:/ST/STM32CubeIDE_1.15.1/STM32CubeIDE/plugins/com.st.stm32cube.ide.mcu.externaltools.gnu-tools-for-stm32.12.3.rel1.win32_1.0.100.202403111256/tools/bin/../lib/gcc/arm-none-eabi/12.3.1/../../../../arm-none-eabi/lib/thumb/v7e-m+fp/hard\libc_nano.a(libc_a-nano-svfprintf.o)
                0x08004834                __ssputs_r
 *fill*         0x080048ea        0x2 
 .text._svfprintf_r
                0x080048ec      0x1f8 D:/ST/STM32CubeIDE_1.15.1/STM32CubeIDE/plugins/com.st.stm32cube.ide.mcu.externaltools.gnu-tools-for-stm32.12.3.rel1.win32_1.0.100.202403111256/tools/bin/../lib/gcc/arm-none-eabi/12.3.1/../../../../arm-none-eabi/lib/thumb/v7e-m+fp/hard\libc_nano.a(libc_a-nano-svfprintf.o)
                0x080048ec                _svfiprintf_r
                0x080048ec                _svfprintf_r
 .text._printf_common
                0x08004ae4       0xda D:/ST/STM32CubeIDE_1.15.1/STM32CubeIDE/plugins/com.st.stm32cube.ide.mcu.externaltools.gnu-tools-for-stm32.12.3.rel1.win32_1.0.100.202403111256/tools/bin/../lib/gcc/arm-none-eabi/12.3.1/../../../../arm-none-eabi/lib/thumb/v7e-m+fp/hard\libc_nano.a(libc_a-nano-vfprintf_i.o)
                0x08004ae4                _printf_common
 *fill*         0x08004bbe        0x2 
 .text._printf_i
                0x08004bc0      0x240 D:/ST/STM32CubeIDE_1.15.1/STM32CubeIDE/plugins/com.st.stm32cube.ide.mcu.externaltools.gnu-tools-for-stm32.12.3.rel1.win32_1.0.100.202403111256/tools/bin/../lib/gcc/arm-none-eabi/12.3.1/../../../../arm-none-eabi/lib/thumb/v7e-m+fp/hard\libc_nano.a(libc_a-nano-vfprintf_i.o)
                0x08004bc0                _printf_i
 .text.memmove  0x08004e00       0x34 D:/ST/STM32CubeIDE_1.15.1/STM32CubeIDE/plugins/com.st.stm32cube.ide.mcu.externaltools.gnu-tools-for-stm32.12.3.rel1.win32_1.0.100.202403111256/tools/bin/../lib/gcc/arm-none-eabi/12.3.1/../../../../arm-none-eabi/lib/thumb/v7e-m+fp/hard\libc_nano.a(libc_a-memmove.o)
                0x08004e00                memmove
 .text._sbrk_r  0x08004e34       0x20 D:/ST/STM32CubeIDE_1.15.1/STM32CubeIDE/plugins/com.st.stm32cube.ide.mcu.externaltools.gnu-tools-for-stm32.12.3.rel1.win32_1.0.100.202403111256/tools/bin/../lib/gcc/arm-none-eabi/12.3.1/../../../../arm-none-eabi/lib/thumb/v7e-m+fp/hard\libc_nano.a(libc_a-sbrkr.o)
                0x08004e34                _sbrk_r
 .text._realloc_r
                0x08004e54       0x5c D:/ST/STM32CubeIDE_1.15.1/STM32CubeIDE/plugins/com.st.stm32cube.ide.mcu.externaltools.gnu-tools-for-stm32.12.3.rel1.win32_1.0.100.202403111256/tools/bin/../lib/gcc/arm-none-eabi/12.3.1/../../../../arm-none-eabi/lib/thumb/v7e-m+fp/hard\libc_nano.a(libc_a-reallocr.o)
                0x08004e54                _realloc_r
 .text._malloc_usable_size_r
                0x08004eb0       0x10 D:/ST/STM32CubeIDE_1.15.1/STM32CubeIDE/plugins/com.st.stm32cube.ide.mcu.externaltools.gnu-tools-for-stm32.12.3.rel1.win32_1.0.100.202403111256/tools/bin/../lib/gcc/arm-none-eabi/12.3.1/../../../../arm-none-eabi/lib/thumb/v7e-m+fp/hard\libc_nano.a(libc_a-msizer.o)
                0x08004eb0                _malloc_usable_size_r
 *(.glue_7)
 .glue_7        0x08004ec0        0x0 linker stubs
 *(.glue_7t)
 .glue_7t       0x08004ec0        0x0 linker stubs
 *(.eh_frame)
 .eh_frame      0x08004ec0        0x0 D:/ST/STM32CubeIDE_1.15.1/STM32CubeIDE/plugins/com.st.stm32cube.ide.mcu.externaltools.gnu-tools-for-stm32.12.3.rel1.win32_1.0.100.202403111256/tools/bin/../lib/gcc/arm-none-eabi/12.3.1/thumb/v7e-m+fp/hard/crtbegin.o
 *(.init)
 .init          0x08004ec0        0x4 D:/ST/STM32CubeIDE_1.15.1/STM32CubeIDE/plugins/com.st.stm32cube.ide.mcu.externaltools.gnu-tools-for-stm32.12.3.rel1.win32_1.0.100.202403111256/tools/bin/../lib/gcc/arm-none-eabi/12.3.1/thumb/v7e-m+fp/hard/crti.o
                0x08004ec0                _init
 .init          0x08004ec4        0x8 D:/ST/STM32CubeIDE_1.15.1/STM32CubeIDE/plugins/com.st.stm32cube.ide.mcu.externaltools.gnu-tools-for-stm32.12.3.rel1.win32_1.0.100.202403111256/tools/bin/../lib/gcc/arm-none-eabi/12.3.1/thumb/v7e-m+fp/hard/crtn.o
 *(.fini)
 .fini          0x08004ecc        0x4 D:/ST/STM32CubeIDE_1.15.1/STM32CubeIDE/plugins/com.st.stm32cube.ide.mcu.externaltools.gnu-tools-for-stm32.12.3.rel1.win32_1.0.100.202403111256/tools/bin/../lib/gcc/arm-none-eabi/12.3.1/thumb/v7e-m+fp/hard/crti.o
                0x08004ecc                _fini
 .fini          0x08004ed0        0x8 D:/ST/STM32CubeIDE_1.15.1/STM32CubeIDE/plugins/com.st.stm32cube.ide.mcu.externaltools.gnu-tools-for-stm32.12.3.rel1.win32_1.0.100.202403111256/tools/bin/../lib/gcc/arm-none-eabi/12.3.1/thumb/v7e-m+fp/hard/crtn.o
                0x08004ed8                        . = ALIGN (0x4)
                0x08004ed8                        _etext = .

.vfp11_veneer   0x08004ed8        0x0
 .vfp11_veneer  0x08004ed8        0x0 linker stubs

.v4_bx          0x08004ed8        0x0
 .v4_bx         0x08004ed8        0x0 linker stubs

.iplt           0x08004ed8        0x0
 .iplt          0x08004ed8        0x0 D:/ST/STM32CubeIDE_1.15.1/STM32CubeIDE/plugins/com.st.stm32cube.ide.mcu.externaltools.gnu-tools-for-stm32.12.3.rel1.win32_1.0.100.202403111256/tools/bin/../lib/gcc/arm-none-eabi/12.3.1/thumb/v7e-m+fp/hard/crtbegin.o

.rodata         0x08004ed8      0x18c
                0x08004ed8                        . = ALIGN (0x4)
 *(.rodata)
 .rodata        0x08004ed8       0x28 ./Core/Src/main.o
 *(.rodata*)
 .rodata.AHBPrescTable
                0x08004f00       0x10 ./Core/Src/system_stm32f3xx.o
                0x08004f00                AHBPrescTable
 .rodata.aPLLMULFactorTable
                0x08004f10       0x10 ./Drivers/STM32F3xx_HAL_Driver/Src/stm32f3xx_hal_rcc.o
 .rodata.aPredivFactorTable
                0x08004f20       0x10 ./Drivers/STM32F3xx_HAL_Driver/Src/stm32f3xx_hal_rcc.o
 .rodata._ctype_
                0x08004f30      0x101 D:/ST/STM32CubeIDE_1.15.1/STM32CubeIDE/plugins/com.st.stm32cube.ide.mcu.externaltools.gnu-tools-for-stm32.12.3.rel1.win32_1.0.100.202403111256/tools/bin/../lib/gcc/arm-none-eabi/12.3.1/../../../../arm-none-eabi/lib/thumb/v7e-m+fp/hard\libc_nano.a(libc_a-ctype_.o)
                0x08004f30                _ctype_
 .rodata._svfprintf_r.str1.1
                0x08005031       0x11 D:/ST/STM32CubeIDE_1.15.1/STM32CubeIDE/plugins/com.st.stm32cube.ide.mcu.externaltools.gnu-tools-for-stm32.12.3.rel1.win32_1.0.100.202403111256/tools/bin/../lib/gcc/arm-none-eabi/12.3.1/../../../../arm-none-eabi/lib/thumb/v7e-m+fp/hard\libc_nano.a(libc_a-nano-svfprintf.o)
 .rodata._printf_i.str1.1
                0x08005042       0x22 D:/ST/STM32CubeIDE_1.15.1/STM32CubeIDE/plugins/com.st.stm32cube.ide.mcu.externaltools.gnu-tools-for-stm32.12.3.rel1.win32_1.0.100.202403111256/tools/bin/../lib/gcc/arm-none-eabi/12.3.1/../../../../arm-none-eabi/lib/thumb/v7e-m+fp/hard\libc_nano.a(libc_a-nano-vfprintf_i.o)
                0x08005064                        . = ALIGN (0x4)

.ARM.extab      0x08005064        0x0
                0x08005064                        . = ALIGN (0x4)
 *(.ARM.extab* .gnu.linkonce.armextab.*)
                0x08005064                        . = ALIGN (0x4)

.ARM            0x08005064        0x8
                0x08005064                        . = ALIGN (0x4)
                0x08005064                        __exidx_start = .
 *(.ARM.exidx*)
 .ARM.exidx     0x08005064        0x8 D:/ST/STM32CubeIDE_1.15.1/STM32CubeIDE/plugins/com.st.stm32cube.ide.mcu.externaltools.gnu-tools-for-stm32.12.3.rel1.win32_1.0.100.202403111256/tools/bin/../lib/gcc/arm-none-eabi/12.3.1/../../../../arm-none-eabi/lib/thumb/v7e-m+fp/hard\libc_nano.a(libc_a-memchr.o)
                0x0800506c                        __exidx_end = .
                0x0800506c                        . = ALIGN (0x4)

.preinit_array  0x0800506c        0x0
                0x0800506c                        . = ALIGN (0x4)
                0x0800506c                        PROVIDE (__preinit_array_start = .)
 *(.preinit_array*)
                0x0800506c                        PROVIDE (__preinit_array_end = .)
                0x0800506c                        . = ALIGN (0x4)

.init_array     0x0800506c        0x4
                0x0800506c                        . = ALIGN (0x4)
                0x0800506c                        PROVIDE (__init_array_start = .)
 *(SORT_BY_NAME(.init_array.*))
 *(.init_array*)
 .init_array    0x0800506c        0x4 D:/ST/STM32CubeIDE_1.15.1/STM32CubeIDE/plugins/com.st.stm32cube.ide.mcu.externaltools.gnu-tools-for-stm32.12.3.rel1.win32_1.0.100.202403111256/tools/bin/../lib/gcc/arm-none-eabi/12.3.1/thumb/v7e-m+fp/hard/crtbegin.o
                0x08005070                        PROVIDE (__init_array_end = .)
                0x08005070                        . = ALIGN (0x4)

.fini_array     0x08005070        0x4
                0x08005070                        . = ALIGN (0x4)
                [!provide]                        PROVIDE (__fini_array_start = .)
 *(SORT_BY_NAME(.fini_array.*))
 *(.fini_array*)
 .fini_array    0x08005070        0x4 D:/ST/STM32CubeIDE_1.15.1/STM32CubeIDE/plugins/com.st.stm32cube.ide.mcu.externaltools.gnu-tools-for-stm32.12.3.rel1.win32_1.0.100.202403111256/tools/bin/../lib/gcc/arm-none-eabi/12.3.1/thumb/v7e-m+fp/hard/crtbegin.o
                [!provide]                        PROVIDE (__fini_array_end = .)
                0x08005074                        . = ALIGN (0x4)
                0x08005074                        _sidata = LOADADDR (.data)

.rel.dyn        0x08005074        0x0
 .rel.iplt      0x08005074        0x0 D:/ST/STM32CubeIDE_1.15.1/STM32CubeIDE/plugins/com.st.stm32cube.ide.mcu.externaltools.gnu-tools-for-stm32.12.3.rel1.win32_1.0.100.202403111256/tools/bin/../lib/gcc/arm-none-eabi/12.3.1/thumb/v7e-m+fp/hard/crtbegin.o

.data           0x20000000      0x148 load address 0x08005074
                0x20000000                        . = ALIGN (0x4)
                0x20000000                        _sdata = .
 *(.data)
 *(.data*)
 .data.USART1_PORT
                0x20000000       0x40 ./Core/Src/serial.o
                0x20000000                USART1_PORT
 .data.UART4_PORT
                0x20000040       0x40 ./Core/Src/serial.o
                0x20000040                UART4_PORT
 .data.SystemCoreClock
                0x20000080        0x4 ./Core/Src/system_stm32f3xx.o
                0x20000080                SystemCoreClock
 .data.uwTickPrio
                0x20000084        0x4 ./Drivers/STM32F3xx_HAL_Driver/Src/stm32f3xx_hal.o
                0x20000084                uwTickPrio
 .data.uwTickFreq
                0x20000088        0x1 ./Drivers/STM32F3xx_HAL_Driver/Src/stm32f3xx_hal.o
                0x20000088                uwTickFreq
 *fill*         0x20000089        0x3 
 .data.I3g4250Drv
                0x2000008c       0x34 C:\Users\quang\OneDrive - The University of Sydney (Students)\Year 2\Semester 1\MTRX2700\MTRX2700-2024\STMF3disco-BSP\Debug\libSTMF3disco-BSP.a(i3g4250d.o)
                0x2000008c                I3g4250Drv
 .data.L3gd20Drv
                0x200000c0       0x34 C:\Users\quang\OneDrive - The University of Sydney (Students)\Year 2\Semester 1\MTRX2700\MTRX2700-2024\STMF3disco-BSP\Debug\libSTMF3disco-BSP.a(l3gd20.o)
                0x200000c0                L3gd20Drv
 .data.SpixTimeout
                0x200000f4        0x4 C:\Users\quang\OneDrive - The University of Sydney (Students)\Year 2\Semester 1\MTRX2700\MTRX2700-2024\STMF3disco-BSP\Debug\libSTMF3disco-BSP.a(stm32f3_discovery.o)
                0x200000f4                SpixTimeout
 .data._impure_ptr
                0x200000f8        0x4 D:/ST/STM32CubeIDE_1.15.1/STM32CubeIDE/plugins/com.st.stm32cube.ide.mcu.externaltools.gnu-tools-for-stm32.12.3.rel1.win32_1.0.100.202403111256/tools/bin/../lib/gcc/arm-none-eabi/12.3.1/../../../../arm-none-eabi/lib/thumb/v7e-m+fp/hard\libc_nano.a(libc_a-impure.o)
                0x200000f8                _impure_ptr
 .data._impure_data
                0x200000fc       0x4c D:/ST/STM32CubeIDE_1.15.1/STM32CubeIDE/plugins/com.st.stm32cube.ide.mcu.externaltools.gnu-tools-for-stm32.12.3.rel1.win32_1.0.100.202403111256/tools/bin/../lib/gcc/arm-none-eabi/12.3.1/../../../../arm-none-eabi/lib/thumb/v7e-m+fp/hard\libc_nano.a(libc_a-impure.o)
                0x200000fc                _impure_data
 *(.RamFunc)
 *(.RamFunc*)
                0x20000148                        . = ALIGN (0x4)
                0x20000148                        _edata = .
                0x080051bc                        _siccmram = LOADADDR (.ccmram)

.igot.plt       0x20000148        0x0 load address 0x080051bc
 .igot.plt      0x20000148        0x0 D:/ST/STM32CubeIDE_1.15.1/STM32CubeIDE/plugins/com.st.stm32cube.ide.mcu.externaltools.gnu-tools-for-stm32.12.3.rel1.win32_1.0.100.202403111256/tools/bin/../lib/gcc/arm-none-eabi/12.3.1/thumb/v7e-m+fp/hard/crtbegin.o

.ccmram         0x10000000        0x0 load address 0x080051bc
                0x10000000                        . = ALIGN (0x4)
                0x10000000                        _sccmram = .
 *(.ccmram)
 *(.ccmram*)
                0x10000000                        . = ALIGN (0x4)
                0x10000000                        _eccmram = .
                0x10000000                        . = ALIGN (0x4)

.bss            0x20000148      0x57c
                0x20000148                        _sbss = .
                0x20000148                        __bss_start__ = _sbss
 *(.bss)
 .bss           0x20000148       0x1c D:/ST/STM32CubeIDE_1.15.1/STM32CubeIDE/plugins/com.st.stm32cube.ide.mcu.externaltools.gnu-tools-for-stm32.12.3.rel1.win32_1.0.100.202403111256/tools/bin/../lib/gcc/arm-none-eabi/12.3.1/thumb/v7e-m+fp/hard/crtbegin.o
 *(.bss*)
 .bss.hi2c1     0x20000164       0x54 ./Core/Src/initialise.o
                0x20000164                hi2c1
 .bss.hspi1     0x200001b8       0x64 ./Core/Src/initialise.o
                0x200001b8                hspi1
 .bss.hpcd_USB_FS
                0x2000021c      0x2ec ./Core/Src/initialise.o
                0x2000021c                hpcd_USB_FS
 .bss.__sbrk_heap_end
                0x20000508        0x4 ./Core/Src/sysmem.o
 .bss.TIM2_callback_function
                0x2000050c        0x4 ./Core/Src/timers.o
                0x2000050c                TIM2_callback_function
 .bss.uwTick    0x20000510        0x4 ./Drivers/STM32F3xx_HAL_Driver/Src/stm32f3xx_hal.o
                0x20000510                uwTick
 .bss.GyroscopeDrv
                0x20000514        0x4 C:\Users\quang\OneDrive - The University of Sydney (Students)\Year 2\Semester 1\MTRX2700\MTRX2700-2024\STMF3disco-BSP\Debug\libSTMF3disco-BSP.a(stm32f3_discovery_gyroscope.o)
 .bss.SpiHandle
                0x20000518       0x64 C:\Users\quang\OneDrive - The University of Sydney (Students)\Year 2\Semester 1\MTRX2700\MTRX2700-2024\STMF3disco-BSP\Debug\libSTMF3disco-BSP.a(stm32f3_discovery.o)
 .bss.__sf      0x2000057c      0x138 D:/ST/STM32CubeIDE_1.15.1/STM32CubeIDE/plugins/com.st.stm32cube.ide.mcu.externaltools.gnu-tools-for-stm32.12.3.rel1.win32_1.0.100.202403111256/tools/bin/../lib/gcc/arm-none-eabi/12.3.1/../../../../arm-none-eabi/lib/thumb/v7e-m+fp/hard\libc_nano.a(libc_a-findfp.o)
                0x2000057c                __sf
 .bss.errno     0x200006b4        0x4 D:/ST/STM32CubeIDE_1.15.1/STM32CubeIDE/plugins/com.st.stm32cube.ide.mcu.externaltools.gnu-tools-for-stm32.12.3.rel1.win32_1.0.100.202403111256/tools/bin/../lib/gcc/arm-none-eabi/12.3.1/../../../../arm-none-eabi/lib/thumb/v7e-m+fp/hard\libc_nano.a(libc_a-reent.o)
                0x200006b4                errno
 .bss.__lock___malloc_recursive_mutex
                0x200006b8        0x1 D:/ST/STM32CubeIDE_1.15.1/STM32CubeIDE/plugins/com.st.stm32cube.ide.mcu.externaltools.gnu-tools-for-stm32.12.3.rel1.win32_1.0.100.202403111256/tools/bin/../lib/gcc/arm-none-eabi/12.3.1/../../../../arm-none-eabi/lib/thumb/v7e-m+fp/hard\libc_nano.a(libc_a-lock.o)
                0x200006b8                __lock___malloc_recursive_mutex
 *fill*         0x200006b9        0x3 
 .bss.__malloc_sbrk_start
                0x200006bc        0x4 D:/ST/STM32CubeIDE_1.15.1/STM32CubeIDE/plugins/com.st.stm32cube.ide.mcu.externaltools.gnu-tools-for-stm32.12.3.rel1.win32_1.0.100.202403111256/tools/bin/../lib/gcc/arm-none-eabi/12.3.1/../../../../arm-none-eabi/lib/thumb/v7e-m+fp/hard\libc_nano.a(libc_a-mallocr.o)
                0x200006bc                __malloc_sbrk_start
 .bss.__malloc_free_list
                0x200006c0        0x4 D:/ST/STM32CubeIDE_1.15.1/STM32CubeIDE/plugins/com.st.stm32cube.ide.mcu.externaltools.gnu-tools-for-stm32.12.3.rel1.win32_1.0.100.202403111256/tools/bin/../lib/gcc/arm-none-eabi/12.3.1/../../../../arm-none-eabi/lib/thumb/v7e-m+fp/hard\libc_nano.a(libc_a-mallocr.o)
                0x200006c0                __malloc_free_list
 *(COMMON)
                0x200006c4                        . = ALIGN (0x4)
                0x200006c4                        _ebss = .
                0x200006c4                        __bss_end__ = _ebss

._user_heap_stack
                0x200006c4      0x604
                0x200006c8                        . = ALIGN (0x8)
 *fill*         0x200006c4        0x4 
                [!provide]                        PROVIDE (end = .)
                0x200006c8                        PROVIDE (_end = .)
                0x200008c8                        . = (. + _Min_Heap_Size)
 *fill*         0x200006c8      0x200 
                0x20000cc8                        . = (. + _Min_Stack_Size)
 *fill*         0x200008c8      0x400 
                0x20000cc8                        . = ALIGN (0x8)

/DISCARD/
 libc.a(*)
 libm.a(*)
 libgcc.a(*)

.ARM.attributes
                0x00000000       0x30
 *(.ARM.attributes)
 .ARM.attributes
                0x00000000       0x22 D:/ST/STM32CubeIDE_1.15.1/STM32CubeIDE/plugins/com.st.stm32cube.ide.mcu.externaltools.gnu-tools-for-stm32.12.3.rel1.win32_1.0.100.202403111256/tools/bin/../lib/gcc/arm-none-eabi/12.3.1/thumb/v7e-m+fp/hard/crti.o
 .ARM.attributes
                0x00000022       0x34 D:/ST/STM32CubeIDE_1.15.1/STM32CubeIDE/plugins/com.st.stm32cube.ide.mcu.externaltools.gnu-tools-for-stm32.12.3.rel1.win32_1.0.100.202403111256/tools/bin/../lib/gcc/arm-none-eabi/12.3.1/thumb/v7e-m+fp/hard/crtbegin.o
 .ARM.attributes
                0x00000056       0x34 ./Core/Src/initialise.o
 .ARM.attributes
                0x0000008a       0x34 ./Core/Src/main.o
 .ARM.attributes
                0x000000be       0x34 ./Core/Src/serial.o
 .ARM.attributes
                0x000000f2       0x34 ./Core/Src/stm32f3xx_hal_msp.o
 .ARM.attributes
                0x00000126       0x34 ./Core/Src/stm32f3xx_it.o
 .ARM.attributes
                0x0000015a       0x34 ./Core/Src/sysmem.o
 .ARM.attributes
                0x0000018e       0x34 ./Core/Src/system_stm32f3xx.o
 .ARM.attributes
                0x000001c2       0x34 ./Core/Src/timers.o
 .ARM.attributes
                0x000001f6       0x21 ./Core/Startup/startup_stm32f303vctx.o
 .ARM.attributes
                0x00000217       0x34 ./Drivers/STM32F3xx_HAL_Driver/Src/stm32f3xx_hal.o
 .ARM.attributes
                0x0000024b       0x34 ./Drivers/STM32F3xx_HAL_Driver/Src/stm32f3xx_hal_cortex.o
 .ARM.attributes
                0x0000027f       0x34 ./Drivers/STM32F3xx_HAL_Driver/Src/stm32f3xx_hal_gpio.o
 .ARM.attributes
                0x000002b3       0x34 ./Drivers/STM32F3xx_HAL_Driver/Src/stm32f3xx_hal_i2c.o
 .ARM.attributes
                0x000002e7       0x34 ./Drivers/STM32F3xx_HAL_Driver/Src/stm32f3xx_hal_i2c_ex.o
 .ARM.attributes
                0x0000031b       0x34 ./Drivers/STM32F3xx_HAL_Driver/Src/stm32f3xx_hal_pcd.o
 .ARM.attributes
                0x0000034f       0x34 ./Drivers/STM32F3xx_HAL_Driver/Src/stm32f3xx_hal_rcc.o
 .ARM.attributes
                0x00000383       0x34 ./Drivers/STM32F3xx_HAL_Driver/Src/stm32f3xx_hal_rcc_ex.o
 .ARM.attributes
                0x000003b7       0x34 ./Drivers/STM32F3xx_HAL_Driver/Src/stm32f3xx_hal_spi.o
 .ARM.attributes
                0x000003eb       0x34 ./Drivers/STM32F3xx_HAL_Driver/Src/stm32f3xx_ll_usb.o
 .ARM.attributes
                0x0000041f       0x34 C:\Users\quang\OneDrive - The University of Sydney (Students)\Year 2\Semester 1\MTRX2700\MTRX2700-2024\STMF3disco-BSP\Debug\libSTMF3disco-BSP.a(stm32f3_discovery_gyroscope.o)
 .ARM.attributes
                0x00000453       0x34 C:\Users\quang\OneDrive - The University of Sydney (Students)\Year 2\Semester 1\MTRX2700\MTRX2700-2024\STMF3disco-BSP\Debug\libSTMF3disco-BSP.a(i3g4250d.o)
 .ARM.attributes
                0x00000487       0x34 C:\Users\quang\OneDrive - The University of Sydney (Students)\Year 2\Semester 1\MTRX2700\MTRX2700-2024\STMF3disco-BSP\Debug\libSTMF3disco-BSP.a(l3gd20.o)
 .ARM.attributes
                0x000004bb       0x34 C:\Users\quang\OneDrive - The University of Sydney (Students)\Year 2\Semester 1\MTRX2700\MTRX2700-2024\STMF3disco-BSP\Debug\libSTMF3disco-BSP.a(stm32f3_discovery.o)
 .ARM.attributes
                0x000004ef       0x34 D:/ST/STM32CubeIDE_1.15.1/STM32CubeIDE/plugins/com.st.stm32cube.ide.mcu.externaltools.gnu-tools-for-stm32.12.3.rel1.win32_1.0.100.202403111256/tools/bin/../lib/gcc/arm-none-eabi/12.3.1/../../../../arm-none-eabi/lib/thumb/v7e-m+fp/hard\libc_nano.a(libc_a-atoi.o)
 .ARM.attributes
                0x00000523       0x34 D:/ST/STM32CubeIDE_1.15.1/STM32CubeIDE/plugins/com.st.stm32cube.ide.mcu.externaltools.gnu-tools-for-stm32.12.3.rel1.win32_1.0.100.202403111256/tools/bin/../lib/gcc/arm-none-eabi/12.3.1/../../../../arm-none-eabi/lib/thumb/v7e-m+fp/hard\libc_nano.a(libc_a-strtol.o)
 .ARM.attributes
                0x00000557       0x34 D:/ST/STM32CubeIDE_1.15.1/STM32CubeIDE/plugins/com.st.stm32cube.ide.mcu.externaltools.gnu-tools-for-stm32.12.3.rel1.win32_1.0.100.202403111256/tools/bin/../lib/gcc/arm-none-eabi/12.3.1/../../../../arm-none-eabi/lib/thumb/v7e-m+fp/hard\libc_nano.a(libc_a-ctype_.o)
 .ARM.attributes
                0x0000058b       0x34 D:/ST/STM32CubeIDE_1.15.1/STM32CubeIDE/plugins/com.st.stm32cube.ide.mcu.externaltools.gnu-tools-for-stm32.12.3.rel1.win32_1.0.100.202403111256/tools/bin/../lib/gcc/arm-none-eabi/12.3.1/../../../../arm-none-eabi/lib/thumb/v7e-m+fp/hard\libc_nano.a(libc_a-findfp.o)
 .ARM.attributes
                0x000005bf       0x34 D:/ST/STM32CubeIDE_1.15.1/STM32CubeIDE/plugins/com.st.stm32cube.ide.mcu.externaltools.gnu-tools-for-stm32.12.3.rel1.win32_1.0.100.202403111256/tools/bin/../lib/gcc/arm-none-eabi/12.3.1/../../../../arm-none-eabi/lib/thumb/v7e-m+fp/hard\libc_nano.a(libc_a-sprintf.o)
 .ARM.attributes
                0x000005f3       0x34 D:/ST/STM32CubeIDE_1.15.1/STM32CubeIDE/plugins/com.st.stm32cube.ide.mcu.externaltools.gnu-tools-for-stm32.12.3.rel1.win32_1.0.100.202403111256/tools/bin/../lib/gcc/arm-none-eabi/12.3.1/../../../../arm-none-eabi/lib/thumb/v7e-m+fp/hard\libc_nano.a(libc_a-memset.o)
 .ARM.attributes
                0x00000627       0x34 D:/ST/STM32CubeIDE_1.15.1/STM32CubeIDE/plugins/com.st.stm32cube.ide.mcu.externaltools.gnu-tools-for-stm32.12.3.rel1.win32_1.0.100.202403111256/tools/bin/../lib/gcc/arm-none-eabi/12.3.1/../../../../arm-none-eabi/lib/thumb/v7e-m+fp/hard\libc_nano.a(libc_a-reent.o)
 .ARM.attributes
                0x0000065b       0x34 D:/ST/STM32CubeIDE_1.15.1/STM32CubeIDE/plugins/com.st.stm32cube.ide.mcu.externaltools.gnu-tools-for-stm32.12.3.rel1.win32_1.0.100.202403111256/tools/bin/../lib/gcc/arm-none-eabi/12.3.1/../../../../arm-none-eabi/lib/thumb/v7e-m+fp/hard\libc_nano.a(libc_a-impure.o)
 .ARM.attributes
                0x0000068f       0x34 D:/ST/STM32CubeIDE_1.15.1/STM32CubeIDE/plugins/com.st.stm32cube.ide.mcu.externaltools.gnu-tools-for-stm32.12.3.rel1.win32_1.0.100.202403111256/tools/bin/../lib/gcc/arm-none-eabi/12.3.1/../../../../arm-none-eabi/lib/thumb/v7e-m+fp/hard\libc_nano.a(libc_a-errno.o)
 .ARM.attributes
                0x000006c3       0x34 D:/ST/STM32CubeIDE_1.15.1/STM32CubeIDE/plugins/com.st.stm32cube.ide.mcu.externaltools.gnu-tools-for-stm32.12.3.rel1.win32_1.0.100.202403111256/tools/bin/../lib/gcc/arm-none-eabi/12.3.1/../../../../arm-none-eabi/lib/thumb/v7e-m+fp/hard\libc_nano.a(libc_a-init.o)
 .ARM.attributes
                0x000006f7       0x34 D:/ST/STM32CubeIDE_1.15.1/STM32CubeIDE/plugins/com.st.stm32cube.ide.mcu.externaltools.gnu-tools-for-stm32.12.3.rel1.win32_1.0.100.202403111256/tools/bin/../lib/gcc/arm-none-eabi/12.3.1/../../../../arm-none-eabi/lib/thumb/v7e-m+fp/hard\libc_nano.a(libc_a-lock.o)
 .ARM.attributes
                0x0000072b       0x34 D:/ST/STM32CubeIDE_1.15.1/STM32CubeIDE/plugins/com.st.stm32cube.ide.mcu.externaltools.gnu-tools-for-stm32.12.3.rel1.win32_1.0.100.202403111256/tools/bin/../lib/gcc/arm-none-eabi/12.3.1/../../../../arm-none-eabi/lib/thumb/v7e-m+fp/hard\libc_nano.a(libc_a-memcpy-stub.o)
 .ARM.attributes
                0x0000075f       0x34 D:/ST/STM32CubeIDE_1.15.1/STM32CubeIDE/plugins/com.st.stm32cube.ide.mcu.externaltools.gnu-tools-for-stm32.12.3.rel1.win32_1.0.100.202403111256/tools/bin/../lib/gcc/arm-none-eabi/12.3.1/../../../../arm-none-eabi/lib/thumb/v7e-m+fp/hard\libc_nano.a(libc_a-freer.o)
 .ARM.attributes
                0x00000793       0x34 D:/ST/STM32CubeIDE_1.15.1/STM32CubeIDE/plugins/com.st.stm32cube.ide.mcu.externaltools.gnu-tools-for-stm32.12.3.rel1.win32_1.0.100.202403111256/tools/bin/../lib/gcc/arm-none-eabi/12.3.1/../../../../arm-none-eabi/lib/thumb/v7e-m+fp/hard\libc_nano.a(libc_a-mallocr.o)
 .ARM.attributes
                0x000007c7       0x34 D:/ST/STM32CubeIDE_1.15.1/STM32CubeIDE/plugins/com.st.stm32cube.ide.mcu.externaltools.gnu-tools-for-stm32.12.3.rel1.win32_1.0.100.202403111256/tools/bin/../lib/gcc/arm-none-eabi/12.3.1/../../../../arm-none-eabi/lib/thumb/v7e-m+fp/hard\libc_nano.a(libc_a-mlock.o)
 .ARM.attributes
                0x000007fb       0x34 D:/ST/STM32CubeIDE_1.15.1/STM32CubeIDE/plugins/com.st.stm32cube.ide.mcu.externaltools.gnu-tools-for-stm32.12.3.rel1.win32_1.0.100.202403111256/tools/bin/../lib/gcc/arm-none-eabi/12.3.1/../../../../arm-none-eabi/lib/thumb/v7e-m+fp/hard\libc_nano.a(libc_a-nano-svfprintf.o)
 .ARM.attributes
                0x0000082f       0x34 D:/ST/STM32CubeIDE_1.15.1/STM32CubeIDE/plugins/com.st.stm32cube.ide.mcu.externaltools.gnu-tools-for-stm32.12.3.rel1.win32_1.0.100.202403111256/tools/bin/../lib/gcc/arm-none-eabi/12.3.1/../../../../arm-none-eabi/lib/thumb/v7e-m+fp/hard\libc_nano.a(libc_a-nano-vfprintf_i.o)
 .ARM.attributes
                0x00000863       0x34 D:/ST/STM32CubeIDE_1.15.1/STM32CubeIDE/plugins/com.st.stm32cube.ide.mcu.externaltools.gnu-tools-for-stm32.12.3.rel1.win32_1.0.100.202403111256/tools/bin/../lib/gcc/arm-none-eabi/12.3.1/../../../../arm-none-eabi/lib/thumb/v7e-m+fp/hard\libc_nano.a(libc_a-memmove.o)
 .ARM.attributes
                0x00000897       0x34 D:/ST/STM32CubeIDE_1.15.1/STM32CubeIDE/plugins/com.st.stm32cube.ide.mcu.externaltools.gnu-tools-for-stm32.12.3.rel1.win32_1.0.100.202403111256/tools/bin/../lib/gcc/arm-none-eabi/12.3.1/../../../../arm-none-eabi/lib/thumb/v7e-m+fp/hard\libc_nano.a(libc_a-sbrkr.o)
 .ARM.attributes
                0x000008cb       0x1c D:/ST/STM32CubeIDE_1.15.1/STM32CubeIDE/plugins/com.st.stm32cube.ide.mcu.externaltools.gnu-tools-for-stm32.12.3.rel1.win32_1.0.100.202403111256/tools/bin/../lib/gcc/arm-none-eabi/12.3.1/../../../../arm-none-eabi/lib/thumb/v7e-m+fp/hard\libc_nano.a(libc_a-memchr.o)
 .ARM.attributes
                0x000008e7       0x34 D:/ST/STM32CubeIDE_1.15.1/STM32CubeIDE/plugins/com.st.stm32cube.ide.mcu.externaltools.gnu-tools-for-stm32.12.3.rel1.win32_1.0.100.202403111256/tools/bin/../lib/gcc/arm-none-eabi/12.3.1/../../../../arm-none-eabi/lib/thumb/v7e-m+fp/hard\libc_nano.a(libc_a-reallocr.o)
 .ARM.attributes
                0x0000091b       0x34 D:/ST/STM32CubeIDE_1.15.1/STM32CubeIDE/plugins/com.st.stm32cube.ide.mcu.externaltools.gnu-tools-for-stm32.12.3.rel1.win32_1.0.100.202403111256/tools/bin/../lib/gcc/arm-none-eabi/12.3.1/../../../../arm-none-eabi/lib/thumb/v7e-m+fp/hard\libc_nano.a(libc_a-msizer.o)
 .ARM.attributes
                0x0000094f       0x22 D:/ST/STM32CubeIDE_1.15.1/STM32CubeIDE/plugins/com.st.stm32cube.ide.mcu.externaltools.gnu-tools-for-stm32.12.3.rel1.win32_1.0.100.202403111256/tools/bin/../lib/gcc/arm-none-eabi/12.3.1/thumb/v7e-m+fp/hard/crtn.o
OUTPUT(Major Project.elf elf32-littlearm)
LOAD linker stubs
LOAD D:/ST/STM32CubeIDE_1.15.1/STM32CubeIDE/plugins/com.st.stm32cube.ide.mcu.externaltools.gnu-tools-for-stm32.12.3.rel1.win32_1.0.100.202403111256/tools/bin/../lib/gcc/arm-none-eabi/12.3.1/../../../../arm-none-eabi/lib/thumb/v7e-m+fp/hard\libc.a
LOAD D:/ST/STM32CubeIDE_1.15.1/STM32CubeIDE/plugins/com.st.stm32cube.ide.mcu.externaltools.gnu-tools-for-stm32.12.3.rel1.win32_1.0.100.202403111256/tools/bin/../lib/gcc/arm-none-eabi/12.3.1/../../../../arm-none-eabi/lib/thumb/v7e-m+fp/hard\libm.a
LOAD D:/ST/STM32CubeIDE_1.15.1/STM32CubeIDE/plugins/com.st.stm32cube.ide.mcu.externaltools.gnu-tools-for-stm32.12.3.rel1.win32_1.0.100.202403111256/tools/bin/../lib/gcc/arm-none-eabi/12.3.1/thumb/v7e-m+fp/hard\libgcc.a

.debug_info     0x00000000    0x10044
 .debug_info    0x00000000     0x1481 ./Core/Src/initialise.o
 .debug_info    0x00001481      0x1c9 ./Core/Src/main.o
 .debug_info    0x0000164a      0x779 ./Core/Src/serial.o
 .debug_info    0x00001dc3     0x1070 ./Core/Src/stm32f3xx_hal_msp.o
 .debug_info    0x00002e33      0x113 ./Core/Src/stm32f3xx_it.o
 .debug_info    0x00002f46      0x168 ./Core/Src/sysmem.o
 .debug_info    0x000030ae      0x407 ./Core/Src/system_stm32f3xx.o
 .debug_info    0x000034b5      0x83b ./Core/Src/timers.o
 .debug_info    0x00003cf0       0x30 ./Core/Startup/startup_stm32f303vctx.o
 .debug_info    0x00003d20      0x7d4 ./Drivers/STM32F3xx_HAL_Driver/Src/stm32f3xx_hal.o
 .debug_info    0x000044f4      0xcaf ./Drivers/STM32F3xx_HAL_Driver/Src/stm32f3xx_hal_cortex.o
 .debug_info    0x000051a3      0x5fe ./Drivers/STM32F3xx_HAL_Driver/Src/stm32f3xx_hal_gpio.o
 .debug_info    0x000057a1     0x2048 ./Drivers/STM32F3xx_HAL_Driver/Src/stm32f3xx_hal_i2c.o
 .debug_info    0x000077e9      0x824 ./Drivers/STM32F3xx_HAL_Driver/Src/stm32f3xx_hal_i2c_ex.o
 .debug_info    0x0000800d     0x162f ./Drivers/STM32F3xx_HAL_Driver/Src/stm32f3xx_hal_pcd.o
 .debug_info    0x0000963c     0x14f1 ./Drivers/STM32F3xx_HAL_Driver/Src/stm32f3xx_hal_rcc.o
 .debug_info    0x0000ab2d      0x601 ./Drivers/STM32F3xx_HAL_Driver/Src/stm32f3xx_hal_rcc_ex.o
 .debug_info    0x0000b12e     0x1622 ./Drivers/STM32F3xx_HAL_Driver/Src/stm32f3xx_hal_spi.o
 .debug_info    0x0000c750     0x15c8 ./Drivers/STM32F3xx_HAL_Driver/Src/stm32f3xx_ll_usb.o
 .debug_info    0x0000dd18      0x417 C:\Users\quang\OneDrive - The University of Sydney (Students)\Year 2\Semester 1\MTRX2700\MTRX2700-2024\STMF3disco-BSP\Debug\libSTMF3disco-BSP.a(stm32f3_discovery_gyroscope.o)
 .debug_info    0x0000e12f      0x4b9 C:\Users\quang\OneDrive - The University of Sydney (Students)\Year 2\Semester 1\MTRX2700\MTRX2700-2024\STMF3disco-BSP\Debug\libSTMF3disco-BSP.a(i3g4250d.o)
 .debug_info    0x0000e5e8      0x4bc C:\Users\quang\OneDrive - The University of Sydney (Students)\Year 2\Semester 1\MTRX2700\MTRX2700-2024\STMF3disco-BSP\Debug\libSTMF3disco-BSP.a(l3gd20.o)
 .debug_info    0x0000eaa4     0x15a0 C:\Users\quang\OneDrive - The University of Sydney (Students)\Year 2\Semester 1\MTRX2700\MTRX2700-2024\STMF3disco-BSP\Debug\libSTMF3disco-BSP.a(stm32f3_discovery.o)

.debug_abbrev   0x00000000     0x2c51
 .debug_abbrev  0x00000000      0x2af ./Core/Src/initialise.o
 .debug_abbrev  0x000002af       0xfe ./Core/Src/main.o
 .debug_abbrev  0x000003ad      0x237 ./Core/Src/serial.o
 .debug_abbrev  0x000005e4      0x1fa ./Core/Src/stm32f3xx_hal_msp.o
 .debug_abbrev  0x000007de       0x73 ./Core/Src/stm32f3xx_it.o
 .debug_abbrev  0x00000851       0xbc ./Core/Src/sysmem.o
 .debug_abbrev  0x0000090d      0x11a ./Core/Src/system_stm32f3xx.o
 .debug_abbrev  0x00000a27      0x1da ./Core/Src/timers.o
 .debug_abbrev  0x00000c01       0x24 ./Core/Startup/startup_stm32f303vctx.o
 .debug_abbrev  0x00000c25      0x215 ./Drivers/STM32F3xx_HAL_Driver/Src/stm32f3xx_hal.o
 .debug_abbrev  0x00000e3a      0x329 ./Drivers/STM32F3xx_HAL_Driver/Src/stm32f3xx_hal_cortex.o
 .debug_abbrev  0x00001163      0x1ca ./Drivers/STM32F3xx_HAL_Driver/Src/stm32f3xx_hal_gpio.o
 .debug_abbrev  0x0000132d      0x260 ./Drivers/STM32F3xx_HAL_Driver/Src/stm32f3xx_hal_i2c.o
 .debug_abbrev  0x0000158d      0x1c2 ./Drivers/STM32F3xx_HAL_Driver/Src/stm32f3xx_hal_i2c_ex.o
 .debug_abbrev  0x0000174f      0x2d2 ./Drivers/STM32F3xx_HAL_Driver/Src/stm32f3xx_hal_pcd.o
 .debug_abbrev  0x00001a21      0x300 ./Drivers/STM32F3xx_HAL_Driver/Src/stm32f3xx_hal_rcc.o
 .debug_abbrev  0x00001d21      0x245 ./Drivers/STM32F3xx_HAL_Driver/Src/stm32f3xx_hal_rcc_ex.o
 .debug_abbrev  0x00001f66      0x269 ./Drivers/STM32F3xx_HAL_Driver/Src/stm32f3xx_hal_spi.o
 .debug_abbrev  0x000021cf      0x23f ./Drivers/STM32F3xx_HAL_Driver/Src/stm32f3xx_ll_usb.o
 .debug_abbrev  0x0000240e      0x197 C:\Users\quang\OneDrive - The University of Sydney (Students)\Year 2\Semester 1\MTRX2700\MTRX2700-2024\STMF3disco-BSP\Debug\libSTMF3disco-BSP.a(stm32f3_discovery_gyroscope.o)
 .debug_abbrev  0x000025a5      0x200 C:\Users\quang\OneDrive - The University of Sydney (Students)\Year 2\Semester 1\MTRX2700\MTRX2700-2024\STMF3disco-BSP\Debug\libSTMF3disco-BSP.a(i3g4250d.o)
 .debug_abbrev  0x000027a5      0x200 C:\Users\quang\OneDrive - The University of Sydney (Students)\Year 2\Semester 1\MTRX2700\MTRX2700-2024\STMF3disco-BSP\Debug\libSTMF3disco-BSP.a(l3gd20.o)
 .debug_abbrev  0x000029a5      0x2ac C:\Users\quang\OneDrive - The University of Sydney (Students)\Year 2\Semester 1\MTRX2700\MTRX2700-2024\STMF3disco-BSP\Debug\libSTMF3disco-BSP.a(stm32f3_discovery.o)

.debug_aranges  0x00000000      0xe10
 .debug_aranges
                0x00000000       0x50 ./Core/Src/initialise.o
 .debug_aranges
                0x00000050       0x20 ./Core/Src/main.o
 .debug_aranges
                0x00000070       0x60 ./Core/Src/serial.o
 .debug_aranges
                0x000000d0       0x50 ./Core/Src/stm32f3xx_hal_msp.o
 .debug_aranges
                0x00000120       0x60 ./Core/Src/stm32f3xx_it.o
 .debug_aranges
                0x00000180       0x20 ./Core/Src/sysmem.o
 .debug_aranges
                0x000001a0       0x28 ./Core/Src/system_stm32f3xx.o
 .debug_aranges
                0x000001c8       0x48 ./Core/Src/timers.o
 .debug_aranges
                0x00000210       0x28 ./Core/Startup/startup_stm32f303vctx.o
 .debug_aranges
                0x00000238       0xe0 ./Drivers/STM32F3xx_HAL_Driver/Src/stm32f3xx_hal.o
 .debug_aranges
                0x00000318      0x118 ./Drivers/STM32F3xx_HAL_Driver/Src/stm32f3xx_hal_cortex.o
 .debug_aranges
                0x00000430       0x58 ./Drivers/STM32F3xx_HAL_Driver/Src/stm32f3xx_hal_gpio.o
 .debug_aranges
                0x00000488      0x2a0 ./Drivers/STM32F3xx_HAL_Driver/Src/stm32f3xx_hal_i2c.o
 .debug_aranges
                0x00000728       0x48 ./Drivers/STM32F3xx_HAL_Driver/Src/stm32f3xx_hal_i2c_ex.o
 .debug_aranges
                0x00000770      0x140 ./Drivers/STM32F3xx_HAL_Driver/Src/stm32f3xx_hal_pcd.o
 .debug_aranges
                0x000008b0       0x88 ./Drivers/STM32F3xx_HAL_Driver/Src/stm32f3xx_hal_rcc.o
 .debug_aranges
                0x00000938       0x38 ./Drivers/STM32F3xx_HAL_Driver/Src/stm32f3xx_hal_rcc_ex.o
 .debug_aranges
                0x00000970      0x1d8 ./Drivers/STM32F3xx_HAL_Driver/Src/stm32f3xx_hal_spi.o
 .debug_aranges
                0x00000b48       0xb8 ./Drivers/STM32F3xx_HAL_Driver/Src/stm32f3xx_ll_usb.o
 .debug_aranges
                0x00000c00       0x50 C:\Users\quang\OneDrive - The University of Sydney (Students)\Year 2\Semester 1\MTRX2700\MTRX2700-2024\STMF3disco-BSP\Debug\libSTMF3disco-BSP.a(stm32f3_discovery_gyroscope.o)
 .debug_aranges
                0x00000c50       0x78 C:\Users\quang\OneDrive - The University of Sydney (Students)\Year 2\Semester 1\MTRX2700\MTRX2700-2024\STMF3disco-BSP\Debug\libSTMF3disco-BSP.a(i3g4250d.o)
 .debug_aranges
                0x00000cc8       0x78 C:\Users\quang\OneDrive - The University of Sydney (Students)\Year 2\Semester 1\MTRX2700\MTRX2700-2024\STMF3disco-BSP\Debug\libSTMF3disco-BSP.a(l3gd20.o)
 .debug_aranges
                0x00000d40       0xd0 C:\Users\quang\OneDrive - The University of Sydney (Students)\Year 2\Semester 1\MTRX2700\MTRX2700-2024\STMF3disco-BSP\Debug\libSTMF3disco-BSP.a(stm32f3_discovery.o)

.debug_rnglists
                0x00000000      0xab5
 .debug_rnglists
                0x00000000       0x3b ./Core/Src/initialise.o
 .debug_rnglists
                0x0000003b       0x13 ./Core/Src/main.o
 .debug_rnglists
                0x0000004e       0x5d ./Core/Src/serial.o
 .debug_rnglists
                0x000000ab       0x3a ./Core/Src/stm32f3xx_hal_msp.o
 .debug_rnglists
                0x000000e5       0x43 ./Core/Src/stm32f3xx_it.o
 .debug_rnglists
                0x00000128       0x13 ./Core/Src/sysmem.o
 .debug_rnglists
                0x0000013b       0x1a ./Core/Src/system_stm32f3xx.o
 .debug_rnglists
                0x00000155       0x32 ./Core/Src/timers.o
 .debug_rnglists
                0x00000187       0x19 ./Core/Startup/startup_stm32f303vctx.o
 .debug_rnglists
                0x000001a0       0xa3 ./Drivers/STM32F3xx_HAL_Driver/Src/stm32f3xx_hal.o
 .debug_rnglists
                0x00000243       0xce ./Drivers/STM32F3xx_HAL_Driver/Src/stm32f3xx_hal_cortex.o
 .debug_rnglists
                0x00000311       0x3f ./Drivers/STM32F3xx_HAL_Driver/Src/stm32f3xx_hal_gpio.o
 .debug_rnglists
                0x00000350      0x228 ./Drivers/STM32F3xx_HAL_Driver/Src/stm32f3xx_hal_i2c.o
 .debug_rnglists
                0x00000578       0x35 ./Drivers/STM32F3xx_HAL_Driver/Src/stm32f3xx_hal_i2c_ex.o
 .debug_rnglists
                0x000005ad       0xf4 ./Drivers/STM32F3xx_HAL_Driver/Src/stm32f3xx_hal_pcd.o
 .debug_rnglists
                0x000006a1       0x66 ./Drivers/STM32F3xx_HAL_Driver/Src/stm32f3xx_hal_rcc.o
 .debug_rnglists
                0x00000707       0x28 ./Drivers/STM32F3xx_HAL_Driver/Src/stm32f3xx_hal_rcc_ex.o
 .debug_rnglists
                0x0000072f      0x178 ./Drivers/STM32F3xx_HAL_Driver/Src/stm32f3xx_hal_spi.o
 .debug_rnglists
                0x000008a7       0x8d ./Drivers/STM32F3xx_HAL_Driver/Src/stm32f3xx_ll_usb.o
 .debug_rnglists
                0x00000934       0x38 C:\Users\quang\OneDrive - The University of Sydney (Students)\Year 2\Semester 1\MTRX2700\MTRX2700-2024\STMF3disco-BSP\Debug\libSTMF3disco-BSP.a(stm32f3_discovery_gyroscope.o)
 .debug_rnglists
                0x0000096c       0x57 C:\Users\quang\OneDrive - The University of Sydney (Students)\Year 2\Semester 1\MTRX2700\MTRX2700-2024\STMF3disco-BSP\Debug\libSTMF3disco-BSP.a(i3g4250d.o)
 .debug_rnglists
                0x000009c3       0x57 C:\Users\quang\OneDrive - The University of Sydney (Students)\Year 2\Semester 1\MTRX2700\MTRX2700-2024\STMF3disco-BSP\Debug\libSTMF3disco-BSP.a(l3gd20.o)
 .debug_rnglists
                0x00000a1a       0x9b C:\Users\quang\OneDrive - The University of Sydney (Students)\Year 2\Semester 1\MTRX2700\MTRX2700-2024\STMF3disco-BSP\Debug\libSTMF3disco-BSP.a(stm32f3_discovery.o)

.debug_macro    0x00000000    0x20769
 .debug_macro   0x00000000      0x24e ./Core/Src/initialise.o
 .debug_macro   0x0000024e       0x8e ./Core/Src/initialise.o
 .debug_macro   0x000002dc       0x51 ./Core/Src/initialise.o
 .debug_macro   0x0000032d      0x189 ./Core/Src/initialise.o
 .debug_macro   0x000004b6       0x55 ./Core/Src/initialise.o
 .debug_macro   0x0000050b      0x160 ./Core/Src/initialise.o
 .debug_macro   0x0000066b      0x2a3 ./Core/Src/initialise.o
 .debug_macro   0x0000090e      0x43b ./Core/Src/main.o
 .debug_macro   0x00000d49       0x61 ./Core/Src/main.o
 .debug_macro   0x00000daa      0x1b5 ./Core/Src/serial.o
 .debug_macro   0x00000f5f       0x10 ./Core/Src/serial.o
 .debug_macro   0x00000f6f       0x20 ./Core/Src/serial.o
 .debug_macro   0x00000f8f       0x22 ./Core/Src/serial.o
 .debug_macro   0x00000fb1       0x10 ./Core/Src/serial.o
 .debug_macro   0x00000fc1      0x1f7 ./Core/Src/stm32f3xx_hal_msp.o
 .debug_macro   0x000011b8      0x201 ./Core/Src/stm32f3xx_it.o
 .debug_macro   0x000013b9       0xff ./Core/Src/sysmem.o
 .debug_macro   0x000014b8      0x23c ./Core/Src/sysmem.o
 .debug_macro   0x000016f4      0x1e8 ./Core/Src/system_stm32f3xx.o
 .debug_macro   0x000018dc      0x1a6 ./Core/Src/timers.o
 .debug_macro   0x00001a82      0x20c ./Drivers/STM32F3xx_HAL_Driver/Src/stm32f3xx_hal.o
 .debug_macro   0x00001c8e      0x1e8 ./Drivers/STM32F3xx_HAL_Driver/Src/stm32f3xx_hal_cortex.o
 .debug_macro   0x00001e76      0x1ef ./Drivers/STM32F3xx_HAL_Driver/Src/stm32f3xx_hal_gpio.o
 .debug_macro   0x00002065      0x2b4 ./Drivers/STM32F3xx_HAL_Driver/Src/stm32f3xx_hal_i2c.o
 .debug_macro   0x00002319      0x1e8 ./Drivers/STM32F3xx_HAL_Driver/Src/stm32f3xx_hal_i2c_ex.o
 .debug_macro   0x00002501      0x1f4 ./Drivers/STM32F3xx_HAL_Driver/Src/stm32f3xx_hal_pcd.o
 .debug_macro   0x000026f5      0x20c ./Drivers/STM32F3xx_HAL_Driver/Src/stm32f3xx_hal_rcc.o
 .debug_macro   0x00002901      0x1e8 ./Drivers/STM32F3xx_HAL_Driver/Src/stm32f3xx_hal_rcc_ex.o
 .debug_macro   0x00002ae9      0x1f0 ./Drivers/STM32F3xx_HAL_Driver/Src/stm32f3xx_hal_spi.o
 .debug_macro   0x00002cd9      0x1e8 ./Drivers/STM32F3xx_HAL_Driver/Src/stm32f3xx_ll_usb.o
 .debug_macro   0x00002ec1      0x3b1 C:\Users\quang\OneDrive - The University of Sydney (Students)\Year 2\Semester 1\MTRX2700\MTRX2700-2024\STMF3disco-BSP\Debug\libSTMF3disco-BSP.a(stm32f3_discovery_gyroscope.o)
 .debug_macro   0x00003272      0x1ed C:\Users\quang\OneDrive - The University of Sydney (Students)\Year 2\Semester 1\MTRX2700\MTRX2700-2024\STMF3disco-BSP\Debug\libSTMF3disco-BSP.a(stm32f3_discovery_gyroscope.o)
 .debug_macro   0x0000345f       0x2e C:\Users\quang\OneDrive - The University of Sydney (Students)\Year 2\Semester 1\MTRX2700\MTRX2700-2024\STMF3disco-BSP\Debug\libSTMF3disco-BSP.a(stm32f3_discovery_gyroscope.o)
 .debug_macro   0x0000348d       0x28 C:\Users\quang\OneDrive - The University of Sydney (Students)\Year 2\Semester 1\MTRX2700\MTRX2700-2024\STMF3disco-BSP\Debug\libSTMF3disco-BSP.a(stm32f3_discovery_gyroscope.o)
 .debug_macro   0x000034b5    0x12a3a C:\Users\quang\OneDrive - The University of Sydney (Students)\Year 2\Semester 1\MTRX2700\MTRX2700-2024\STMF3disco-BSP\Debug\libSTMF3disco-BSP.a(stm32f3_discovery_gyroscope.o)
 .debug_macro   0x00015eef       0x6d C:\Users\quang\OneDrive - The University of Sydney (Students)\Year 2\Semester 1\MTRX2700\MTRX2700-2024\STMF3disco-BSP\Debug\libSTMF3disco-BSP.a(stm32f3_discovery_gyroscope.o)
 .debug_macro   0x00015f5c     0x3540 C:\Users\quang\OneDrive - The University of Sydney (Students)\Year 2\Semester 1\MTRX2700\MTRX2700-2024\STMF3disco-BSP\Debug\libSTMF3disco-BSP.a(stm32f3_discovery_gyroscope.o)
 .debug_macro   0x0001949c       0x55 C:\Users\quang\OneDrive - The University of Sydney (Students)\Year 2\Semester 1\MTRX2700\MTRX2700-2024\STMF3disco-BSP\Debug\libSTMF3disco-BSP.a(stm32f3_discovery_gyroscope.o)
 .debug_macro   0x000194f1      0x962 C:\Users\quang\OneDrive - The University of Sydney (Students)\Year 2\Semester 1\MTRX2700\MTRX2700-2024\STMF3disco-BSP\Debug\libSTMF3disco-BSP.a(stm32f3_discovery_gyroscope.o)
 .debug_macro   0x00019e53      0x5fe C:\Users\quang\OneDrive - The University of Sydney (Students)\Year 2\Semester 1\MTRX2700\MTRX2700-2024\STMF3disco-BSP\Debug\libSTMF3disco-BSP.a(stm32f3_discovery_gyroscope.o)
 .debug_macro   0x0001a451      0x1b6 C:\Users\quang\OneDrive - The University of Sydney (Students)\Year 2\Semester 1\MTRX2700\MTRX2700-2024\STMF3disco-BSP\Debug\libSTMF3disco-BSP.a(stm32f3_discovery_gyroscope.o)
 .debug_macro   0x0001a607      0x1fb C:\Users\quang\OneDrive - The University of Sydney (Students)\Year 2\Semester 1\MTRX2700\MTRX2700-2024\STMF3disco-BSP\Debug\libSTMF3disco-BSP.a(stm32f3_discovery_gyroscope.o)
 .debug_macro   0x0001a802      0x1dc C:\Users\quang\OneDrive - The University of Sydney (Students)\Year 2\Semester 1\MTRX2700\MTRX2700-2024\STMF3disco-BSP\Debug\libSTMF3disco-BSP.a(stm32f3_discovery_gyroscope.o)
 .debug_macro   0x0001a9de      0x1bc C:\Users\quang\OneDrive - The University of Sydney (Students)\Year 2\Semester 1\MTRX2700\MTRX2700-2024\STMF3disco-BSP\Debug\libSTMF3disco-BSP.a(stm32f3_discovery_gyroscope.o)
 .debug_macro   0x0001ab9a       0x30 C:\Users\quang\OneDrive - The University of Sydney (Students)\Year 2\Semester 1\MTRX2700\MTRX2700-2024\STMF3disco-BSP\Debug\libSTMF3disco-BSP.a(stm32f3_discovery_gyroscope.o)
 .debug_macro   0x0001abca       0x3c C:\Users\quang\OneDrive - The University of Sydney (Students)\Year 2\Semester 1\MTRX2700\MTRX2700-2024\STMF3disco-BSP\Debug\libSTMF3disco-BSP.a(stm32f3_discovery_gyroscope.o)
 .debug_macro   0x0001ac06      0x236 C:\Users\quang\OneDrive - The University of Sydney (Students)\Year 2\Semester 1\MTRX2700\MTRX2700-2024\STMF3disco-BSP\Debug\libSTMF3disco-BSP.a(stm32f3_discovery_gyroscope.o)
 .debug_macro   0x0001ae3c      0x9b1 C:\Users\quang\OneDrive - The University of Sydney (Students)\Year 2\Semester 1\MTRX2700\MTRX2700-2024\STMF3disco-BSP\Debug\libSTMF3disco-BSP.a(stm32f3_discovery_gyroscope.o)
 .debug_macro   0x0001b7ed       0x77 C:\Users\quang\OneDrive - The University of Sydney (Students)\Year 2\Semester 1\MTRX2700\MTRX2700-2024\STMF3disco-BSP\Debug\libSTMF3disco-BSP.a(stm32f3_discovery_gyroscope.o)
 .debug_macro   0x0001b864      0x408 C:\Users\quang\OneDrive - The University of Sydney (Students)\Year 2\Semester 1\MTRX2700\MTRX2700-2024\STMF3disco-BSP\Debug\libSTMF3disco-BSP.a(stm32f3_discovery_gyroscope.o)
 .debug_macro   0x0001bc6c       0x73 C:\Users\quang\OneDrive - The University of Sydney (Students)\Year 2\Semester 1\MTRX2700\MTRX2700-2024\STMF3disco-BSP\Debug\libSTMF3disco-BSP.a(stm32f3_discovery_gyroscope.o)
 .debug_macro   0x0001bcdf      0x58d C:\Users\quang\OneDrive - The University of Sydney (Students)\Year 2\Semester 1\MTRX2700\MTRX2700-2024\STMF3disco-BSP\Debug\libSTMF3disco-BSP.a(stm32f3_discovery_gyroscope.o)
 .debug_macro   0x0001c26c       0x12 C:\Users\quang\OneDrive - The University of Sydney (Students)\Year 2\Semester 1\MTRX2700\MTRX2700-2024\STMF3disco-BSP\Debug\libSTMF3disco-BSP.a(stm32f3_discovery_gyroscope.o)
 .debug_macro   0x0001c27e       0xc7 C:\Users\quang\OneDrive - The University of Sydney (Students)\Year 2\Semester 1\MTRX2700\MTRX2700-2024\STMF3disco-BSP\Debug\libSTMF3disco-BSP.a(stm32f3_discovery_gyroscope.o)
 .debug_macro   0x0001c345       0x4c C:\Users\quang\OneDrive - The University of Sydney (Students)\Year 2\Semester 1\MTRX2700\MTRX2700-2024\STMF3disco-BSP\Debug\libSTMF3disco-BSP.a(stm32f3_discovery_gyroscope.o)
 .debug_macro   0x0001c391      0x176 C:\Users\quang\OneDrive - The University of Sydney (Students)\Year 2\Semester 1\MTRX2700\MTRX2700-2024\STMF3disco-BSP\Debug\libSTMF3disco-BSP.a(stm32f3_discovery_gyroscope.o)
 .debug_macro   0x0001c507       0x61 C:\Users\quang\OneDrive - The University of Sydney (Students)\Year 2\Semester 1\MTRX2700\MTRX2700-2024\STMF3disco-BSP\Debug\libSTMF3disco-BSP.a(stm32f3_discovery_gyroscope.o)
 .debug_macro   0x0001c568       0xc5 C:\Users\quang\OneDrive - The University of Sydney (Students)\Year 2\Semester 1\MTRX2700\MTRX2700-2024\STMF3disco-BSP\Debug\libSTMF3disco-BSP.a(stm32f3_discovery_gyroscope.o)
 .debug_macro   0x0001c62d      0x21d C:\Users\quang\OneDrive - The University of Sydney (Students)\Year 2\Semester 1\MTRX2700\MTRX2700-2024\STMF3disco-BSP\Debug\libSTMF3disco-BSP.a(stm32f3_discovery_gyroscope.o)
 .debug_macro   0x0001c84a      0x22c C:\Users\quang\OneDrive - The University of Sydney (Students)\Year 2\Semester 1\MTRX2700\MTRX2700-2024\STMF3disco-BSP\Debug\libSTMF3disco-BSP.a(stm32f3_discovery_gyroscope.o)
 .debug_macro   0x0001ca76       0x5b C:\Users\quang\OneDrive - The University of Sydney (Students)\Year 2\Semester 1\MTRX2700\MTRX2700-2024\STMF3disco-BSP\Debug\libSTMF3disco-BSP.a(stm32f3_discovery_gyroscope.o)
 .debug_macro   0x0001cad1       0xa5 C:\Users\quang\OneDrive - The University of Sydney (Students)\Year 2\Semester 1\MTRX2700\MTRX2700-2024\STMF3disco-BSP\Debug\libSTMF3disco-BSP.a(stm32f3_discovery_gyroscope.o)
 .debug_macro   0x0001cb76      0x1a7 C:\Users\quang\OneDrive - The University of Sydney (Students)\Year 2\Semester 1\MTRX2700\MTRX2700-2024\STMF3disco-BSP\Debug\libSTMF3disco-BSP.a(stm32f3_discovery_gyroscope.o)
 .debug_macro   0x0001cd1d       0x46 C:\Users\quang\OneDrive - The University of Sydney (Students)\Year 2\Semester 1\MTRX2700\MTRX2700-2024\STMF3disco-BSP\Debug\libSTMF3disco-BSP.a(stm32f3_discovery_gyroscope.o)
 .debug_macro   0x0001cd63       0x4a C:\Users\quang\OneDrive - The University of Sydney (Students)\Year 2\Semester 1\MTRX2700\MTRX2700-2024\STMF3disco-BSP\Debug\libSTMF3disco-BSP.a(stm32f3_discovery_gyroscope.o)
 .debug_macro   0x0001cdad      0x2b8 C:\Users\quang\OneDrive - The University of Sydney (Students)\Year 2\Semester 1\MTRX2700\MTRX2700-2024\STMF3disco-BSP\Debug\libSTMF3disco-BSP.a(stm32f3_discovery_gyroscope.o)
 .debug_macro   0x0001d065       0x2a C:\Users\quang\OneDrive - The University of Sydney (Students)\Year 2\Semester 1\MTRX2700\MTRX2700-2024\STMF3disco-BSP\Debug\libSTMF3disco-BSP.a(stm32f3_discovery_gyroscope.o)
 .debug_macro   0x0001d08f       0x85 C:\Users\quang\OneDrive - The University of Sydney (Students)\Year 2\Semester 1\MTRX2700\MTRX2700-2024\STMF3disco-BSP\Debug\libSTMF3disco-BSP.a(stm32f3_discovery_gyroscope.o)
 .debug_macro   0x0001d114      0x17d C:\Users\quang\OneDrive - The University of Sydney (Students)\Year 2\Semester 1\MTRX2700\MTRX2700-2024\STMF3disco-BSP\Debug\libSTMF3disco-BSP.a(stm32f3_discovery_gyroscope.o)
 .debug_macro   0x0001d291       0x65 C:\Users\quang\OneDrive - The University of Sydney (Students)\Year 2\Semester 1\MTRX2700\MTRX2700-2024\STMF3disco-BSP\Debug\libSTMF3disco-BSP.a(stm32f3_discovery_gyroscope.o)
 .debug_macro   0x0001d2f6      0x249 C:\Users\quang\OneDrive - The University of Sydney (Students)\Year 2\Semester 1\MTRX2700\MTRX2700-2024\STMF3disco-BSP\Debug\libSTMF3disco-BSP.a(stm32f3_discovery_gyroscope.o)
 .debug_macro   0x0001d53f       0x81 C:\Users\quang\OneDrive - The University of Sydney (Students)\Year 2\Semester 1\MTRX2700\MTRX2700-2024\STMF3disco-BSP\Debug\libSTMF3disco-BSP.a(stm32f3_discovery_gyroscope.o)
 .debug_macro   0x0001d5c0       0xd3 C:\Users\quang\OneDrive - The University of Sydney (Students)\Year 2\Semester 1\MTRX2700\MTRX2700-2024\STMF3disco-BSP\Debug\libSTMF3disco-BSP.a(stm32f3_discovery_gyroscope.o)
 .debug_macro   0x0001d693      0x30c C:\Users\quang\OneDrive - The University of Sydney (Students)\Year 2\Semester 1\MTRX2700\MTRX2700-2024\STMF3disco-BSP\Debug\libSTMF3disco-BSP.a(stm32f3_discovery_gyroscope.o)
 .debug_macro   0x0001d99f      0x3df C:\Users\quang\OneDrive - The University of Sydney (Students)\Year 2\Semester 1\MTRX2700\MTRX2700-2024\STMF3disco-BSP\Debug\libSTMF3disco-BSP.a(stm32f3_discovery_gyroscope.o)
 .debug_macro   0x0001dd7e       0xeb C:\Users\quang\OneDrive - The University of Sydney (Students)\Year 2\Semester 1\MTRX2700\MTRX2700-2024\STMF3disco-BSP\Debug\libSTMF3disco-BSP.a(stm32f3_discovery_gyroscope.o)
 .debug_macro   0x0001de69      0x2b8 C:\Users\quang\OneDrive - The University of Sydney (Students)\Year 2\Semester 1\MTRX2700\MTRX2700-2024\STMF3disco-BSP\Debug\libSTMF3disco-BSP.a(stm32f3_discovery_gyroscope.o)
 .debug_macro   0x0001e121      0x11e C:\Users\quang\OneDrive - The University of Sydney (Students)\Year 2\Semester 1\MTRX2700\MTRX2700-2024\STMF3disco-BSP\Debug\libSTMF3disco-BSP.a(stm32f3_discovery_gyroscope.o)
 .debug_macro   0x0001e23f      0x35a C:\Users\quang\OneDrive - The University of Sydney (Students)\Year 2\Semester 1\MTRX2700\MTRX2700-2024\STMF3disco-BSP\Debug\libSTMF3disco-BSP.a(stm32f3_discovery_gyroscope.o)
 .debug_macro   0x0001e599      0x2fe C:\Users\quang\OneDrive - The University of Sydney (Students)\Year 2\Semester 1\MTRX2700\MTRX2700-2024\STMF3disco-BSP\Debug\libSTMF3disco-BSP.a(stm32f3_discovery_gyroscope.o)
 .debug_macro   0x0001e897      0xa3d C:\Users\quang\OneDrive - The University of Sydney (Students)\Year 2\Semester 1\MTRX2700\MTRX2700-2024\STMF3disco-BSP\Debug\libSTMF3disco-BSP.a(stm32f3_discovery_gyroscope.o)
 .debug_macro   0x0001f2d4       0x89 C:\Users\quang\OneDrive - The University of Sydney (Students)\Year 2\Semester 1\MTRX2700\MTRX2700-2024\STMF3disco-BSP\Debug\libSTMF3disco-BSP.a(stm32f3_discovery_gyroscope.o)
 .debug_macro   0x0001f35d      0x3d7 C:\Users\quang\OneDrive - The University of Sydney (Students)\Year 2\Semester 1\MTRX2700\MTRX2700-2024\STMF3disco-BSP\Debug\libSTMF3disco-BSP.a(stm32f3_discovery_gyroscope.o)
 .debug_macro   0x0001f734      0x5a5 C:\Users\quang\OneDrive - The University of Sydney (Students)\Year 2\Semester 1\MTRX2700\MTRX2700-2024\STMF3disco-BSP\Debug\libSTMF3disco-BSP.a(stm32f3_discovery_gyroscope.o)
 .debug_macro   0x0001fcd9       0x3e C:\Users\quang\OneDrive - The University of Sydney (Students)\Year 2\Semester 1\MTRX2700\MTRX2700-2024\STMF3disco-BSP\Debug\libSTMF3disco-BSP.a(stm32f3_discovery_gyroscope.o)
 .debug_macro   0x0001fd17      0x295 C:\Users\quang\OneDrive - The University of Sydney (Students)\Year 2\Semester 1\MTRX2700\MTRX2700-2024\STMF3disco-BSP\Debug\libSTMF3disco-BSP.a(stm32f3_discovery_gyroscope.o)
 .debug_macro   0x0001ffac       0x2a C:\Users\quang\OneDrive - The University of Sydney (Students)\Year 2\Semester 1\MTRX2700\MTRX2700-2024\STMF3disco-BSP\Debug\libSTMF3disco-BSP.a(stm32f3_discovery_gyroscope.o)
 .debug_macro   0x0001ffd6       0x8d C:\Users\quang\OneDrive - The University of Sydney (Students)\Year 2\Semester 1\MTRX2700\MTRX2700-2024\STMF3disco-BSP\Debug\libSTMF3disco-BSP.a(stm32f3_discovery_gyroscope.o)
 .debug_macro   0x00020063      0x275 C:\Users\quang\OneDrive - The University of Sydney (Students)\Year 2\Semester 1\MTRX2700\MTRX2700-2024\STMF3disco-BSP\Debug\libSTMF3disco-BSP.a(stm32f3_discovery_gyroscope.o)
 .debug_macro   0x000202d8       0x7c C:\Users\quang\OneDrive - The University of Sydney (Students)\Year 2\Semester 1\MTRX2700\MTRX2700-2024\STMF3disco-BSP\Debug\libSTMF3disco-BSP.a(i3g4250d.o)
 .debug_macro   0x00020354       0x7c C:\Users\quang\OneDrive - The University of Sydney (Students)\Year 2\Semester 1\MTRX2700\MTRX2700-2024\STMF3disco-BSP\Debug\libSTMF3disco-BSP.a(l3gd20.o)
 .debug_macro   0x000203d0      0x399 C:\Users\quang\OneDrive - The University of Sydney (Students)\Year 2\Semester 1\MTRX2700\MTRX2700-2024\STMF3disco-BSP\Debug\libSTMF3disco-BSP.a(stm32f3_discovery.o)

.debug_line     0x00000000    0x13eb6
 .debug_line    0x00000000      0xc54 ./Core/Src/initialise.o
 .debug_line    0x00000c54      0xd0b ./Core/Src/main.o
 .debug_line    0x0000195f      0x964 ./Core/Src/serial.o
 .debug_line    0x000022c3      0x876 ./Core/Src/stm32f3xx_hal_msp.o
 .debug_line    0x00002b39      0x850 ./Core/Src/stm32f3xx_it.o
 .debug_line    0x00003389      0x583 ./Core/Src/sysmem.o
 .debug_line    0x0000390c      0x807 ./Core/Src/system_stm32f3xx.o
 .debug_line    0x00004113      0x7b4 ./Core/Src/timers.o
 .debug_line    0x000048c7       0x7a ./Core/Startup/startup_stm32f303vctx.o
 .debug_line    0x00004941      0xa3f ./Drivers/STM32F3xx_HAL_Driver/Src/stm32f3xx_hal.o
 .debug_line    0x00005380      0xd02 ./Drivers/STM32F3xx_HAL_Driver/Src/stm32f3xx_hal_cortex.o
 .debug_line    0x00006082      0xbb6 ./Drivers/STM32F3xx_HAL_Driver/Src/stm32f3xx_hal_gpio.o
 .debug_line    0x00006c38     0x38b5 ./Drivers/STM32F3xx_HAL_Driver/Src/stm32f3xx_hal_i2c.o
 .debug_line    0x0000a4ed      0x9ab ./Drivers/STM32F3xx_HAL_Driver/Src/stm32f3xx_hal_i2c_ex.o
 .debug_line    0x0000ae98     0x13aa ./Drivers/STM32F3xx_HAL_Driver/Src/stm32f3xx_hal_pcd.o
 .debug_line    0x0000c242     0x1413 ./Drivers/STM32F3xx_HAL_Driver/Src/stm32f3xx_hal_rcc.o
 .debug_line    0x0000d655      0xdb7 ./Drivers/STM32F3xx_HAL_Driver/Src/stm32f3xx_hal_rcc_ex.o
 .debug_line    0x0000e40c     0x2037 ./Drivers/STM32F3xx_HAL_Driver/Src/stm32f3xx_hal_spi.o
 .debug_line    0x00010443     0x104e ./Drivers/STM32F3xx_HAL_Driver/Src/stm32f3xx_ll_usb.o
 .debug_line    0x00011491      0xd91 C:\Users\quang\OneDrive - The University of Sydney (Students)\Year 2\Semester 1\MTRX2700\MTRX2700-2024\STMF3disco-BSP\Debug\libSTMF3disco-BSP.a(stm32f3_discovery_gyroscope.o)
 .debug_line    0x00012222      0x6d1 C:\Users\quang\OneDrive - The University of Sydney (Students)\Year 2\Semester 1\MTRX2700\MTRX2700-2024\STMF3disco-BSP\Debug\libSTMF3disco-BSP.a(i3g4250d.o)
 .debug_line    0x000128f3      0x6c9 C:\Users\quang\OneDrive - The University of Sydney (Students)\Year 2\Semester 1\MTRX2700\MTRX2700-2024\STMF3disco-BSP\Debug\libSTMF3disco-BSP.a(l3gd20.o)
 .debug_line    0x00012fbc      0xefa C:\Users\quang\OneDrive - The University of Sydney (Students)\Year 2\Semester 1\MTRX2700\MTRX2700-2024\STMF3disco-BSP\Debug\libSTMF3disco-BSP.a(stm32f3_discovery.o)

.debug_str      0x00000000    0xe6986
 .debug_str     0x00000000    0xaadde ./Core/Src/initialise.o
                              0xab5ac (size before relaxing)
 .debug_str     0x000aadde     0x42b4 ./Core/Src/main.o
                              0xae9a3 (size before relaxing)
 .debug_str     0x000af092      0x387 ./Core/Src/serial.o
                              0x75b91 (size before relaxing)
 .debug_str     0x000af419       0xce ./Core/Src/stm32f3xx_hal_msp.o
                              0xa8a47 (size before relaxing)
 .debug_str     0x000af4e7       0xc9 ./Core/Src/stm32f3xx_it.o
                              0xa7f9b (size before relaxing)
 .debug_str     0x000af5b0      0x4dc ./Core/Src/sysmem.o
                               0x60d2 (size before relaxing)
 .debug_str     0x000afa8c       0xdf ./Core/Src/system_stm32f3xx.o
                              0xa7b11 (size before relaxing)
 .debug_str     0x000afb6b      0x3c1 ./Core/Src/timers.o
                              0x762f0 (size before relaxing)
 .debug_str     0x000aff2c       0x44 ./Core/Startup/startup_stm32f303vctx.o
                                 0x85 (size before relaxing)
 .debug_str     0x000aff70      0x38f ./Drivers/STM32F3xx_HAL_Driver/Src/stm32f3xx_hal.o
                              0xa834f (size before relaxing)
 .debug_str     0x000b02ff      0x305 ./Drivers/STM32F3xx_HAL_Driver/Src/stm32f3xx_hal_cortex.o
                              0xa83a1 (size before relaxing)
 .debug_str     0x000b0604      0x130 ./Drivers/STM32F3xx_HAL_Driver/Src/stm32f3xx_hal_gpio.o
                              0xa7c7e (size before relaxing)
 .debug_str     0x000b0734      0xe4f ./Drivers/STM32F3xx_HAL_Driver/Src/stm32f3xx_hal_i2c.o
                              0xa8e14 (size before relaxing)
 .debug_str     0x000b1583       0xb8 ./Drivers/STM32F3xx_HAL_Driver/Src/stm32f3xx_hal_i2c_ex.o
                              0xa8032 (size before relaxing)
 .debug_str     0x000b163b      0x4f7 ./Drivers/STM32F3xx_HAL_Driver/Src/stm32f3xx_hal_pcd.o
                              0xa8326 (size before relaxing)
 .debug_str     0x000b1b32      0x2c6 ./Drivers/STM32F3xx_HAL_Driver/Src/stm32f3xx_hal_rcc.o
                              0xa7fb1 (size before relaxing)
 .debug_str     0x000b1df8       0xbe ./Drivers/STM32F3xx_HAL_Driver/Src/stm32f3xx_hal_rcc_ex.o
                              0xa7d75 (size before relaxing)
 .debug_str     0x000b1eb6      0x574 ./Drivers/STM32F3xx_HAL_Driver/Src/stm32f3xx_hal_spi.o
                              0xa8437 (size before relaxing)
 .debug_str     0x000b242a       0xd8 ./Drivers/STM32F3xx_HAL_Driver/Src/stm32f3xx_ll_usb.o
                              0xa7e7b (size before relaxing)
 .debug_str     0x000b2502    0x33d91 C:\Users\quang\OneDrive - The University of Sydney (Students)\Year 2\Semester 1\MTRX2700\MTRX2700-2024\STMF3disco-BSP\Debug\libSTMF3disco-BSP.a(stm32f3_discovery_gyroscope.o)
                              0xdd4a5 (size before relaxing)
 .debug_str     0x000e6293      0x19a C:\Users\quang\OneDrive - The University of Sydney (Students)\Year 2\Semester 1\MTRX2700\MTRX2700-2024\STMF3disco-BSP\Debug\libSTMF3disco-BSP.a(i3g4250d.o)
                               0x4a7c (size before relaxing)
 .debug_str     0x000e642d       0xec C:\Users\quang\OneDrive - The University of Sydney (Students)\Year 2\Semester 1\MTRX2700\MTRX2700-2024\STMF3disco-BSP\Debug\libSTMF3disco-BSP.a(l3gd20.o)
                               0x49de (size before relaxing)