/Users/jaydenwu/Documents/GitHub/MTRX2700-2024/stm32f303-definitions/Core/Inc/core_cm4.h:1688:22:__NVIC_EnableIRQ	16	static
/Users/jaydenwu/Documents/GitHub/MTRX2700-2024/stm32f303-definitions/Core/Inc/core_cm4.h:1816:22:__NVIC_SetPriority	16	static
../Src/main.c:23:5:main	8	static
../Src/main.c:32:6:enable_clocks	4	static
../Src/main.c:38:6:initialise_board	16	static
../Src/main.c:44:6:timer_init	16	static
../Src/main.c:56:6:one_shot_init	16	static
../Src/main.c:61:6:TIM2_IRQHandler	8	static
../Src/main.c:80:10:get_timer_period	4	static
../Src/main.c:84:6:stop_leds	8	static
../Src/main.c:89:6:stop_timer	4	static
../Src/main.c:95:6:set_timer_period	16	static
../Src/main.c:100:6:reset_timer	4	static
../Src/main.c:106:6:leds	4	static
