../Core/Src/main.c:88:5:main	88	static
../Core/Src/main.c:191:6:SystemClock_Config	128	static
../Core/Src/main.c:242:13:MX_ADC1_Init	48	static
../Core/Src/main.c:308:13:MX_ADC2_Init	32	static
../Core/Src/main.c:365:13:MX_I2C1_Init	8	static
../Core/Src/main.c:413:13:MX_SPI1_Init	8	static
../Core/Src/main.c:453:13:MX_TIM2_Init	64	static
../Core/Src/main.c:516:13:MX_USB_PCD_Init	8	static
../Core/Src/main.c:547:13:MX_GPIO_Init	48	static
../Core/Src/main.c:602:6:Error_Handler	4	static,ignoring_inline_asm
