../Drivers/CMSIS/Include/core_cm4.h:1676:26:__NVIC_GetPriorityGrouping	4	static
../Drivers/CMSIS/Include/core_cm4.h:1688:22:__NVIC_EnableIRQ	16	static
../Drivers/CMSIS/Include/core_cm4.h:1816:22:__NVIC_SetPriority	16	static
../Core/Src/timers.c:13:6:enable_interrupt	32	static,ignoring_inline_asm
../Core/Src/timers.c:32:6:TIM2_IRQHandler	8	static
../Core/Src/timers.c:41:6:timer_initialise	16	static
../Core/Src/timers.c:75:6:TIM3_IRQHandler	8	static
../Core/Src/timers.c:90:6:trigger_oneshot	16	static
